         w __deregister_frame_info
         w __register_frame_info
         w userAppExit
         w userAppInit
00000000 00000802 B __ctru_dev_utf16_buf
00000000 a shift
00000000 a shift
00000000 A __sync_synchronize
00000000 b _TLS_MODULE_BASE_
00000804 00000401 B __ctru_dev_path_buf
00100000 A __start__
00100000 T _start
00100008 T __service_ptr
0010000c T __apt_appid
00100010 T __heap_size
00100014 T __linear_heap_size
00100018 T __system_arglist
0010001c T __system_runflags
00100020 t startup
00100058 t ClearMem
0010006c t ClrLoop
00100094 T _init
001000ac T __aeabi_uidiv
001000ac 000001ec T __udivsi3
001000ac t .udivsi3_skip_div0_test
00100298 00000020 T __aeabi_uidivmod
001002b8 T __aeabi_idiv
001002b8 00000220 T __divsi3
001002c0 t .divsi3_skip_div0_test
001004d8 00000020 T __aeabi_idivmod
001004f8 00000004 W __aeabi_idiv0
001004f8 00000004 W __aeabi_ldiv0
001004fc T __aeabi_drsub
00100504 000002b0 T __aeabi_dsub
00100504 000002b0 T __subdf3
00100508 000002ac T __adddf3
00100508 000002ac T __aeabi_dadd
001007b4 00000024 T __aeabi_ui2d
001007b4 00000024 T __floatunsidf
001007d8 00000028 T __aeabi_i2d
001007d8 00000028 T __floatsidf
00100800 00000048 T __aeabi_f2d
00100800 00000048 T __extendsfdf2
00100848 00000074 T __aeabi_ul2d
00100848 00000074 T __floatundidf
0010085c 00000060 T __aeabi_l2d
0010085c 00000060 T __floatdidf
001008bc T __aeabi_ldivmod
00100990 T __aeabi_uldivmod
001009e8 00000390 T strcmp
00100d70 t __do_global_dtors_aux
00100dc0 t frame_dummy
00100df0 000004ac T main
0010129c 00000044 t C2Di_FrameEndHook
001012e0 0000036c T C2D_Init
0010164c 0000004c T C2D_Fini
00101698 000000b8 T C2D_Prepare
00101750 00000048 T C2D_Flush
00101798 00000104 T C2D_SceneSize
0010189c 00000058 T C2D_CreateScreenTarget
001018f4 00000064 T C2D_TargetClear
00101958 0000013c T C2Di_CalcQuad
00101a94 00000058 T C2Di_AppendQuad
00101aec 00000550 T C2Di_Update
0010203c 000002b0 T C2D_DrawImage
001022ec 0000006c T C2D_SpriteSheetLoadFromHandle
00102358 00000048 T C2D_SpriteSheetLoad
001023a0 00000028 T C2D_SpriteSheetFree
001023c8 00000008 T C2D_SpriteSheetCount
001023d0 0000002c T C2D_SpriteSheetGetImage
001023fc 00000028 T AttrInfo_Init
00102424 00000094 T AttrInfo_AddLoader
001024b8 00000054 T C3D_SetAttrInfo
0010250c 00000080 T C3Di_AttrInfoBind
0010258c 00000004 W C3Di_LightEnvUpdate
00102590 00000004 W C3Di_LightEnvDirty
00102594 000000b4 t C3Di_AptEventHook
00102648 00000004 W C3Di_GasUpdate
0010264c 000001d0 T C3D_Init
0010281c 00000098 T C3D_SetViewport
001028b4 000004e8 T C3Di_UpdateContext
00102d9c 000000e0 T C3Di_SplitFrame
00102e7c 00000010 T C3D_GetCmdBufUsage
00102e8c 00000044 T C3D_Fini
00102ed0 00000194 T C3D_BindProgram
00103064 00000024 T BufInfo_Init
00103088 00000080 T BufInfo_Add
00103108 0000003c T C3D_SetBufInfo
00103144 00000048 T C3Di_BufInfoBind
0010318c 0000021c T C3D_DrawElements
001033a8 00000040 T C3D_DepthMap
001033e8 0000001c T C3D_CullFace
00103404 00000040 T C3D_StencilTest
00103444 00000024 T C3D_StencilOp
00103468 0000001c T C3D_BlendingColor
00103484 00000024 T C3D_EarlyDepthTest
001034a8 0000002c T C3D_DepthTest
001034d4 0000002c T C3D_AlphaTest
00103500 00000050 T C3D_AlphaBlend
00103550 00000030 T C3D_FragOpMode
00103580 00000044 T C3D_FragOpShadow
001035c4 000001ac T C3Di_EffectBind
00103770 0000001c T C3D_CalcColorBufSize
0010378c 0000001c T C3D_CalcDepthBufSize
001037a8 00000044 T C3D_SetFrameBuf
001037ec 0000016c T C3Di_FrameBufBind
00103958 000000c8 T C3D_FrameBufClear
00103a20 00000044 T C3D_FrameBufTransfer
00103a64 000000a8 T C3D_ImmSendAttrib
00103b0c 00000070 T C3D_ProcTexInit
00103b7c 00000054 T C3D_ProcTexBind
00103bd0 0000005c T C3D_ProcTexLutBind
00103c2c 000000a4 T ProcTexLut_FromArray
00103cd0 00000178 T C3Di_ProcTexUpdate
00103e48 00000068 T C3Di_ProcTexDirty
00103eb0 0000004c t onVBlank0
00103efc 0000004c t onVBlank1
00103f48 00000080 t C3Di_RenderTargetDestroy
00103fc8 000000f4 t onQueueFinish
001040bc 00000038 T C3Di_RenderQueueEnableVBlank
001040f4 00000030 T C3Di_RenderQueueDisableVBlank
00104124 00000060 T C3Di_RenderQueueInit
00104184 000000b4 T C3Di_RenderQueueExit
00104238 00000034 T C3Di_RenderQueueWaitDone
0010426c 000000e8 T C3D_FrameBegin
00104354 00000048 T C3D_FrameDrawOn
0010439c 00000058 T C3D_FrameSplit
001043f4 000001d0 T C3D_FrameEnd
001045c4 0000001c T C3D_FrameEndHook
001045e0 00000018 T C3D_GetDrawingTime
001045f8 00000018 T C3D_GetProcessingTime
00104610 00000170 T C3D_RenderTargetCreate
00104780 000000a8 T C3D_RenderTargetSetOutput
00104828 000000fc T C3D_SyncTextureCopy
00104924 000003d8 t Tex3DSi_ImportCommon
00104cfc 00000038 T Tex3DS_TextureImportStdio
00104d34 00000008 T Tex3DS_GetNumSubTextures
00104d3c 0000001c T Tex3DS_GetSubTexture
00104d58 00000004 T Tex3DS_TextureFree
00104d5c 00000034 T C3D_GetTexEnv
00104d90 00000024 T C3Di_TexEnvBind
00104db4 00000290 T C3D_TexInitWithParams
00105044 000000c8 T C3D_TexLoadImage
0010510c 00000044 T C3D_TexBind
00105150 00000074 T C3D_TexDelete
001051c4 0000014c T C3Di_SetTex
00105310 00000290 T C3D_UpdateUniforms
001055a0 000000c0 T C3Di_DirtyUniforms
00105660 000000d8 T C3Di_LoadShaderUniforms
00105738 00000028 T C3Di_ClearShaderUniforms
00105760 000000cc T Mtx_Ortho
0010582c 000000cc T Mtx_OrthoTilt
001058f8 00000024 t addrMapNodeComparator(rbtree_node const*, rbtree_node const*)
0010591c 00000004 t addrMapNodeDestructor(rbtree_node*)
00105920 0000012c T linearMemAlign
00105a4c 00000008 T linearAlloc
00105a54 0000005c T linearFree
00105ab0 00000088 T MemPool::CoalesceRight(MemBlock*)
00105b38 00000178 T MemPool::Allocate(MemChunk&, unsigned long, int)
00105cb0 00000118 T MemPool::Deallocate(MemChunk const&)
00105dc8 00000030 T MemPool::GetFreeSpace()
00105df8 00000024 t addrMapNodeComparator(rbtree_node const*, rbtree_node const*)
00105e1c 00000004 t addrMapNodeDestructor(rbtree_node*)
00105e20 00000248 T vramMemAlignAt
00106068 0000000c T vramAlloc
00106074 0000000c T vramAllocAt
00106080 00000094 T vramFree
00106114 000001c8 T consoleDrawChar
001062dc 00000170 T consolePrintChar
0010644c 00000cc8 T con_write
00107114 000000fc t newRow
00107210 00000180 T consoleInit
00107390 000000cc t gfxPresentFramebuffer
0010745c 0000001c T gfxIsWide
00107478 000000f8 T gfxSetScreenFormat
00107570 00000010 T gfxSetDoubleBuffering
00107580 000000d8 T gfxInit
00107658 00000010 T gfxInitDefault
00107668 000000b8 T gfxExit
00107720 000000a0 T gfxGetFramebuffer
001077c0 00000100 T gfxFlushBuffers
001078c0 00000028 T gfxScreenSwapBuffers
001078e8 00000050 T gfxSwapBuffersGpu
00107938 00000074 T osConvertVirtToPhys
001079ac 00000054 T osGetTimeRef
00107a00 000000ec T osGetTime
00107af0 00000038 T osTickCounterRead
00107b28 00000034 T __ctru_speedup_config
00107b5c 00000008 t romfs_close
00107b64 000000ac t romfs_seek
00107c10 00000024 t romfs_dirreset
00107c34 000000c0 t fill_dir
00107cf4 000002ac t romfs_dirnext
00107fa0 00000074 t romfs_free
00108014 000000d0 t searchForFile.constprop.0
001080e4 000000d4 t searchForDir.constprop.0
001081b8 000001c0 t navigateToDir.constprop.0
00108378 00000114 t romfs_open
0010848c 0000004c t romfs_chdir
001084d8 00000068 t romfs_diropen
00108540 00000178 t romfs_stat
001086b8 00000008 t romfs_dirclose
001086c0 0000007c t romfs_fstat
0010873c 000000d0 t romfs_read
0010880c 00000294 T romfsMountFromFile
00108aa0 00000098 T romfsMountFromCurrentProcess
00108b38 00000258 T romfsMountSelf
00108d90 000000a0 T romfsUnmount
00108e30 0000013c T GPUCMD_Add
00108f6c 000000b0 T GPUCMD_Split
0010901c 00000034 T f32tof16
00109050 00000034 T f32tof24
00109084 00000038 T f32tof31
001090bc 00000010 T GX_BindQueue
001090cc 0000007c T GX_ProcessCommandList
00109148 00000074 T GX_MemoryFill
001091bc 00000074 T GX_DisplayTransfer
00109230 00000078 T GX_TextureCopy
001092a8 00000064 t gxCmdQueueDoCommands.part.0
0010930c 000000e4 T gxCmdQueueInterrupt
001093f0 00000068 T gxCmdQueueClear
00109458 00000108 T gxCmdQueueAdd
00109560 00000080 T gxCmdQueueRun
001095e0 00000064 T gxCmdQueueStop
00109644 000000ac T gxCmdQueueWait
001096f0 000001e0 T shaderInstanceInit
001098d0 00000018 T shaderInstanceGetUniformLocation
001098e8 0000001c T shaderProgramInit
00109904 00000074 T shaderProgramFree
00109978 00000094 T shaderProgramSetVsh
00109a0c 000008d0 T shaderProgramConfigure
0010a2dc 000001dc t DVLE_GenerateOutmap.part.0
0010a4b8 000001ac T DVLB_ParseFile
0010a664 00000050 T DVLB_Free
0010a6b4 00000074 T DVLE_GetUniformRegister
0010a728 00000180 t aptConvertScreenForCapture
0010a8a8 00000008 W aptDspSleep
0010a8b0 00000004 W aptDspWakeup
0010a8b4 00000004 W aptDspCancel
0010a8b8 00000138 T aptSendCommand
0010a9f0 00000044 t aptExitProcess
0010aa34 00000394 T aptExit
0010adc8 000000d8 T aptHandleSleep
0010aea0 00000034 T aptHook
0010aed4 00000030 T aptUnhook
0010af04 00000084 T APT_SleepIfShellClosed
0010af88 00000078 T aptSetSleepAllowed
0010b000 00000084 T APT_UnlockTransition
0010b088 00000470 t aptEventHandler
0010b4f8 000000bc T APT_ReceiveParameter
0010b5b4 000000b0 t aptReceiveParameter.constprop.0
0010b668 00000294 t aptScreenTransfer
0010b8fc 000002d0 t aptWaitForWakeUp.isra.0
0010bbcc 000000f4 T aptJumpToHomeMenu
0010bcc0 00000058 T aptMainLoop
0010bd18 00000240 T aptInit
0010bf58 00000090 T APT_CheckNew3DS
0010bfe8 00000104 T fsInit
0010c0ec 0000003c T fsExit
0010c128 00000068 T fsExemptFromSession
0010c190 00000050 T fsUnexemptFromSession
0010c1e0 000000cc T FSUSER_OpenFile
0010c2ac 000000cc T FSUSER_OpenFileDirectly
0010c378 000000b8 T FSUSER_DeleteFile
0010c430 000000f4 T FSUSER_RenameFile
0010c524 000000b8 T FSUSER_DeleteDirectory
0010c5dc 000000d0 T FSUSER_CreateFile
0010c6ac 000000c0 T FSUSER_CreateDirectory
0010c76c 000000f4 T FSUSER_RenameDirectory
0010c860 000000b4 T FSUSER_OpenDirectory
0010c914 00000090 T FSUSER_OpenArchive
0010c9a4 0000008c T FSUSER_CloseArchive
0010ca30 00000074 T FSUSER_GetSdmcArchiveResource
0010caa4 00000064 T FSUSER_IsSdmcWritable
0010cb08 00000064 T FSFILE_Read
0010cb6c 0000006c T FSFILE_Write
0010cbd8 00000044 T FSFILE_GetSize
0010cc1c 00000028 T FSFILE_SetSize
0010cc44 0000003c T FSFILE_Close
0010cc80 00000024 T FSFILE_Flush
0010cca4 00000060 T FSDIR_Read
0010cd04 0000003c T FSDIR_Close
0010cd40 00000c70 t gspHardwareInit
0010d9b0 00000288 T gspInit
0010dc38 00000104 T gspExit
0010dd3c 00000010 T gspHasGpuRight
0010dd4c 000000a4 T gspPresentBuffer
0010ddf0 00000030 T gspSetEventCallback
0010de20 00000050 T gspWaitForEvent
0010de70 0000004c T gspWaitForAnyEvent
0010debc 00000154 t gspEventThreadMain
0010e010 0000012c T gspSubmitGxCommand
0010e13c 00000050 T GSPGPU_FlushDataCache
0010e18c 00000034 T GSPGPU_SetLcdForceBlack
0010e1c0 00000084 T GSPGPU_AcquireRight
0010e244 00000064 T GSPGPU_ReleaseRight
0010e2a8 0000007c T GSPGPU_ImportDisplayCaptureInfo
0010e324 0000002c T GSPGPU_SaveVramSysArea
0010e350 0000002c T GSPGPU_RestoreVramSysArea
0010e37c 00000024 W hidShouldUseIrrst
0010e3a0 000001cc T hidInit
0010e56c 000000e8 T hidExit
0010e654 000002a0 T hidScanInput
0010e8f4 00000010 T hidKeysHeld
0010e904 00000010 T hidKeysDown
0010e914 000001a4 T irrstInit
0010eab8 000000dc T irrstExit
0010eb94 000000b4 T irrstScanInput
0010ec48 00000024 T irrstKeysHeld
0010ec6c 00000078 T ptmSysmInit
0010ece4 0000003c T ptmSysmExit
0010ed20 00000034 T PTMSYSM_ConfigureNew3DSCPU
0010ed54 000000e0 t buffer_read
0010ee34 000000cc t iov_read
0010ef00 00000164 t iov_memmove
0010f064 000001e0 t decompress_rle
0010f244 00000264 t decompress_lzss
0010f4a8 00000418 t decompress_lz11
0010f8c0 0000033c t decompress_huff.isra.0
0010fbfc 00000010 T decompressCallback_Stdio
0010fc0c 000000e4 T decompressHeader
0010fcf0 0000021c T decompressV
0010ff0c 00000074 T rbtree_find
0010ff80 00000010 T rbtree_init
0010ff90 00000198 t do_insert
00110128 00000008 T rbtree_insert
00110130 00000310 T rbtree_remove
00110440 00000090 T rbtree_rotate
001104d0 000000e8 T utf16_to_utf8
001105b8 000000c0 T utf8_to_utf16
00110678 000001e8 W __system_allocateHeaps
00110860 00000038 W __libctru_init
00110898 0000016c W __system_initArgv
00110a04 00000030 T __syscall_getreent
00110a34 00000064 T __syscall_gettod_r
00110a98 00000004 T __syscall_lock_acquire
00110a9c 00000004 T __syscall_lock_release
00110aa0 00000004 T __syscall_lock_acquire_recursive
00110aa4 00000004 T __syscall_lock_release_recursive
00110aa8 00000004 T __syscall_exit
00110aac 00000054 T initThreadVars
00110b00 00000080 T __system_initSyscalls
00110b80 T svcControlMemory
00110ba0 T svcQueryMemory
00110bd0 T svcExitProcess
00110bd8 T svcCreateThread
00110bf8 T svcExitThread
00110c00 T svcSleepThread
00110c08 T svcReleaseMutex
00110c10 T svcCreateEvent
00110c24 T svcSignalEvent
00110c2c T svcClearEvent
00110c34 T svcMapMemoryBlock
00110c3c T svcUnmapMemoryBlock
00110c44 T svcCreateAddressArbiter
00110c58 T svcArbitrateAddressNoTimeout
00110c60 T svcCloseHandle
00110c68 T svcWaitSynchronization
00110c70 T svcWaitSynchronizationN
00110c98 T svcDuplicateHandle
00110cac T svcGetSystemTick
00110cb4 T svcConnectToPort
00110cc8 T svcSendSyncRequest
00110cd0 T svcGetResourceLimit
00110ce4 T svcGetResourceLimitLimitValues
00110cec T svcGetResourceLimitCurrentValues
00110cf4 T svcBreak
00110cfc T __aeabi_read_tp
00110d08 W initSystem
00110d58 W __ctru_exit
00110d6c 0000008c W envGetHandle
00110df8 00000050 W envDestroyHandles
00110e48 00000164 T srvInit
00110fac 00000064 T srvExit
00111010 00000060 T srvEnableNotification
00111070 000000a0 T srvGetServiceHandleDirect
00111110 00000048 T srvGetServiceHandle
00111158 00000034 T srvSubscribe
0011118c 00000060 T srvReceiveNotification
001111ec 00000038 T srvPublishToSubscriber
00111224 0000000c T __sync_init
00111230 00000018 T __sync_fini
00111248 00000028 T syncArbitrateAddress
00111270 000000ac T LightLock_Lock
0011131c 00000040 T LightLock_Unlock
0011135c 00000054 T RecursiveLock_Lock
001113b0 00000054 T RecursiveLock_Unlock
00111404 00000044 T LightEvent_Init
00111448 000000b8 T LightEvent_Clear
00111500 000000dc T LightEvent_Signal
001115dc 00000050 T LightEvent_TryWait
0011162c 000000ac T LightEvent_Wait
001116d8 000001fc T threadCreate
001118d4 00000038 T threadFree
0011190c 00000024 T threadJoin
00111930 00000030 T threadGetCurrent
00111960 00000040 T threadExit
001119a0 00000020 t _thread_begin
001119c0 00000090 t mappableFindAddressWithin
00111a50 00000028 T mappableInit
00111a78 0000007c T mappableAlloc
00111af4 00000004 T mappableFree
00111af8 0000000c T srvPmGetSessionHandle
00111b04 00000060 T rbtree_node_next
00111b64 00000054 T decode_utf16
00111bb8 00000140 T decode_utf8
00111cf8 00000054 T encode_utf16
00111d4c 000000e0 T encode_utf8
00111e2c 00000030 W __appExit
00111e5c 00000030 W __appInit
00111e8c 00000090 W __libctru_exit
00111f1c 00000024 t error_cmp
00111f40 00000050 t archive_translate_error
00111f90 000000c0 t archive_seek
00112050 00000078 t _archiveInit.part.0
001120c8 00000110 t archiveFindDevice.part.0
001121d8 00000298 t archive_utf16path
00112470 00000098 t _archiveUnmountDeviceStruct.part.0
00112508 00000178 t _archiveMountDevice
00112680 000000f8 t archive_diropen
00112778 000000ac t archive_fstat
00112824 00000074 t archive_fsync
00112898 00000074 t archive_close
0011290c 00000078 t archive_dirclose
00112984 000000ec t sdmc_statvfs
00112a70 000000f8 t archive_chdir
00112b68 0000008c t archive_ftruncate
00112bf4 000000bc t archive_read
00112cb0 000000a8 t archive_unlink
00112d58 000000c0 t archive_rmdir
00112e18 000000d8 t archive_mkdir
00112ef0 000001a0 t archive_stat
00113090 00000164 t archive_dirnext
001131f4 0000013c t archive_write
00113330 00000254 t archive_open
00113584 00000270 t archive_rename
001137f4 000001c8 T archiveMountSdmc
001139bc 00000054 T archiveUnmountAll
00113a10 00000264 T sinf
00113c74 00000024 t with_errnof
00113c98 0000001c T __math_invalidf
00113cb8 0000025c T cosf
00113f14 00000130 T __udivmoddi4
00114044 000000e4 T strncat
00114128 0000001c T srand
00114144 00000044 T rand
00114188 00000128 T memcpy
001142b0 0000008c T strlen
0011433c 00000334 T _fread_r
00114670 00000038 T fread
001146a8 00000078 T bsearch
00114720 00000134 T _fopen_r
00114854 00000028 T fopen
0011487c 00000028 T memalign
001148a4 00000034 T printf
001148d8 000001ec t _strtoul_l.isra.0
00114ac4 0000003c T strtoul
00114b00 00000140 T strchr
00114c40 000000d8 T memcmp
00114d18 00000028 T calloc
00114d40 0000016c T _memalign_r
00114eac 0000000c T __errno
00114eb8 00000164 T __smakebuf_r
0011501c 00000090 T __swhatbuf_r
001150ac 000000e4 T memset
00115190 000000d8 T _calloc_r
00115268 0000022c T __sflush_r
00115494 000000c4 T _fflush_r
00115558 0000082c T _malloc_r
00115d84 00000114 T _malloc_trim_r
00115e98 00000314 T _free_r
001161ac 00000294 T setvbuf
00116440 0000001c t stdio_exit_handler
0011645c 0000005c t cleanup_stdio
001164b8 00000154 t global_stdio_init.part.0
0011660c 00000138 T __sfp
00116744 0000005c T __sinit
001167a0 0000000c T __sfp_lock_acquire
001167ac 0000000c T __sfp_lock_release
001167b8 00000084 T __libc_init_array
0011683c 000000d4 T strncpy
00116910 0000001c T _fseek_r
0011692c 00000040 T malloc
0011696c 00000020 T free
0011698c 00000044 T __sread
001169d0 00000068 T __swrite
00116a38 00000040 T __sseek
00116a78 00000008 T __sclose
00116a80 0000000c T __malloc_lock
00116a8c 0000000c T __malloc_unlock
00116a98 00000588 T _fseeko_r
00117020 00000148 T _fclose_r
00117168 00000020 T fclose
00117188 00000048 T time
001171d0 00000004 W __call_exitprocs
001171d4 00000030 T exit
00117204 000000b8 T __sflags
001172bc 0000003c T __libc_fini_array
001172f8 0000003c T strnlen
00117334 000000d8 T strncmp
0011740c 00000038 t lflush
00117444 000001a8 T __srefill_r
001175ec 00000070 T _fwalk_sglue
0011765c 000005e0 t get_arg
00117c40 00003554 T _vfprintf_r
0011b194 000000b4 t __sbprintf
0011b248 000000a0 T _wcrtomb_r
0011b2e8 00000024 T __locale_mb_cur_max
0011b30c 00000030 T __sprint_r
0011b33c 000001c0 t quorem
0011b500 00001420 T _dtoa_r
0011c920 000000e8 T memchr
0011ca08 00000028 T _wcsrtombs_r
0011ca30 00000140 T __swsetup_r
0011cb70 00000024 T _localeconv_r
0011cb94 000000f8 T __utf8_wctomb
0011cc8c 0000015c T _wcsnrtombs_l
0011cde8 00000064 T _wcsnrtombs_r
0011ce50 00000088 T frexp
0011ced8 0000005c T __assert_func
0011cf34 00000088 T _Balloc
0011cfbc 0000001c T _Bfree
0011cfd8 000000f4 T __multadd
0011d0cc 00000080 T __hi0bits
0011d14c 000000f0 T __lo0bits
0011d23c 000000a4 T __i2b
0011d2e0 00000230 T __multiply
0011d510 00000130 T __pow5mult
0011d640 00000138 T __lshift
0011d778 00000058 T __mcmp
0011d7d0 00000218 T __mdiff
0011d9e8 00000120 T __d2b
0011db08 00000340 T __utf8_mbtowc
0011de48 0000003c T fiprintf
0011de84 000004a4 T __sfvwrite_r
0011e328 00000014 T abort
0011e33c 000001a8 T memmove
0011e4e4 000004f0 T _realloc_r
0011e9d4 000005e0 t get_arg
0011efb4 000022f8 T _vfiprintf_r
001212ac 000000b4 t __sbprintf
00121360 0000009c T _raise_r
001213fc 00000020 T raise
0012141c 00000020 T _exit
0012143c 00000140 T chdir
0012157c 000001c8 T _concatenate_path
00121744 0000009c T _fstat_r
001217e0 00000014 T _getpid_r
001217f4 0000002c T __getreent
00121820 00000030 T _gettimeofday_r
00121850 000000a0 T __release_handle
001218f0 000000b0 T __alloc_handle
001219a0 00000058 T __get_handle
001219f8 00000110 T _close_r
00121b08 00000008 t null_write
00121b10 00000018 T setDefaultDevice
00121b28 00000098 T FindDevice
00121bc0 00000024 T RemoveDevice
00121be4 00000088 T AddDevice
00121c6c 00000020 T GetDeviceOpTab
00121c8c 00000008 T _isatty_r
00121c94 00000014 T _kill_r
00121ca8 00000094 T _lseek_r
00121d3c 000000c0 T _open_r
00121dfc 00000094 T _read_r
00121e90 00000078 W _sbrk_r
00121f08 0000001c T __libc_lock_acquire
00121f24 0000001c T __libc_lock_release
00121f40 0000001c T __libc_lock_acquire_recursive
00121f5c 0000001c T __libc_lock_release_recursive
00121f78 00000094 T _write_r
0012200c 00000048 T strrchr
00122054 T _fini
00123218 r .LC2
0012335c 00000008 r s_defaultTint.0
00123364 R render2d_shbin
001234f0 R render2d_shbin_end
001234f0 R render2d_shbin_size
001234f4 00000004 r depthFmtSizes
001234f8 00000005 r colorFmtSizes
00123500 00000010 r CSWTCH.11
00123510 00000038 r CSWTCH.19
0012378c 00000080 r dotab_stdout
0012380c 00000018 r grayScale
00123824 00000006 r colorCube
0012382c 00000030 r colorTable
0012385c 00000080 r romFS_devoptab
00123904 00000008 r morton_y.2
0012390c 00000008 r morton_x.3
00123914 00000008 r s_sleepWakeEvents.4
0012391c 0000000c r serviceNameTable.5
0012394c R default_font_bin
0012414c R default_font_bin_end
0012414c 00000030 r error_table
0012417c 00000080 r archive_devoptab
001241fc 00000060 R __inv_pio4
00124260 000000e0 R __sincosf_table
00124340 00000101 R _ctype_
00124568 00000010 r zeroes.0
00124578 00000010 r blanks.1
00124588 0000006c R __action_table
001245f4 0000006c R __state_table
00124660 00000100 R __chclass
00124768 0000000c r p05.0
00124778 00000028 R __mprec_bigtens
001247a0 000000c8 R __mprec_tens
00124954 00000010 r zeroes.0
00124964 00000010 r blanks.1
00124974 00000080 R dotab_stdnull
001249f4 R __tdata_align
001249f8 r __EH_FRAME_BEGIN__
001249f8 R __exidx_end
001249f8 R __exidx_start
00125000 00000004 d numSprites
00125004 00000008 d framerateCounter
0012500c 00000004 d framerate
00125010 00000001 d firstConsoleInit.0
00125014 00000004 D currentConsole
00125018 00000048 D defaultConsole
00125060 00000004 d queueLock
00125064 00000004 d aptChainloadDeliverArgSize
00125068 00000004 d kCount
0012506c 00000004 d kInterval
00125070 00000004 d kDelay
00125074 W __stacksize__
00125078 00000004 D _impure_ptr
00125080 00000200 D _impure_data
00125280 00000004 D __malloc_sbrk_base
00125284 00000004 D __malloc_trim_threshold
00125288 00000408 D __malloc_av_
00125690 0000000c D __sglue
0012569c 00000254 D __global_locale
001258f0 00000400 d _current_working_directory
00125cf0 00001000 d handles
00126cf0 0000000c d __stderr_handle
00126cfc 0000000c d __stdout_handle
00126d08 0000000c d __stdin_handle
00126d14 0000008c D devoptab_list
00126da0 00000004 d defaultDevice
00126dac d _GLOBAL_OFFSET_TABLE_
00126db8 d __frame_dummy_init_array_entry
00126db8 D __init_array_start
00126db8 B __preinit_array_end
00126db8 B __preinit_array_start
00126db8 D __tdata_lma
00126db8 D __tdata_lma_end
00126dbc d __do_global_dtors_aux_fini_array_entry
00126dbc D __fini_array_start
00126dbc D __init_array_end
00126dc0 D __bss_start__
00126dc0 D __fini_array_end
00126dc0 00000004 b spriteSheet
00126dc4 00009000 b sprites
0012fdc4 b completed.1
0012fdc8 b object.0
0012fde0 000005a8 B __C2Di_Context
00130388 00000040 b s_projBot
001303c8 00000040 b s_projTop
00130408 00000004 b uLoc_mdlvMtx
0013040c 00000004 b uLoc_projMtx
00130410 0000000c b hookCookie
00130420 000002d0 B __C3D_Context
001306f0 00000004 b frameEndCbData
001306f4 00000004 b frameEndCb
001306f8 00000008 b frameCounter
00130700 00000001 b isTopStereo
00130701 00000001 b needSwapBot
00130702 00000001 b needSwapTop
00130703 00000001 b measureGpuTime
00130704 00000001 b inSafeTransfer
00130705 00000001 b inFrame
00130708 00000010 b cpuTime
00130718 00000010 b gpuTime
00130728 0000000c b linkedTarget
00130734 00000004 b lastTarget
00130738 00000004 b firstTarget
0013073c 00000008 b C3Di_IVUnifEverDirty
00130744 000000c0 b C3Di_FVUnifEverDirty
00130804 00000018 b C3Di_ShaderFVecData
0013081c 00000002 B C3D_BoolUnifsDirty
00130820 00000008 B C3D_IVUnifDirty
00130828 000000c0 B C3D_FVUnifDirty
001308e8 00000004 B C3D_BoolUnifs
001308ec 00000020 B C3D_IVUnif
0013090c 00000c00 B C3D_FVUnif
00131510 00000008 b sLinearPool
00131518 0000000c b sAddrMap
00131528 00000008 b sVramPoolB
00131530 00000008 b sVramPoolA
00131538 0000000c b sAddrMap
00131544 00000064 b escapeSeq
001315a8 00000048 B currentCopy
001315f0 00000004 b screenAlloc
001315f4 00000004 b screenFree
001315f8 00000002 b gfxIsDoubleBuf
001315fc 00000002 b gfxCurBuf
001315fe 00000001 b gfxIsVram
001315ff 00000001 b gfxTopMode
00131600 00000002 b gfxFramebufferFormats
00131604 00000004 b gfxBottomFramebufferMaxSize
00131608 00000004 b gfxTopFramebufferMaxSize
00131610 00000008 b gfxBottomFramebuffers
00131618 00000008 b gfxTopFramebuffers
00131620 00000001 V __ctru_speedup
00131624 00000004 b romfs_mount_list
00131628 00000004 V __romfs_path
0013162c 00000004 B gpuCmdBufOffset
00131630 00000004 B gpuCmdBufSize
00131634 00000004 B gpuCmdBuf
00131638 00000004 b boundQueue
0013163c 00000001 b shouldStop
0013163d 00000001 b isRunning
0013163e 00000001 b isActive
00131640 00000004 b curQueue
00131644 00000001 b flagValue.0
00131645 00000001 b flagInit.1
00131648 00000004 b serviceName.6
0013164c 00000001 b aptChainloadFlags
0013164d 00000001 b aptChainloadMediatype
00131650 00000020 b aptChainloadHmac
00131670 00000300 b aptChainloadDeliverArg
00131970 00000008 b aptChainloadTid
00131978 00001000 b aptParameters
00132978 00000004 b aptFlags
0013297c 00000001 b aptHomeButtonState
00132980 00000004 b aptMessageFuncData
00132984 00000004 b aptMessageFunc
00132988 0000000c b aptFirstHook
00132994 00000001 b aptEventHandlerThreadQuit
00132998 00000004 b aptEventHandlerThread
0013299c 00000008 b aptSleepEvent
001329a4 00000008 b aptReceiveEvent
001329ac 00000008 b aptEvents
001329b4 00000004 b aptLockHandle
001329b8 00000004 b aptRefCount
001329c0 00000080 b fsExemptArchives
00132a40 00000004 b fsuRefCount
00132a44 00000004 b fsuHandle
00132a48 00000007 b gspEventCbOneShot
00132a50 0000001c b gspEventCbData
00132a6c 0000001c b gspEventCb
00132a88 00000038 b gspEvents
00132ac0 00000004 b gspLastEvent
00132ac4 00000001 b gspRunEvents
00132ac8 00000004 b gspEventThread
00132acc 00000004 b gspEvent
00132ad0 00000001 b gspGpuRight
00132ad1 00000001 b gspThreadId
00132ad4 00000004 b gspSharedMem
00132ad8 00000004 b gspSharedMemHandle
00132adc 00000004 b gspRefCount
00132ae0 00000004 b gspGpuHandle
00132ae4 00000001 b usingIrrst
00132ae8 00000004 b hidRefCount
00132aec 00000006 b gRate
00132af4 00000006 b aVec
00132afc 00000004 b cPos
00132b00 00000004 b tPos
00132b04 00000004 b kRepeat
00132b08 00000004 b kUp
00132b0c 00000004 b kDown
00132b10 00000004 b kHeld
00132b14 00000004 b kOld
00132b18 00000004 B hidSharedMem
00132b1c 00000014 B hidEvents
00132b30 00000004 B hidMemHandle
00132b34 00000004 B hidHandle
00132b38 00000004 b irrstRefCount
00132b3c 00000004 b csPos
00132b40 00000004 b kHeld
00132b44 00000004 B irrstSharedMem
00132b48 00000004 B irrstEvent
00132b4c 00000004 B irrstMemHandle
00132b50 00000004 B irrstHandle
00132b54 00000004 b ptmSysmRefCount
00132b58 00000004 b ptmSysmHandle
00132b5c 00000004 V __ctru_linear_heap_size
00132b60 00000004 V __ctru_heap_size
00132b64 00000004 B __ctru_linear_heap
00132b68 00000004 B __ctru_heap
00132b6c 00000004 B __system_retAddr
00132b70 00000004 B __system_argv
00132b74 00000004 B __system_argc
00132b78 b saved_stack
00132b80 00000004 B __3dslink_host
00132b84 00000004 b srvRefCount
00132b88 00000004 b srvHandle
00132b8c 00000004 b arbiter
00132b90 00000004 b currentAddr
00132b94 00000004 b maxAddr
00132b98 00000004 b minAddr
00132b9c 00000004 b srvPmHandle
00132ba0 000005c0 b archive_devices
00133160 00000004 b archive_device_cwd
00133164 00000001 b archive_initialized
00133168 00000028 B __malloc_current_mallinfo
00133190 00000004 B __malloc_max_total_mem
00133194 00000004 B __malloc_max_sbrked_mem
00133198 00000004 B __malloc_top_pad
0013319c 0000000c b __sfp_recursive_mutex
001331a8 00000168 B __sf
00133310 00000004 B __stdio_exit_handler
00133314 0000000c b __malloc_recursive_mutex
00133320 00000400 b temp_cwd
00133720 00000004 b __hndl_lock
00133724 00000004 B fake_heap_start
00133728 00000004 B fake_heap_end
0013372c 00000004 b heap_start.0
00133730 B __tls_start
00134338 B __bss_end__
00134338 A __end__
00134338 B __tls_end
