Archive member included to satisfy reference by file (symbol)

/opt/devkitpro/libctru/lib/libcitro2d.a(base.o)
                              main.o (C2D_Init)
/opt/devkitpro/libctru/lib/libcitro2d.a(spritesheet.o)
                              main.o (C2D_SpriteSheetLoad)
/opt/devkitpro/libctru/lib/libcitro2d.a(render2d.shbin.o)
                              /opt/devkitpro/libctru/lib/libcitro2d.a(base.o) (render2d_shbin)
/opt/devkitpro/libctru/lib/libcitro3d.a(attribs.o)
                              /opt/devkitpro/libctru/lib/libcitro2d.a(base.o) (AttrInfo_Init)
/opt/devkitpro/libctru/lib/libcitro3d.a(base.o)
                              /opt/devkitpro/libctru/lib/libcitro3d.a(attribs.o) (__C3D_Context)
/opt/devkitpro/libctru/lib/libcitro3d.a(buffers.o)
                              /opt/devkitpro/libctru/lib/libcitro2d.a(base.o) (BufInfo_Init)
/opt/devkitpro/libctru/lib/libcitro3d.a(drawElements.o)
                              /opt/devkitpro/libctru/lib/libcitro2d.a(base.o) (C3D_DrawElements)
/opt/devkitpro/libctru/lib/libcitro3d.a(effect.o)
                              /opt/devkitpro/libctru/lib/libcitro3d.a(base.o) (C3D_DepthMap)
/opt/devkitpro/libctru/lib/libcitro3d.a(framebuffer.o)
                              /opt/devkitpro/libctru/lib/libcitro3d.a(base.o) (C3Di_FrameBufBind)
/opt/devkitpro/libctru/lib/libcitro3d.a(immediate.o)
                              /opt/devkitpro/libctru/lib/libcitro3d.a(base.o) (C3D_ImmSendAttrib)
/opt/devkitpro/libctru/lib/libcitro3d.a(proctex.o)
                              /opt/devkitpro/libctru/lib/libcitro2d.a(base.o) (C3D_ProcTexInit)
/opt/devkitpro/libctru/lib/libcitro3d.a(renderqueue.o)
                              /opt/devkitpro/libctru/lib/libcitro3d.a(base.o) (C3Di_RenderQueueEnableVBlank)
/opt/devkitpro/libctru/lib/libcitro3d.a(tex3ds.o)
                              /opt/devkitpro/libctru/lib/libcitro2d.a(spritesheet.o) (Tex3DS_TextureImport)
/opt/devkitpro/libctru/lib/libcitro3d.a(texenv.o)
                              /opt/devkitpro/libctru/lib/libcitro2d.a(base.o) (C3D_GetTexEnv)
/opt/devkitpro/libctru/lib/libcitro3d.a(texture.o)
                              /opt/devkitpro/libctru/lib/libcitro3d.a(tex3ds.o) (C3D_TexInitWithParams)
/opt/devkitpro/libctru/lib/libcitro3d.a(uniforms.o)
                              /opt/devkitpro/libctru/lib/libcitro3d.a(base.o) (C3D_UpdateUniforms)
/opt/devkitpro/libctru/lib/libcitro3d.a(mtx_multiply.o)
                              /opt/devkitpro/libctru/lib/libcitro2d.a(base.o) (Mtx_Multiply)
/opt/devkitpro/libctru/lib/libcitro3d.a(mtx_ortho.o)
                              /opt/devkitpro/libctru/lib/libcitro2d.a(base.o) (Mtx_Ortho)
/opt/devkitpro/libctru/lib/libcitro3d.a(mtx_orthotilt.o)
                              /opt/devkitpro/libctru/lib/libcitro2d.a(base.o) (Mtx_OrthoTilt)
/opt/devkitpro/libctru/lib/libcitro3d.a(mtx_rotatez.o)
                              /opt/devkitpro/libctru/lib/libcitro2d.a(base.o) (Mtx_RotateZ)
/opt/devkitpro/libctru/lib/libcitro3d.a(mtx_scale.o)
                              /opt/devkitpro/libctru/lib/libcitro2d.a(base.o) (Mtx_Scale)
/opt/devkitpro/libctru/lib/libcitro3d.a(mtx_translate.o)
                              /opt/devkitpro/libctru/lib/libcitro2d.a(base.o) (Mtx_Translate)
/opt/devkitpro/libctru/lib/libctru.a(linear.o)
                              /opt/devkitpro/libctru/lib/libcitro2d.a(base.o) (linearAlloc)
/opt/devkitpro/libctru/lib/libctru.a(mem_pool.o)
                              /opt/devkitpro/libctru/lib/libctru.a(linear.o) (_ZN7MemPool8AllocateER8MemChunkmi)
/opt/devkitpro/libctru/lib/libctru.a(vram.o)
                              /opt/devkitpro/libctru/lib/libcitro3d.a(renderqueue.o) (vramAlloc)
/opt/devkitpro/libctru/lib/libctru.a(console.o)
                              main.o (consoleInit)
/opt/devkitpro/libctru/lib/libctru.a(gfx.o)
                              /opt/devkitpro/libctru/lib/libcitro2d.a(base.o) (gfxIsWide)
/opt/devkitpro/libctru/lib/libctru.a(os.o)
                              /opt/devkitpro/libctru/lib/libcitro3d.a(buffers.o) (osConvertVirtToPhys)
/opt/devkitpro/libctru/lib/libctru.a(romfs_dev.o)
                              main.o (romfsMountSelf)
/opt/devkitpro/libctru/lib/libctru.a(gpu.o)
                              /opt/devkitpro/libctru/lib/libcitro3d.a(renderqueue.o) (gpuCmdBuf)
/opt/devkitpro/libctru/lib/libctru.a(gx.o)
                              /opt/devkitpro/libctru/lib/libcitro3d.a(renderqueue.o) (GX_BindQueue)
/opt/devkitpro/libctru/lib/libctru.a(gxqueue.o)
                              /opt/devkitpro/libctru/lib/libcitro3d.a(renderqueue.o) (gxCmdQueueClear)
/opt/devkitpro/libctru/lib/libctru.a(shaderProgram.o)
                              /opt/devkitpro/libctru/lib/libcitro2d.a(base.o) (shaderInstanceGetUniformLocation)
/opt/devkitpro/libctru/lib/libctru.a(shbin.o)
                              /opt/devkitpro/libctru/lib/libcitro2d.a(base.o) (DVLB_ParseFile)
/opt/devkitpro/libctru/lib/libctru.a(apt.o)
[...]
Memory Configuration

Name             Origin             Length             Attributes
*default*        0x00000000         0xffffffff

Linker script and memory map

                0x00000000                        __sync_synchronize = __sync_synchronize_dmb
                0x00100000                        PROVIDE (__start__ = 0x100000)
                0x00100000                        . = __start__

.text           0x00100000    0x2206c
 *(.crt0)
 .crt0          0x00100000       0x94 /opt/devkitpro/devkitARM/lib/gcc/arm-none-eabi/15.2.0/../../../../arm-none-eabi/lib/armv6k/fpu/3dsx_crt0.o
                0x00100000                _start
                0x00100008                __service_ptr
                0x0010000c                __apt_appid
                0x00100010                __heap_size
                0x00100014                __linear_heap_size
                0x00100018                __system_arglist
                0x0010001c                __system_runflags
 *(.init)
 .init          0x00100094        0xc /opt/devkitpro/devkitARM/lib/gcc/arm-none-eabi/15.2.0/armv6k/fpu/crti.o
                0x00100094                _init
 .init          0x001000a0        0xc /opt/devkitpro/devkitARM/lib/gcc/arm-none-eabi/15.2.0/armv6k/fpu/crtn.o
                0x001000ac                        . = ALIGN (0x4)
 *(.text)
 .text          0x001000ac      0x20c /opt/devkitpro/devkitARM/lib/gcc/arm-none-eabi/15.2.0/armv6k/fpu/libgcc.a(_udivsi3.o)
                0x001000ac                __udivsi3
                0x001000ac                __aeabi_uidiv
                0x00100298                __aeabi_uidivmod
 .text          0x001002b8      0x240 /opt/devkitpro/devkitARM/lib/gcc/arm-none-eabi/15.2.0/armv6k/fpu/libgcc.a(_divsi3.o)
                0x001002b8                __aeabi_idiv
                0x001002b8                __divsi3
                0x001004d8                __aeabi_idivmod
 .text          0x001004f8        0x4 /opt/devkitpro/devkitARM/lib/gcc/arm-none-eabi/15.2.0/armv6k/fpu/libgcc.a(_dvmd_tls.o)
                0x001004f8                __aeabi_ldiv0
                0x001004f8                __aeabi_idiv0
 .text          0x001004fc      0x3c0 /opt/devkitpro/devkitARM/lib/gcc/arm-none-eabi/15.2.0/armv6k/fpu/libgcc.a(_arm_addsubdf3.o)
                0x001004fc                __aeabi_drsub
                0x00100504                __aeabi_dsub
                0x00100504                __subdf3
                0x00100508                __adddf3
                0x00100508                __aeabi_dadd
                0x001007b4                __aeabi_ui2d
                0x001007b4                __floatunsidf
                0x001007d8                __floatsidf
                0x001007d8                __aeabi_i2d
                0x00100800                __extendsfdf2
                0x00100800                __aeabi_f2d
                0x00100848                __aeabi_ul2d
                0x00100848                __floatundidf
                0x0010085c                __floatdidf
                0x0010085c                __aeabi_l2d
 .text          0x001008bc       0xd4 /opt/devkitpro/devkitARM/lib/gcc/arm-none-eabi/15.2.0/armv6k/fpu/libgcc.a(_aeabi_ldivmod.o)
                0x001008bc                __aeabi_ldivmod
 .text          0x00100990       0x3c /opt/devkitpro/devkitARM/lib/gcc/arm-none-eabi/15.2.0/armv6k/fpu/libgcc.a(_aeabi_uldivmod.o)
                0x00100990                __aeabi_uldivmod
 *fill*         0x001009cc       0x14 
 .text          0x001009e0      0x390 /opt/devkitpro/devkitARM/lib/gcc/arm-none-eabi/15.2.0/../../../../arm-none-eabi/lib/armv6k/fpu/libg.a(libc_a-strcmp.o)
                0x001009e8                strcmp
 *(.text.*)
 .text.__do_global_dtors_aux
                0x00100d70       0x50 /opt/devkitpro/devkitARM/lib/gcc/arm-none-eabi/15.2.0/armv6k/fpu/crtbegin.o
 .text.frame_dummy
                0x00100dc0       0x2c /opt/devkitpro/devkitARM/lib/gcc/arm-none-eabi/15.2.0/armv6k/fpu/crtbegin.o
 *fill*         0x00100dec        0x4 
 .text.startup.main
                0x00100df0      0x4ac main.o
                0x00100df0                main
 .text.C2Di_FrameEndHook
                0x0010129c       0x44 /opt/devkitpro/libctru/lib/libcitro2d.a(base.o)
 .text.C2D_Init
                0x001012e0      0x36c /opt/devkitpro/libctru/lib/libcitro2d.a(base.o)
                0x001012e0                C2D_Init
 .text.C2D_Fini
                0x0010164c       0x4c /opt/devkitpro/libctru/lib/libcitro2d.a(base.o)
                0x0010164c                C2D_Fini
 .text.C2D_Prepare
                0x00101698       0xb8 /opt/devkitpro/libctru/lib/libcitro2d.a(base.o)
                0x00101698                C2D_Prepare
 .text.C2D_Flush
                0x00101750       0x48 /opt/devkitpro/libctru/lib/libcitro2d.a(base.o)
                0x00101750                C2D_Flush
 .text.C2D_SceneSize
                0x00101798      0x104 /opt/devkitpro/libctru/lib/libcitro2d.a(base.o)
                0x00101798                C2D_SceneSize
 .text.C2D_CreateScreenTarget
                0x0010189c       0x58 /opt/devkitpro/libctru/lib/libcitro2d.a(base.o)
                0x0010189c                C2D_CreateScreenTarget
 .text.C2D_TargetClear
                0x001018f4       0x64 /opt/devkitpro/libctru/lib/libcitro2d.a(base.o)
                0x001018f4                C2D_TargetClear
 .text.C2Di_CalcQuad
                0x00101958      0x13c /opt/devkitpro/libctru/lib/libcitro2d.a(base.o)
                0x00101958                C2Di_CalcQuad
 .text.C2Di_AppendQuad
                0x00101a94       0x58 /opt/devkitpro/libctru/lib/libcitro2d.a(base.o)
                0x00101a94                C2Di_AppendQuad
 .text.C2Di_Update
                0x00101aec      0x550 /opt/devkitpro/libctru/lib/libcitro2d.a(base.o)
                0x00101aec                C2Di_Update
 .text.C2D_DrawImage
                0x0010203c      0x2b0 /opt/devkitpro/libctru/lib/libcitro2d.a(base.o)
                0x0010203c                C2D_DrawImage
 .text.C2D_SpriteSheetLoadFromHandle
                0x001022ec       0x6c /opt/devkitpro/libctru/lib/libcitro2d.a(spritesheet.o)
                0x001022ec                C2D_SpriteSheetLoadFromHandle
 .text.C2D_SpriteSheetLoad
                0x00102358       0x48 /opt/devkitpro/libctru/lib/libcitro2d.a(spritesheet.o)
                0x00102358                C2D_SpriteSheetLoad
 .text.C2D_SpriteSheetFree
                0x001023a0       0x28 /opt/devkitpro/libctru/lib/libcitro2d.a(spritesheet.o)
                0x001023a0                C2D_SpriteSheetFree
 .text.C2D_SpriteSheetCount
                0x001023c8        0x8 /opt/devkitpro/libctru/lib/libcitro2d.a(spritesheet.o)
                0x001023c8                C2D_SpriteSheetCount
 .text.C2D_SpriteSheetGetImage
                0x001023d0       0x2c /opt/devkitpro/libctru/lib/libcitro2d.a(spritesheet.o)
                0x001023d0                C2D_SpriteSheetGetImage
 .text.AttrInfo_Init
                0x001023fc       0x28 /opt/devkitpro/libctru/lib/libcitro3d.a(attribs.o)
                0x001023fc                AttrInfo_Init
 .text.AttrInfo_AddLoader
                0x00102424       0x94 /opt/devkitpro/libctru/lib/libcitro3d.a(attribs.o)
                0x00102424                AttrInfo_AddLoader
 .text.C3D_SetAttrInfo
                0x001024b8       0x54 /opt/devkitpro/libctru/lib/libcitro3d.a(attribs.o)
                0x001024b8                C3D_SetAttrInfo
 .text.C3Di_AttrInfoBind
                0x0010250c       0x80 /opt/devkitpro/libctru/lib/libcitro3d.a(attribs.o)
                0x0010250c                C3Di_AttrInfoBind
 .text.C3Di_LightEnvUpdate
                0x0010258c        0x4 /opt/devkitpro/libctru/lib/libcitro3d.a(base.o)
                0x0010258c                C3Di_LightEnvUpdate
 .text.C3Di_LightEnvDirty
                0x00102590        0x4 /opt/devkitpro/libctru/lib/libcitro3d.a(base.o)
                0x00102590                C3Di_LightEnvDirty
 .text.C3Di_AptEventHook
                0x00102594       0xb4 /opt/devkitpro/libctru/lib/libcitro3d.a(base.o)
 .text.C3Di_GasUpdate
                0x00102648        0x4 /opt/devkitpro/libctru/lib/libcitro3d.a(base.o)
                0x00102648                C3Di_GasUpdate
 .text.C3D_Init
                0x0010264c      0x1d0 /opt/devkitpro/libctru/lib/libcitro3d.a(base.o)
                0x0010264c                C3D_Init
 .text.C3D_SetViewport
                0x0010281c       0x98 /opt/devkitpro/libctru/lib/libcitro3d.a(base.o)
                0x0010281c                C3D_SetViewport
 .text.C3Di_UpdateContext
                0x001028b4      0x4e8 /opt/devkitpro/libctru/lib/libcitro3d.a(base.o)
                0x001028b4                C3Di_UpdateContext
 .text.C3Di_SplitFrame
                0x00102d9c       0xe0 /opt/devkitpro/libctru/lib/libcitro3d.a(base.o)
                0x00102d9c                C3Di_SplitFrame
 .text.C3D_GetCmdBufUsage
                0x00102e7c       0x10 /opt/devkitpro/libctru/lib/libcitro3d.a(base.o)
                0x00102e7c                C3D_GetCmdBufUsage
 .text.C3D_Fini
                0x00102e8c       0x44 /opt/devkitpro/libctru/lib/libcitro3d.a(base.o)
                0x00102e8c                C3D_Fini
 .text.C3D_BindProgram
                0x00102ed0      0x194 /opt/devkitpro/libctru/lib/libcitro3d.a(base.o)
                0x00102ed0                C3D_BindProgram
 .text.BufInfo_Init
                0x00103064       0x24 /opt/devkitpro/libctru/lib/libcitro3d.a(buffers.o)
                0x00103064                BufInfo_Init
 .text.BufInfo_Add
                0x00103088       0x80 /opt/devkitpro/libctru/lib/libcitro3d.a(buffers.o)
                0x00103088                BufInfo_Add
 .text.C3D_SetBufInfo
                0x00103108       0x3c /opt/devkitpro/libctru/lib/libcitro3d.a(buffers.o)
                0x00103108                C3D_SetBufInfo
 .text.C3Di_BufInfoBind
                0x00103144       0x48 /opt/devkitpro/libctru/lib/libcitro3d.a(buffers.o)
                0x00103144                C3Di_BufInfoBind
 .text.C3D_DrawElements
                0x0010318c      0x21c /opt/devkitpro/libctru/lib/libcitro3d.a(drawElements.o)
                0x0010318c                C3D_DrawElements
 .text.C3D_DepthMap
                0x001033a8       0x40 /opt/devkitpro/libctru/lib/libcitro3d.a(effect.o)
                0x001033a8                C3D_DepthMap
 .text.C3D_CullFace
                0x001033e8       0x1c /opt/devkitpro/libctru/lib/libcitro3d.a(effect.o)
                0x001033e8                C3D_CullFace
 .text.C3D_StencilTest
                0x00103404       0x40 /opt/devkitpro/libctru/lib/libcitro3d.a(effect.o)
                0x00103404                C3D_StencilTest
 .text.C3D_StencilOp
                0x00103444       0x24 /opt/devkitpro/libctru/lib/libcitro3d.a(effect.o)
                0x00103444                C3D_StencilOp
 .text.C3D_BlendingColor
                0x00103468       0x1c /opt/devkitpro/libctru/lib/libcitro3d.a(effect.o)
                0x00103468                C3D_BlendingColor
 .text.C3D_EarlyDepthTest
                0x00103484       0x24 /opt/devkitpro/libctru/lib/libcitro3d.a(effect.o)
                0x00103484                C3D_EarlyDepthTest
 .text.C3D_DepthTest
                0x001034a8       0x2c /opt/devkitpro/libctru/lib/libcitro3d.a(effect.o)
                0x001034a8                C3D_DepthTest
 .text.C3D_AlphaTest
                0x001034d4       0x2c /opt/devkitpro/libctru/lib/libcitro3d.a(effect.o)
                0x001034d4                C3D_AlphaTest
 .text.C3D_AlphaBlend
                0x00103500       0x50 /opt/devkitpro/libctru/lib/libcitro3d.a(effect.o)
                0x00103500                C3D_AlphaBlend
 .text.C3D_FragOpMode
                0x00103550       0x30 /opt/devkitpro/libctru/lib/libcitro3d.a(effect.o)
                0x00103550                C3D_FragOpMode
 .text.C3D_FragOpShadow
                0x00103580       0x44 /opt/devkitpro/libctru/lib/libcitro3d.a(effect.o)
                0x00103580                C3D_FragOpShadow
 .text.C3Di_EffectBind
                0x001035c4      0x1ac /opt/devkitpro/libctru/lib/libcitro3d.a(effect.o)
                0x001035c4                C3Di_EffectBind
 .text.C3D_CalcColorBufSize
                0x00103770       0x1c /opt/devkitpro/libctru/lib/libcitro3d.a(framebuffer.o)
                0x00103770                C3D_CalcColorBufSize
 .text.C3D_CalcDepthBufSize
                0x0010378c       0x1c /opt/devkitpro/libctru/lib/libcitro3d.a(framebuffer.o)
                0x0010378c                C3D_CalcDepthBufSize
 .text.C3D_SetFrameBuf
                0x001037a8       0x44 /opt/devkitpro/libctru/lib/libcitro3d.a(framebuffer.o)
                0x001037a8                C3D_SetFrameBuf
 .text.C3Di_FrameBufBind
                0x001037ec      0x16c /opt/devkitpro/libctru/lib/libcitro3d.a(framebuffer.o)
                0x001037ec                C3Di_FrameBufBind
 .text.C3D_FrameBufClear
                0x00103958       0xc8 /opt/devkitpro/libctru/lib/libcitro3d.a(framebuffer.o)
                0x00103958                C3D_FrameBufClear
 .text.C3D_FrameBufTransfer
                0x00103a20       0x44 /opt/devkitpro/libctru/lib/libcitro3d.a(framebuffer.o)
                0x00103a20                C3D_FrameBufTransfer
 .text.C3D_ImmSendAttrib
                0x00103a64       0xa8 /opt/devkitpro/libctru/lib/libcitro3d.a(immediate.o)
                0x00103a64                C3D_ImmSendAttrib
 .text.C3D_ProcTexInit
                0x00103b0c       0x70 /opt/devkitpro/libctru/lib/libcitro3d.a(proctex.o)
                0x00103b0c                C3D_ProcTexInit
 .text.C3D_ProcTexBind
                0x00103b7c       0x54 /opt/devkitpro/libctru/lib/libcitro3d.a(proctex.o)
                0x00103b7c                C3D_ProcTexBind
 .text.C3D_ProcTexLutBind
                0x00103bd0       0x5c /opt/devkitpro/libctru/lib/libcitro3d.a(proctex.o)
                0x00103bd0                C3D_ProcTexLutBind
 .text.ProcTexLut_FromArray
                0x00103c2c       0xa4 /opt/devkitpro/libctru/lib/libcitro3d.a(proctex.o)
                0x00103c2c                ProcTexLut_FromArray
 .text.C3Di_ProcTexUpdate
                0x00103cd0      0x178 /opt/devkitpro/libctru/lib/libcitro3d.a(proctex.o)
                0x00103cd0                C3Di_ProcTexUpdate
 .text.C3Di_ProcTexDirty
                0x00103e48       0x68 /opt/devkitpro/libctru/lib/libcitro3d.a(proctex.o)
                0x00103e48                C3Di_ProcTexDirty
 .text.onVBlank0
                0x00103eb0       0x4c /opt/devkitpro/libctru/lib/libcitro3d.a(renderqueue.o)
 .text.onVBlank1
                0x00103efc       0x4c /opt/devkitpro/libctru/lib/libcitro3d.a(renderqueue.o)
 .text.C3Di_RenderTargetDestroy
                0x00103f48       0x80 /opt/devkitpro/libctru/lib/libcitro3d.a(renderqueue.o)
 .text.onQueueFinish
                0x00103fc8       0xf4 /opt/devkitpro/libctru/lib/libcitro3d.a(renderqueue.o)
 .text.C3Di_RenderQueueEnableVBlank
                0x001040bc       0x38 /opt/devkitpro/libctru/lib/libcitro3d.a(renderqueue.o)
                0x001040bc                C3Di_RenderQueueEnableVBlank
 .text.C3Di_RenderQueueDisableVBlank
                0x001040f4       0x30 /opt/devkitpro/libctru/lib/libcitro3d.a(renderqueue.o)
                0x001040f4                C3Di_RenderQueueDisableVBlank
 .text.C3Di_RenderQueueInit
                0x00104124       0x60 /opt/devkitpro/libctru/lib/libcitro3d.a(renderqueue.o)
                0x00104124                C3Di_RenderQueueInit
 .text.C3Di_RenderQueueExit
                0x00104184       0xb4 /opt/devkitpro/libctru/lib/libcitro3d.a(renderqueue.o)
                0x00104184                C3Di_RenderQueueExit
 .text.C3Di_RenderQueueWaitDone
                0x00104238       0x34 /opt/devkitpro/libctru/lib/libcitro3d.a(renderqueue.o)
                0x00104238                C3Di_RenderQueueWaitDone
 .text.C3D_FrameBegin
                0x0010426c       0xe8 /opt/devkitpro/libctru/lib/libcitro3d.a(renderqueue.o)
                0x0010426c                C3D_FrameBegin
 .text.C3D_FrameDrawOn
                0x00104354       0x48 /opt/devkitpro/libctru/lib/libcitro3d.a(renderqueue.o)
                0x00104354                C3D_FrameDrawOn
 .text.C3D_FrameSplit
                0x0010439c       0x58 /opt/devkitpro/libctru/lib/libcitro3d.a(renderqueue.o)
                0x0010439c                C3D_FrameSplit
 .text.C3D_FrameEnd
                0x001043f4      0x1d0 /opt/devkitpro/libctru/lib/libcitro3d.a(renderqueue.o)
                0x001043f4                C3D_FrameEnd
 .text.C3D_FrameEndHook
                0x001045c4       0x1c /opt/devkitpro/libctru/lib/libcitro3d.a(renderqueue.o)
                0x001045c4                C3D_FrameEndHook
 .text.C3D_GetDrawingTime
                0x001045e0       0x18 /opt/devkitpro/libctru/lib/libcitro3d.a(renderqueue.o)
                0x001045e0                C3D_GetDrawingTime
 .text.C3D_GetProcessingTime
                0x001045f8       0x18 /opt/devkitpro/libctru/lib/libcitro3d.a(renderqueue.o)
                0x001045f8                C3D_GetProcessingTime
 .text.C3D_RenderTargetCreate
                0x00104610      0x170 /opt/devkitpro/libctru/lib/libcitro3d.a(renderqueue.o)
                0x00104610                C3D_RenderTargetCreate
 .text.C3D_RenderTargetSetOutput
                0x00104780       0xa8 /opt/devkitpro/libctru/lib/libcitro3d.a(renderqueue.o)
                0x00104780                C3D_RenderTargetSetOutput
 .text.C3D_SyncTextureCopy
                0x00104828       0xfc /opt/devkitpro/libctru/lib/libcitro3d.a(renderqueue.o)
                0x00104828                C3D_SyncTextureCopy
 .text.Tex3DSi_ImportCommon
                0x00104924      0x3d8 /opt/devkitpro/libctru/lib/libcitro3d.a(tex3ds.o)
 .text.Tex3DS_TextureImportStdio
                0x00104cfc       0x38 /opt/devkitpro/libctru/lib/libcitro3d.a(tex3ds.o)
                0x00104cfc                Tex3DS_TextureImportStdio
 .text.Tex3DS_GetNumSubTextures
                0x00104d34        0x8 /opt/devkitpro/libctru/lib/libcitro3d.a(tex3ds.o)
                0x00104d34                Tex3DS_GetNumSubTextures
 .text.Tex3DS_GetSubTexture
                0x00104d3c       0x1c /opt/devkitpro/libctru/lib/libcitro3d.a(tex3ds.o)
                0x00104d3c                Tex3DS_GetSubTexture
 .text.Tex3DS_TextureFree
                0x00104d58        0x4 /opt/devkitpro/libctru/lib/libcitro3d.a(tex3ds.o)
                0x00104d58                Tex3DS_TextureFree
 .text.C3D_GetTexEnv
                0x00104d5c       0x34 /opt/devkitpro/libctru/lib/libcitro3d.a(texenv.o)
                0x00104d5c                C3D_GetTexEnv
 .text.C3Di_TexEnvBind
                0x00104d90       0x24 /opt/devkitpro/libctru/lib/libcitro3d.a(texenv.o)
                0x00104d90                C3Di_TexEnvBind
 .text.C3D_TexInitWithParams
                0x00104db4      0x290 /opt/devkitpro/libctru/lib/libcitro3d.a(texture.o)
                0x00104db4                C3D_TexInitWithParams
 .text.C3D_TexLoadImage
                0x00105044       0xc8 /opt/devkitpro/libctru/lib/libcitro3d.a(texture.o)
                0x00105044                C3D_TexLoadImage
 .text.C3D_TexBind
                0x0010510c       0x44 /opt/devkitpro/libctru/lib/libcitro3d.a(texture.o)
                0x0010510c                C3D_TexBind
 .text.C3D_TexDelete
                0x00105150       0x74 /opt/devkitpro/libctru/lib/libcitro3d.a(texture.o)
                0x00105150                C3D_TexDelete
 .text.C3Di_SetTex
                0x001051c4      0x14c /opt/devkitpro/libctru/lib/libcitro3d.a(texture.o)
                0x001051c4                C3Di_SetTex
 .text.C3D_UpdateUniforms
                0x00105310      0x290 /opt/devkitpro/libctru/lib/libcitro3d.a(uniforms.o)
                0x00105310                C3D_UpdateUniforms
 .text.C3Di_DirtyUniforms
                0x001055a0       0xc0 /opt/devkitpro/libctru/lib/libcitro3d.a(uniforms.o)
                0x001055a0                C3Di_DirtyUniforms
 .text.C3Di_LoadShaderUniforms
                0x00105660       0xd8 /opt/devkitpro/libctru/lib/libcitro3d.a(uniforms.o)
                0x00105660                C3Di_LoadShaderUniforms
 .text.C3Di_ClearShaderUniforms
                0x00105738       0x28 /opt/devkitpro/libctru/lib/libcitro3d.a(uniforms.o)
                0x00105738                C3Di_ClearShaderUniforms
 .text.Mtx_Ortho
                0x00105760       0xcc /opt/devkitpro/libctru/lib/libcitro3d.a(mtx_ortho.o)
                0x00105760                Mtx_Ortho
 .text.Mtx_OrthoTilt
                0x0010582c       0xcc /opt/devkitpro/libctru/lib/libcitro3d.a(mtx_orthotilt.o)
                0x0010582c                Mtx_OrthoTilt
 .text._ZL21addrMapNodeComparatorPK11rbtree_nodeS1_
                0x001058f8       0x24 /opt/devkitpro/libctru/lib/libctru.a(linear.o)
 .text._ZL21addrMapNodeDestructorP11rbtree_node
                0x0010591c        0x4 /opt/devkitpro/libctru/lib/libctru.a(linear.o)
 .text.linearMemAlign
                0x00105920      0x12c /opt/devkitpro/libctru/lib/libctru.a(linear.o)
                0x00105920                linearMemAlign
 .text.linearAlloc
                0x00105a4c        0x8 /opt/devkitpro/libctru/lib/libctru.a(linear.o)
                0x00105a4c                linearAlloc
 .text.linearFree
                0x00105a54       0x5c /opt/devkitpro/libctru/lib/libctru.a(linear.o)
                0x00105a54                linearFree
 .text._ZN7MemPool13CoalesceRightEP8MemBlock
                0x00105ab0       0x88 /opt/devkitpro/libctru/lib/libctru.a(mem_pool.o)
                0x00105ab0                _ZN7MemPool13CoalesceRightEP8MemBlock
 .text._ZN7MemPool8AllocateER8MemChunkmi
                0x00105b38      0x178 /opt/devkitpro/libctru/lib/libctru.a(mem_pool.o)
                0x00105b38                _ZN7MemPool8AllocateER8MemChunkmi
 .text._ZN7MemPool10DeallocateERK8MemChunk
                0x00105cb0      0x118 /opt/devkitpro/libctru/lib/libctru.a(mem_pool.o)
                0x00105cb0                _ZN7MemPool10DeallocateERK8MemChunk
 .text._ZN7MemPool12GetFreeSpaceEv
                0x00105dc8       0x30 /opt/devkitpro/libctru/lib/libctru.a(mem_pool.o)
                0x00105dc8                _ZN7MemPool12GetFreeSpaceEv
 .text._ZL21addrMapNodeComparatorPK11rbtree_nodeS1_
                0x00105df8       0x24 /opt/devkitpro/libctru/lib/libctru.a(vram.o)
 .text._ZL21addrMapNodeDestructorP11rbtree_node
                0x00105e1c        0x4 /opt/devkitpro/libctru/lib/libctru.a(vram.o)
 .text.vramMemAlignAt
                0x00105e20      0x248 /opt/devkitpro/libctru/lib/libctru.a(vram.o)
                0x00105e20                vramMemAlignAt
 .text.vramAlloc
                0x00106068        0xc /opt/devkitpro/libctru/lib/libctru.a(vram.o)
                0x00106068                vramAlloc
 .text.vramAllocAt
                0x00106074        0xc /opt/devkitpro/libctru/lib/libctru.a(vram.o)
                0x00106074                vramAllocAt
 .text.vramFree
                0x00106080       0x94 /opt/devkitpro/libctru/lib/libctru.a(vram.o)
                0x00106080                vramFree
 .text.consoleDrawChar
                0x00106114      0x1c8 /opt/devkitpro/libctru/lib/libctru.a(console.o)
                0x00106114                consoleDrawChar
 .text.consolePrintChar
                0x001062dc      0x170 /opt/devkitpro/libctru/lib/libctru.a(console.o)
                0x001062dc                consolePrintChar
 .text.con_write
                0x0010644c      0xcc8 /opt/devkitpro/libctru/lib/libctru.a(console.o)
                0x0010644c                con_write
 .text.newRow   0x00107114       0xfc /opt/devkitpro/libctru/lib/libctru.a(console.o)
 .text.consoleInit
                0x00107210      0x180 /opt/devkitpro/libctru/lib/libctru.a(console.o)
                0x00107210                consoleInit
 .text.gfxPresentFramebuffer
                0x00107390       0xcc /opt/devkitpro/libctru/lib/libctru.a(gfx.o)
 .text.gfxIsWide
                0x0010745c       0x1c /opt/devkitpro/libctru/lib/libctru.a(gfx.o)
                0x0010745c                gfxIsWide
 .text.gfxSetScreenFormat
                0x00107478       0xf8 /opt/devkitpro/libctru/lib/libctru.a(gfx.o)
                0x00107478                gfxSetScreenFormat
 .text.gfxSetDoubleBuffering
                0x00107570       0x10 /opt/devkitpro/libctru/lib/libctru.a(gfx.o)
                0x00107570                gfxSetDoubleBuffering
 .text.gfxInit  0x00107580       0xd8 /opt/devkitpro/libctru/lib/libctru.a(gfx.o)
                0x00107580                gfxInit
 .text.gfxInitDefault
                0x00107658       0x10 /opt/devkitpro/libctru/lib/libctru.a(gfx.o)
                0x00107658                gfxInitDefault
 .text.gfxExit  0x00107668       0xb8 /opt/devkitpro/libctru/lib/libctru.a(gfx.o)
                0x00107668                gfxExit
 .text.gfxGetFramebuffer
                0x00107720       0xa0 /opt/devkitpro/libctru/lib/libctru.a(gfx.o)
                0x00107720                gfxGetFramebuffer
 .text.gfxFlushBuffers
                0x001077c0      0x100 /opt/devkitpro/libctru/lib/libctru.a(gfx.o)
                0x001077c0                gfxFlushBuffers
 .text.gfxScreenSwapBuffers
                0x001078c0       0x28 /opt/devkitpro/libctru/lib/libctru.a(gfx.o)
                0x001078c0                gfxScreenSwapBuffers
 .text.gfxSwapBuffersGpu
                0x001078e8       0x50 /opt/devkitpro/libctru/lib/libctru.a(gfx.o)
                0x001078e8                gfxSwapBuffersGpu
 .text.osConvertVirtToPhys
                0x00107938       0x74 /opt/devkitpro/libctru/lib/libctru.a(os.o)
                0x00107938                osConvertVirtToPhys
 .text.osGetTimeRef
                0x001079ac       0x54 /opt/devkitpro/libctru/lib/libctru.a(os.o)
                0x001079ac                osGetTimeRef
 .text.osGetTime
                0x00107a00       0xec /opt/devkitpro/libctru/lib/libctru.a(os.o)
                0x00107a00                osGetTime
 *fill*         0x00107aec        0x4 
 .text.osTickCounterRead
                0x00107af0       0x38 /opt/devkitpro/libctru/lib/libctru.a(os.o)
                0x00107af0                osTickCounterRead
 .text.__ctru_speedup_config
                0x00107b28       0x34 /opt/devkitpro/libctru/lib/libctru.a(os.o)
                0x00107b28                __ctru_speedup_config
 .text.romfs_close
                0x00107b5c        0x8 /opt/devkitpro/libctru/lib/libctru.a(romfs_dev.o)
 .text.romfs_seek
                0x00107b64       0xac /opt/devkitpro/libctru/lib/libctru.a(romfs_dev.o)
 .text.romfs_dirreset
                0x00107c10       0x24 /opt/devkitpro/libctru/lib/libctru.a(romfs_dev.o)
 .text.fill_dir
                0x00107c34       0xc0 /opt/devkitpro/libctru/lib/libctru.a(romfs_dev.o)
 .text.romfs_dirnext
                0x00107cf4      0x2ac /opt/devkitpro/libctru/lib/libctru.a(romfs_dev.o)
 .text.romfs_free
                0x00107fa0       0x74 /opt/devkitpro/libctru/lib/libctru.a(romfs_dev.o)
 .text.searchForFile.constprop.0
                0x00108014       0xd0 /opt/devkitpro/libctru/lib/libctru.a(romfs_dev.o)
 .text.searchForDir.constprop.0
                0x001080e4       0xd4 /opt/devkitpro/libctru/lib/libctru.a(romfs_dev.o)
 .text.navigateToDir.constprop.0
                0x001081b8      0x1c0 /opt/devkitpro/libctru/lib/libctru.a(romfs_dev.o)
 .text.romfs_open
                0x00108378      0x114 /opt/devkitpro/libctru/lib/libctru.a(romfs_dev.o)
 .text.romfs_chdir
                0x0010848c       0x4c /opt/devkitpro/libctru/lib/libctru.a(romfs_dev.o)
 .text.romfs_diropen
                0x001084d8       0x68 /opt/devkitpro/libctru/lib/libctru.a(romfs_dev.o)
 .text.romfs_stat
                0x00108540      0x178 /opt/devkitpro/libctru/lib/libctru.a(romfs_dev.o)
 .text.romfs_dirclose
                0x001086b8        0x8 /opt/devkitpro/libctru/lib/libctru.a(romfs_dev.o)
 .text.romfs_fstat
                0x001086c0       0x7c /opt/devkitpro/libctru/lib/libctru.a(romfs_dev.o)
 .text.romfs_read
                0x0010873c       0xd0 /opt/devkitpro/libctru/lib/libctru.a(romfs_dev.o)
 .text.romfsMountFromFile
                0x0010880c      0x294 /opt/devkitpro/libctru/lib/libctru.a(romfs_dev.o)
                0x0010880c                romfsMountFromFile
 .text.romfsMountFromCurrentProcess
                0x00108aa0       0x98 /opt/devkitpro/libctru/lib/libctru.a(romfs_dev.o)
                0x00108aa0                romfsMountFromCurrentProcess
 .text.romfsMountSelf
                0x00108b38      0x258 /opt/devkitpro/libctru/lib/libctru.a(romfs_dev.o)
                0x00108b38                romfsMountSelf
 .text.romfsUnmount
                0x00108d90       0xa0 /opt/devkitpro/libctru/lib/libctru.a(romfs_dev.o)
                0x00108d90                romfsUnmount
 .text.GPUCMD_Add
                0x00108e30      0x13c /opt/devkitpro/libctru/lib/libctru.a(gpu.o)
                0x00108e30                GPUCMD_Add
 .text.GPUCMD_Split
                0x00108f6c       0xb0 /opt/devkitpro/libctru/lib/libctru.a(gpu.o)
                0x00108f6c                GPUCMD_Split
 .text.f32tof16
                0x0010901c       0x34 /opt/devkitpro/libctru/lib/libctru.a(gpu.o)
                0x0010901c                f32tof16
 .text.f32tof24
                0x00109050       0x34 /opt/devkitpro/libctru/lib/libctru.a(gpu.o)
                0x00109050                f32tof24
 .text.f32tof31
                0x00109084       0x38 /opt/devkitpro/libctru/lib/libctru.a(gpu.o)
                0x00109084                f32tof31
 .text.GX_BindQueue
                0x001090bc       0x10 /opt/devkitpro/libctru/lib/libctru.a(gx.o)
                0x001090bc                GX_BindQueue
 .text.GX_ProcessCommandList
                0x001090cc       0x7c /opt/devkitpro/libctru/lib/libctru.a(gx.o)
                0x001090cc                GX_ProcessCommandList
 .text.GX_MemoryFill
                0x00109148       0x74 /opt/devkitpro/libctru/lib/libctru.a(gx.o)
                0x00109148                GX_MemoryFill
 .text.GX_DisplayTransfer
                0x001091bc       0x74 /opt/devkitpro/libctru/lib/libctru.a(gx.o)
                0x001091bc                GX_DisplayTransfer
 .text.GX_TextureCopy
                0x00109230       0x78 /opt/devkitpro/libctru/lib/libctru.a(gx.o)
                0x00109230                GX_TextureCopy
 .text.gxCmdQueueDoCommands.part.0
                0x001092a8       0x64 /opt/devkitpro/libctru/lib/libctru.a(gxqueue.o)
 .text.gxCmdQueueInterrupt
                0x0010930c       0xe4 /opt/devkitpro/libctru/lib/libctru.a(gxqueue.o)
                0x0010930c                gxCmdQueueInterrupt
 .text.gxCmdQueueClear
                0x001093f0       0x68 /opt/devkitpro/libctru/lib/libctru.a(gxqueue.o)
                0x001093f0                gxCmdQueueClear
 .text.gxCmdQueueAdd
                0x00109458      0x108 /opt/devkitpro/libctru/lib/libctru.a(gxqueue.o)
                0x00109458                gxCmdQueueAdd
 .text.gxCmdQueueRun
                0x00109560       0x80 /opt/devkitpro/libctru/lib/libctru.a(gxqueue.o)
                0x00109560                gxCmdQueueRun
 .text.gxCmdQueueStop
                0x001095e0       0x64 /opt/devkitpro/libctru/lib/libctru.a(gxqueue.o)
                0x001095e0                gxCmdQueueStop
 .text.gxCmdQueueWait
                0x00109644       0xac /opt/devkitpro/libctru/lib/libctru.a(gxqueue.o)
                0x00109644                gxCmdQueueWait
 .text.shaderInstanceInit
                0x001096f0      0x1e0 /opt/devkitpro/libctru/lib/libctru.a(shaderProgram.o)
                0x001096f0                shaderInstanceInit
 .text.shaderInstanceGetUniformLocation
                0x001098d0       0x18 /opt/devkitpro/libctru/lib/libctru.a(shaderProgram.o)
                0x001098d0                shaderInstanceGetUniformLocation
 .text.shaderProgramInit
                0x001098e8       0x1c /opt/devkitpro/libctru/lib/libctru.a(shaderProgram.o)
                0x001098e8                shaderProgramInit
 .text.shaderProgramFree
                0x00109904       0x74 /opt/devkitpro/libctru/lib/libctru.a(shaderProgram.o)
                0x00109904                shaderProgramFree
 .text.shaderProgramSetVsh
                0x00109978       0x94 /opt/devkitpro/libctru/lib/libctru.a(shaderProgram.o)
                0x00109978                shaderProgramSetVsh
 .text.shaderProgramConfigure
                0x00109a0c      0x8d0 /opt/devkitpro/libctru/lib/libctru.a(shaderProgram.o)
                0x00109a0c                shaderProgramConfigure
 .text.DVLE_GenerateOutmap.part.0
                0x0010a2dc      0x1dc /opt/devkitpro/libctru/lib/libctru.a(shbin.o)
 .text.DVLB_ParseFile
                0x0010a4b8      0x1ac /opt/devkitpro/libctru/lib/libctru.a(shbin.o)
                0x0010a4b8                DVLB_ParseFile
 .text.DVLB_Free
                0x0010a664       0x50 /opt/devkitpro/libctru/lib/libctru.a(shbin.o)
                0x0010a664                DVLB_Free
 .text.DVLE_GetUniformRegister
                0x0010a6b4       0x74 /opt/devkitpro/libctru/lib/libctru.a(shbin.o)
                0x0010a6b4                DVLE_GetUniformRegister
 .text.aptConvertScreenForCapture
                0x0010a728      0x180 /opt/devkitpro/libctru/lib/libctru.a(apt.o)
 .text.aptDspSleep
                0x0010a8a8        0x8 /opt/devkitpro/libctru/lib/libctru.a(apt.o)
                0x0010a8a8                aptDspSleep
 .text.aptDspWakeup
                0x0010a8b0        0x4 /opt/devkitpro/libctru/lib/libctru.a(apt.o)
                0x0010a8b0                aptDspWakeup
 .text.aptDspCancel
                0x0010a8b4        0x4 /opt/devkitpro/libctru/lib/libctru.a(apt.o)
                0x0010a8b4                aptDspCancel
 .text.aptSendCommand
                0x0010a8b8      0x138 /opt/devkitpro/libctru/lib/libctru.a(apt.o)
                0x0010a8b8                aptSendCommand
 .text.aptExitProcess
                0x0010a9f0       0x44 /opt/devkitpro/libctru/lib/libctru.a(apt.o)
 .text.aptExit  0x0010aa34      0x394 /opt/devkitpro/libctru/lib/libctru.a(apt.o)
                0x0010aa34                aptExit
 .text.aptHandleSleep
                0x0010adc8       0xd8 /opt/devkitpro/libctru/lib/libctru.a(apt.o)
                0x0010adc8                aptHandleSleep
 .text.aptHook  0x0010aea0       0x34 /opt/devkitpro/libctru/lib/libctru.a(apt.o)
                0x0010aea0                aptHook
 .text.aptUnhook
                0x0010aed4       0x30 /opt/devkitpro/libctru/lib/libctru.a(apt.o)
                0x0010aed4                aptUnhook
 .text.APT_SleepIfShellClosed
                0x0010af04       0x84 /opt/devkitpro/libctru/lib/libctru.a(apt.o)
                0x0010af04                APT_SleepIfShellClosed
 .text.aptSetSleepAllowed
                0x0010af88       0x78 /opt/devkitpro/libctru/lib/libctru.a(apt.o)
                0x0010af88                aptSetSleepAllowed
 .text.APT_UnlockTransition
                0x0010b000       0x84 /opt/devkitpro/libctru/lib/libctru.a(apt.o)
                0x0010b000                APT_UnlockTransition
 *fill*         0x0010b084        0x4 
 .text.aptEventHandler
                0x0010b088      0x470 /opt/devkitpro/libctru/lib/libctru.a(apt.o)
 .text.APT_ReceiveParameter
                0x0010b4f8       0xbc /opt/devkitpro/libctru/lib/libctru.a(apt.o)
                0x0010b4f8                APT_ReceiveParameter
 .text.aptReceiveParameter.constprop.0
                0x0010b5b4       0xb0 /opt/devkitpro/libctru/lib/libctru.a(apt.o)
 *fill*         0x0010b664        0x4 
 .text.aptScreenTransfer
                0x0010b668      0x294 /opt/devkitpro/libctru/lib/libctru.a(apt.o)
 .text.aptWaitForWakeUp.isra.0
                0x0010b8fc      0x2d0 /opt/devkitpro/libctru/lib/libctru.a(apt.o)
 .text.aptJumpToHomeMenu
                0x0010bbcc       0xf4 /opt/devkitpro/libctru/lib/libctru.a(apt.o)
                0x0010bbcc                aptJumpToHomeMenu
 .text.aptMainLoop
                0x0010bcc0       0x58 /opt/devkitpro/libctru/lib/libctru.a(apt.o)
                0x0010bcc0                aptMainLoop
 .text.aptInit  0x0010bd18      0x240 /opt/devkitpro/libctru/lib/libctru.a(apt.o)
                0x0010bd18                aptInit
 .text.APT_CheckNew3DS
                0x0010bf58       0x90 /opt/devkitpro/libctru/lib/libctru.a(apt.o)
                0x0010bf58                APT_CheckNew3DS
 .text.fsInit   0x0010bfe8      0x104 /opt/devkitpro/libctru/lib/libctru.a(fs.o)
                0x0010bfe8                fsInit
 .text.fsExit   0x0010c0ec       0x3c /opt/devkitpro/libctru/lib/libctru.a(fs.o)
                0x0010c0ec                fsExit
 .text.fsExemptFromSession
                0x0010c128       0x68 /opt/devkitpro/libctru/lib/libctru.a(fs.o)
                0x0010c128                fsExemptFromSession
 .text.fsUnexemptFromSession
                0x0010c190       0x50 /opt/devkitpro/libctru/lib/libctru.a(fs.o)
                0x0010c190                fsUnexemptFromSession
 .text.FSUSER_OpenFile
                0x0010c1e0       0xcc /opt/devkitpro/libctru/lib/libctru.a(fs.o)
                0x0010c1e0                FSUSER_OpenFile
 .text.FSUSER_OpenFileDirectly
                0x0010c2ac       0xcc /opt/devkitpro/libctru/lib/libctru.a(fs.o)
                0x0010c2ac                FSUSER_OpenFileDirectly
 .text.FSUSER_DeleteFile
                0x0010c378       0xb8 /opt/devkitpro/libctru/lib/libctru.a(fs.o)
                0x0010c378                FSUSER_DeleteFile
 .text.FSUSER_RenameFile
                0x0010c430       0xf4 /opt/devkitpro/libctru/lib/libctru.a(fs.o)
                0x0010c430                FSUSER_RenameFile
 .text.FSUSER_DeleteDirectory
                0x0010c524       0xb8 /opt/devkitpro/libctru/lib/libctru.a(fs.o)
                0x0010c524                FSUSER_DeleteDirectory
 .text.FSUSER_CreateFile
                0x0010c5dc       0xd0 /opt/devkitpro/libctru/lib/libctru.a(fs.o)
                0x0010c5dc                FSUSER_CreateFile
 .text.FSUSER_CreateDirectory
                0x0010c6ac       0xc0 /opt/devkitpro/libctru/lib/libctru.a(fs.o)
                0x0010c6ac                FSUSER_CreateDirectory
 .text.FSUSER_RenameDirectory
                0x0010c76c       0xf4 /opt/devkitpro/libctru/lib/libctru.a(fs.o)
                0x0010c76c                FSUSER_RenameDirectory
 .text.FSUSER_OpenDirectory
                0x0010c860       0xb4 /opt/devkitpro/libctru/lib/libctru.a(fs.o)
                0x0010c860                FSUSER_OpenDirectory
 .text.FSUSER_OpenArchive
                0x0010c914       0x90 /opt/devkitpro/libctru/lib/libctru.a(fs.o)
                0x0010c914                FSUSER_OpenArchive
 .text.FSUSER_CloseArchive
                0x0010c9a4       0x8c /opt/devkitpro/libctru/lib/libctru.a(fs.o)
                0x0010c9a4                FSUSER_CloseArchive
 .text.FSUSER_GetSdmcArchiveResource
                0x0010ca30       0x74 /opt/devkitpro/libctru/lib/libctru.a(fs.o)
                0x0010ca30                FSUSER_GetSdmcArchiveResource
 .text.FSUSER_IsSdmcWritable
                0x0010caa4       0x64 /opt/devkitpro/libctru/lib/libctru.a(fs.o)
                0x0010caa4                FSUSER_IsSdmcWritable
 .text.FSFILE_Read
                0x0010cb08       0x64 /opt/devkitpro/libctru/lib/libctru.a(fs.o)
                0x0010cb08                FSFILE_Read
 .text.FSFILE_Write
                0x0010cb6c       0x6c /opt/devkitpro/libctru/lib/libctru.a(fs.o)
                0x0010cb6c                FSFILE_Write
 .text.FSFILE_GetSize
                0x0010cbd8       0x44 /opt/devkitpro/libctru/lib/libctru.a(fs.o)
                0x0010cbd8                FSFILE_GetSize
 .text.FSFILE_SetSize
                0x0010cc1c       0x28 /opt/devkitpro/libctru/lib/libctru.a(fs.o)
                0x0010cc1c                FSFILE_SetSize
 .text.FSFILE_Close
                0x0010cc44       0x3c /opt/devkitpro/libctru/lib/libctru.a(fs.o)
                0x0010cc44                FSFILE_Close
 .text.FSFILE_Flush
                0x0010cc80       0x24 /opt/devkitpro/libctru/lib/libctru.a(fs.o)
                0x0010cc80                FSFILE_Flush
 .text.FSDIR_Read
                0x0010cca4       0x60 /opt/devkitpro/libctru/lib/libctru.a(fs.o)
                0x0010cca4                FSDIR_Read
 .text.FSDIR_Close
                0x0010cd04       0x3c /opt/devkitpro/libctru/lib/libctru.a(fs.o)
                0x0010cd04                FSDIR_Close
 .text.gspHardwareInit
                0x0010cd40      0xc70 /opt/devkitpro/libctru/lib/libctru.a(gspgpu.o)
 .text.gspInit  0x0010d9b0      0x288 /opt/devkitpro/libctru/lib/libctru.a(gspgpu.o)
                0x0010d9b0                gspInit
 .text.gspExit  0x0010dc38      0x104 /opt/devkitpro/libctru/lib/libctru.a(gspgpu.o)
                0x0010dc38                gspExit
 .text.gspHasGpuRight
                0x0010dd3c       0x10 /opt/devkitpro/libctru/lib/libctru.a(gspgpu.o)
                0x0010dd3c                gspHasGpuRight
 .text.gspPresentBuffer
                0x0010dd4c       0xa4 /opt/devkitpro/libctru/lib/libctru.a(gspgpu.o)
                0x0010dd4c                gspPresentBuffer
 .text.gspSetEventCallback
                0x0010ddf0       0x30 /opt/devkitpro/libctru/lib/libctru.a(gspgpu.o)
                0x0010ddf0                gspSetEventCallback
 .text.gspWaitForEvent
                0x0010de20       0x50 /opt/devkitpro/libctru/lib/libctru.a(gspgpu.o)
                0x0010de20                gspWaitForEvent
 .text.gspWaitForAnyEvent
                0x0010de70       0x4c /opt/devkitpro/libctru/lib/libctru.a(gspgpu.o)
                0x0010de70                gspWaitForAnyEvent
 .text.gspEventThreadMain
                0x0010debc      0x154 /opt/devkitpro/libctru/lib/libctru.a(gspgpu.o)
 .text.gspSubmitGxCommand
                0x0010e010      0x12c /opt/devkitpro/libctru/lib/libctru.a(gspgpu.o)
                0x0010e010                gspSubmitGxCommand
 .text.GSPGPU_FlushDataCache
                0x0010e13c       0x50 /opt/devkitpro/libctru/lib/libctru.a(gspgpu.o)
                0x0010e13c                GSPGPU_FlushDataCache
 .text.GSPGPU_SetLcdForceBlack
                0x0010e18c       0x34 /opt/devkitpro/libctru/lib/libctru.a(gspgpu.o)
                0x0010e18c                GSPGPU_SetLcdForceBlack
 .text.GSPGPU_AcquireRight
                0x0010e1c0       0x84 /opt/devkitpro/libctru/lib/libctru.a(gspgpu.o)
                0x0010e1c0                GSPGPU_AcquireRight
 .text.GSPGPU_ReleaseRight
                0x0010e244       0x64 /opt/devkitpro/libctru/lib/libctru.a(gspgpu.o)
                0x0010e244                GSPGPU_ReleaseRight
 .text.GSPGPU_ImportDisplayCaptureInfo
                0x0010e2a8       0x7c /opt/devkitpro/libctru/lib/libctru.a(gspgpu.o)
                0x0010e2a8                GSPGPU_ImportDisplayCaptureInfo
 .text.GSPGPU_SaveVramSysArea
                0x0010e324       0x2c /opt/devkitpro/libctru/lib/libctru.a(gspgpu.o)
                0x0010e324                GSPGPU_SaveVramSysArea
 .text.GSPGPU_RestoreVramSysArea
                0x0010e350       0x2c /opt/devkitpro/libctru/lib/libctru.a(gspgpu.o)
                0x0010e350                GSPGPU_RestoreVramSysArea
 .text.hidShouldUseIrrst
                0x0010e37c       0x24 /opt/devkitpro/libctru/lib/libctru.a(hid.o)
                0x0010e37c                hidShouldUseIrrst
 .text.hidInit  0x0010e3a0      0x1cc /opt/devkitpro/libctru/lib/libctru.a(hid.o)
                0x0010e3a0                hidInit
 .text.hidExit  0x0010e56c       0xe8 /opt/devkitpro/libctru/lib/libctru.a(hid.o)
                0x0010e56c                hidExit
 .text.hidScanInput
                0x0010e654      0x2a0 /opt/devkitpro/libctru/lib/libctru.a(hid.o)
                0x0010e654                hidScanInput
 .text.hidKeysHeld
                0x0010e8f4       0x10 /opt/devkitpro/libctru/lib/libctru.a(hid.o)
                0x0010e8f4                hidKeysHeld
 .text.hidKeysDown
                0x0010e904       0x10 /opt/devkitpro/libctru/lib/libctru.a(hid.o)
                0x0010e904                hidKeysDown
 .text.irrstInit
                0x0010e914      0x1a4 /opt/devkitpro/libctru/lib/libctru.a(irrst.o)
                0x0010e914                irrstInit
 .text.irrstExit
                0x0010eab8       0xdc /opt/devkitpro/libctru/lib/libctru.a(irrst.o)
                0x0010eab8                irrstExit
 .text.irrstScanInput
                0x0010eb94       0xb4 /opt/devkitpro/libctru/lib/libctru.a(irrst.o)
                0x0010eb94                irrstScanInput
 .text.irrstKeysHeld
                0x0010ec48       0x24 /opt/devkitpro/libctru/lib/libctru.a(irrst.o)
                0x0010ec48                irrstKeysHeld
 .text.ptmSysmInit
                0x0010ec6c       0x78 /opt/devkitpro/libctru/lib/libctru.a(ptmsysm.o)
                0x0010ec6c                ptmSysmInit
 .text.ptmSysmExit
                0x0010ece4       0x3c /opt/devkitpro/libctru/lib/libctru.a(ptmsysm.o)
                0x0010ece4                ptmSysmExit
 .text.PTMSYSM_ConfigureNew3DSCPU
                0x0010ed20       0x34 /opt/devkitpro/libctru/lib/libctru.a(ptmsysm.o)
                0x0010ed20                PTMSYSM_ConfigureNew3DSCPU
 .text.buffer_read
                0x0010ed54       0xe0 /opt/devkitpro/libctru/lib/libctru.a(decompress.o)
 .text.iov_read
                0x0010ee34       0xcc /opt/devkitpro/libctru/lib/libctru.a(decompress.o)
 .text.iov_memmove
                0x0010ef00      0x164 /opt/devkitpro/libctru/lib/libctru.a(decompress.o)
 .text.decompress_rle
                0x0010f064      0x1e0 /opt/devkitpro/libctru/lib/libctru.a(decompress.o)
 .text.decompress_lzss
                0x0010f244      0x264 /opt/devkitpro/libctru/lib/libctru.a(decompress.o)
 .text.decompress_lz11
                0x0010f4a8      0x418 /opt/devkitpro/libctru/lib/libctru.a(decompress.o)
 .text.decompress_huff.isra.0
                0x0010f8c0      0x33c /opt/devkitpro/libctru/lib/libctru.a(decompress.o)
 .text.decompressCallback_Stdio
                0x0010fbfc       0x10 /opt/devkitpro/libctru/lib/libctru.a(decompress.o)
                0x0010fbfc                decompressCallback_Stdio
 .text.decompressHeader
                0x0010fc0c       0xe4 /opt/devkitpro/libctru/lib/libctru.a(decompress.o)
                0x0010fc0c                decompressHeader
 .text.decompressV
                0x0010fcf0      0x21c /opt/devkitpro/libctru/lib/libctru.a(decompress.o)
                0x0010fcf0                decompressV
 .text.rbtree_find
                0x0010ff0c       0x74 /opt/devkitpro/libctru/lib/libctru.a(rbtree_find.o)
                0x0010ff0c                rbtree_find
 .text.rbtree_init
                0x0010ff80       0x10 /opt/devkitpro/libctru/lib/libctru.a(rbtree_init.o)
                0x0010ff80                rbtree_init
 .text.do_insert
                0x0010ff90      0x198 /opt/devkitpro/libctru/lib/libctru.a(rbtree_insert.o)
 .text.rbtree_insert
                0x00110128        0x8 /opt/devkitpro/libctru/lib/libctru.a(rbtree_insert.o)
                0x00110128                rbtree_insert
 .text.rbtree_remove
                0x00110130      0x310 /opt/devkitpro/libctru/lib/libctru.a(rbtree_remove.o)
                0x00110130                rbtree_remove
 .text.rbtree_rotate
                0x00110440       0x90 /opt/devkitpro/libctru/lib/libctru.a(rbtree_rotate.o)
                0x00110440                rbtree_rotate
 .text.utf16_to_utf8
                0x001104d0       0xe8 /opt/devkitpro/libctru/lib/libctru.a(utf16_to_utf8.o)
                0x001104d0                utf16_to_utf8
 .text.utf8_to_utf16
                0x001105b8       0xc0 /opt/devkitpro/libctru/lib/libctru.a(utf8_to_utf16.o)
                0x001105b8                utf8_to_utf16
 .text.__system_allocateHeaps
                0x00110678      0x1e8 /opt/devkitpro/libctru/lib/libctru.a(allocateHeaps.o)
                0x00110678                __system_allocateHeaps
 .text.__libctru_init
                0x00110860       0x38 /opt/devkitpro/libctru/lib/libctru.a(ctru_init.o)
                0x00110860                __libctru_init
 .text.__system_initArgv
                0x00110898      0x16c /opt/devkitpro/libctru/lib/libctru.a(initArgv.o)
                0x00110898                __system_initArgv
 .text.__syscall_getreent
                0x00110a04       0x30 /opt/devkitpro/libctru/lib/libctru.a(syscalls.o)
                0x00110a04                __syscall_getreent
 .text.__syscall_gettod_r
                0x00110a34       0x64 /opt/devkitpro/libctru/lib/libctru.a(syscalls.o)
                0x00110a34                __syscall_gettod_r
 .text.__syscall_lock_acquire
                0x00110a98        0x4 /opt/devkitpro/libctru/lib/libctru.a(syscalls.o)
                0x00110a98                __syscall_lock_acquire
 .text.__syscall_lock_release
                0x00110a9c        0x4 /opt/devkitpro/libctru/lib/libctru.a(syscalls.o)
                0x00110a9c                __syscall_lock_release
 .text.__syscall_lock_acquire_recursive
                0x00110aa0        0x4 /opt/devkitpro/libctru/lib/libctru.a(syscalls.o)
                0x00110aa0                __syscall_lock_acquire_recursive
 .text.__syscall_lock_release_recursive
                0x00110aa4        0x4 /opt/devkitpro/libctru/lib/libctru.a(syscalls.o)
                0x00110aa4                __syscall_lock_release_recursive
 .text.__syscall_exit
                0x00110aa8        0x4 /opt/devkitpro/libctru/lib/libctru.a(syscalls.o)
                0x00110aa8                __syscall_exit
 .text.initThreadVars
                0x00110aac       0x54 /opt/devkitpro/libctru/lib/libctru.a(syscalls.o)
                0x00110aac                initThreadVars
 .text.__system_initSyscalls
                0x00110b00       0x80 /opt/devkitpro/libctru/lib/libctru.a(syscalls.o)
                0x00110b00                __system_initSyscalls
 .text.svcControlMemory
                0x00110b80       0x20 /opt/devkitpro/libctru/lib/libctru.a(svc.o)
                0x00110b80                svcControlMemory
 .text.svcQueryMemory
                0x00110ba0       0x30 /opt/devkitpro/libctru/lib/libctru.a(svc.o)
                0x00110ba0                svcQueryMemory
 .text.svcExitProcess
                0x00110bd0        0x8 /opt/devkitpro/libctru/lib/libctru.a(svc.o)
                0x00110bd0                svcExitProcess
 .text.svcCreateThread
                0x00110bd8       0x20 /opt/devkitpro/libctru/lib/libctru.a(svc.o)
                0x00110bd8                svcCreateThread
 .text.svcExitThread
                0x00110bf8        0x8 /opt/devkitpro/libctru/lib/libctru.a(svc.o)
                0x00110bf8                svcExitThread
 .text.svcSleepThread
                0x00110c00        0x8 /opt/devkitpro/libctru/lib/libctru.a(svc.o)
                0x00110c00                svcSleepThread
 .text.svcReleaseMutex
                0x00110c08        0x8 /opt/devkitpro/libctru/lib/libctru.a(svc.o)
                0x00110c08                svcReleaseMutex
 .text.svcCreateEvent
                0x00110c10       0x14 /opt/devkitpro/libctru/lib/libctru.a(svc.o)
                0x00110c10                svcCreateEvent
 .text.svcSignalEvent
                0x00110c24        0x8 /opt/devkitpro/libctru/lib/libctru.a(svc.o)
                0x00110c24                svcSignalEvent
 .text.svcClearEvent
                0x00110c2c        0x8 /opt/devkitpro/libctru/lib/libctru.a(svc.o)
                0x00110c2c                svcClearEvent
 .text.svcMapMemoryBlock
                0x00110c34        0x8 /opt/devkitpro/libctru/lib/libctru.a(svc.o)
                0x00110c34                svcMapMemoryBlock
 .text.svcUnmapMemoryBlock
                0x00110c3c        0x8 /opt/devkitpro/libctru/lib/libctru.a(svc.o)
                0x00110c3c                svcUnmapMemoryBlock
 .text.svcCreateAddressArbiter
                0x00110c44       0x14 /opt/devkitpro/libctru/lib/libctru.a(svc.o)
                0x00110c44                svcCreateAddressArbiter
 .text.svcArbitrateAddressNoTimeout
                0x00110c58        0x8 /opt/devkitpro/libctru/lib/libctru.a(svc.o)
                0x00110c58                svcArbitrateAddressNoTimeout
 .text.svcCloseHandle
                0x00110c60        0x8 /opt/devkitpro/libctru/lib/libctru.a(svc.o)
                0x00110c60                svcCloseHandle
 .text.svcWaitSynchronization
                0x00110c68        0x8 /opt/devkitpro/libctru/lib/libctru.a(svc.o)
                0x00110c68                svcWaitSynchronization
 .text.svcWaitSynchronizationN
                0x00110c70       0x28 /opt/devkitpro/libctru/lib/libctru.a(svc.o)
                0x00110c70                svcWaitSynchronizationN
 .text.svcDuplicateHandle
                0x00110c98       0x14 /opt/devkitpro/libctru/lib/libctru.a(svc.o)
                0x00110c98                svcDuplicateHandle
 .text.svcGetSystemTick
                0x00110cac        0x8 /opt/devkitpro/libctru/lib/libctru.a(svc.o)
                0x00110cac                svcGetSystemTick
 .text.svcConnectToPort
                0x00110cb4       0x14 /opt/devkitpro/libctru/lib/libctru.a(svc.o)
                0x00110cb4                svcConnectToPort
 .text.svcSendSyncRequest
                0x00110cc8        0x8 /opt/devkitpro/libctru/lib/libctru.a(svc.o)
                0x00110cc8                svcSendSyncRequest
 .text.svcGetResourceLimit
                0x00110cd0       0x14 /opt/devkitpro/libctru/lib/libctru.a(svc.o)
                0x00110cd0                svcGetResourceLimit
 .text.svcGetResourceLimitLimitValues
                0x00110ce4        0x8 /opt/devkitpro/libctru/lib/libctru.a(svc.o)
                0x00110ce4                svcGetResourceLimitLimitValues
 .text.svcGetResourceLimitCurrentValues
                0x00110cec        0x8 /opt/devkitpro/libctru/lib/libctru.a(svc.o)
                0x00110cec                svcGetResourceLimitCurrentValues
 .text.svcBreak
                0x00110cf4        0x8 /opt/devkitpro/libctru/lib/libctru.a(svc.o)
                0x00110cf4                svcBreak
 .text.__aeabi_read_tp
                0x00110cfc        0xc /opt/devkitpro/libctru/lib/libctru.a(readtp.o)
                0x00110cfc                __aeabi_read_tp
 .text.initSystem
                0x00110d08       0x50 /opt/devkitpro/libctru/lib/libctru.a(stack_adjust.o)
                0x00110d08                initSystem
 .text.__ctru_exit
                0x00110d58       0x14 /opt/devkitpro/libctru/lib/libctru.a(stack_adjust.o)
                0x00110d58                __ctru_exit
 .text.envGetHandle
                0x00110d6c       0x8c /opt/devkitpro/libctru/lib/libctru.a(env.o)
                0x00110d6c                envGetHandle
 .text.envDestroyHandles
                0x00110df8       0x50 /opt/devkitpro/libctru/lib/libctru.a(env.o)
                0x00110df8                envDestroyHandles
 .text.srvInit  0x00110e48      0x164 /opt/devkitpro/libctru/lib/libctru.a(srv.o)
                0x00110e48                srvInit
 .text.srvExit  0x00110fac       0x64 /opt/devkitpro/libctru/lib/libctru.a(srv.o)
                0x00110fac                srvExit
 .text.srvEnableNotification
                0x00111010       0x60 /opt/devkitpro/libctru/lib/libctru.a(srv.o)
                0x00111010                srvEnableNotification
 .text.srvGetServiceHandleDirect
                0x00111070       0xa0 /opt/devkitpro/libctru/lib/libctru.a(srv.o)
                0x00111070                srvGetServiceHandleDirect
 .text.srvGetServiceHandle
                0x00111110       0x48 /opt/devkitpro/libctru/lib/libctru.a(srv.o)
                0x00111110                srvGetServiceHandle
 .text.srvSubscribe
                0x00111158       0x34 /opt/devkitpro/libctru/lib/libctru.a(srv.o)
                0x00111158                srvSubscribe
 .text.srvReceiveNotification
                0x0011118c       0x60 /opt/devkitpro/libctru/lib/libctru.a(srv.o)
                0x0011118c                srvReceiveNotification
 .text.srvPublishToSubscriber
                0x001111ec       0x38 /opt/devkitpro/libctru/lib/libctru.a(srv.o)
                0x001111ec                srvPublishToSubscriber
 .text.__sync_init
                0x00111224        0xc /opt/devkitpro/libctru/lib/libctru.a(synchronization.o)
                0x00111224                __sync_init
 .text.__sync_fini
                0x00111230       0x18 /opt/devkitpro/libctru/lib/libctru.a(synchronization.o)
                0x00111230                __sync_fini
 .text.syncArbitrateAddress
                0x00111248       0x28 /opt/devkitpro/libctru/lib/libctru.a(synchronization.o)
                0x00111248                syncArbitrateAddress
 .text.LightLock_Lock
                0x00111270       0xac /opt/devkitpro/libctru/lib/libctru.a(synchronization.o)
                0x00111270                LightLock_Lock
 .text.LightLock_Unlock
                0x0011131c       0x40 /opt/devkitpro/libctru/lib/libctru.a(synchronization.o)
                0x0011131c                LightLock_Unlock
 .text.RecursiveLock_Lock
                0x0011135c       0x54 /opt/devkitpro/libctru/lib/libctru.a(synchronization.o)
                0x0011135c                RecursiveLock_Lock
 .text.RecursiveLock_Unlock
                0x001113b0       0x54 /opt/devkitpro/libctru/lib/libctru.a(synchronization.o)
                0x001113b0                RecursiveLock_Unlock
 .text.LightEvent_Init
                0x00111404       0x44 /opt/devkitpro/libctru/lib/libctru.a(synchronization.o)
                0x00111404                LightEvent_Init
 .text.LightEvent_Clear
                0x00111448       0xb8 /opt/devkitpro/libctru/lib/libctru.a(synchronization.o)
                0x00111448                LightEvent_Clear
 .text.LightEvent_Signal
                0x00111500       0xdc /opt/devkitpro/libctru/lib/libctru.a(synchronization.o)
                0x00111500                LightEvent_Signal
 .text.LightEvent_TryWait
                0x001115dc       0x50 /opt/devkitpro/libctru/lib/libctru.a(synchronization.o)
                0x001115dc                LightEvent_TryWait
 .text.LightEvent_Wait
                0x0011162c       0xac /opt/devkitpro/libctru/lib/libctru.a(synchronization.o)
                0x0011162c                LightEvent_Wait
 .text.threadCreate
                0x001116d8      0x1fc /opt/devkitpro/libctru/lib/libctru.a(thread.o)
                0x001116d8                threadCreate
 .text.threadFree
                0x001118d4       0x38 /opt/devkitpro/libctru/lib/libctru.a(thread.o)
                0x001118d4                threadFree
 .text.threadJoin
                0x0011190c       0x24 /opt/devkitpro/libctru/lib/libctru.a(thread.o)
                0x0011190c                threadJoin
 .text.threadGetCurrent
                0x00111930       0x30 /opt/devkitpro/libctru/lib/libctru.a(thread.o)
                0x00111930                threadGetCurrent
 .text.threadExit
                0x00111960       0x40 /opt/devkitpro/libctru/lib/libctru.a(thread.o)
                0x00111960                threadExit
 .text._thread_begin
                0x001119a0       0x20 /opt/devkitpro/libctru/lib/libctru.a(thread.o)
 .text.mappableFindAddressWithin
                0x001119c0       0x90 /opt/devkitpro/libctru/lib/libctru.a(mappable.o)
 .text.mappableInit
                0x00111a50       0x28 /opt/devkitpro/libctru/lib/libctru.a(mappable.o)
                0x00111a50                mappableInit
 .text.mappableAlloc
                0x00111a78       0x7c /opt/devkitpro/libctru/lib/libctru.a(mappable.o)
                0x00111a78                mappableAlloc
 .text.mappableFree
                0x00111af4        0x4 /opt/devkitpro/libctru/lib/libctru.a(mappable.o)
                0x00111af4                mappableFree
 .text.srvPmGetSessionHandle
                0x00111af8        0xc /opt/devkitpro/libctru/lib/libctru.a(srvpm.o)
                0x00111af8                srvPmGetSessionHandle
 .text.rbtree_node_next
                0x00111b04       0x60 /opt/devkitpro/libctru/lib/libctru.a(rbtree_iterator.o)
                0x00111b04                rbtree_node_next
 .text.decode_utf16
                0x00111b64       0x54 /opt/devkitpro/libctru/lib/libctru.a(decode_utf16.o)
                0x00111b64                decode_utf16
 .text.decode_utf8
                0x00111bb8      0x140 /opt/devkitpro/libctru/lib/libctru.a(decode_utf8.o)
                0x00111bb8                decode_utf8
 .text.encode_utf16
                0x00111cf8       0x54 /opt/devkitpro/libctru/lib/libctru.a(encode_utf16.o)
                0x00111cf8                encode_utf16
 .text.encode_utf8
                0x00111d4c       0xe0 /opt/devkitpro/libctru/lib/libctru.a(encode_utf8.o)
                0x00111d4c                encode_utf8
 .text.__appExit
                0x00111e2c       0x30 /opt/devkitpro/libctru/lib/libctru.a(appExit.o)
                0x00111e2c                __appExit
 .text.__appInit
                0x00111e5c       0x30 /opt/devkitpro/libctru/lib/libctru.a(appInit.o)
                0x00111e5c                __appInit
 .text.__libctru_exit
                0x00111e8c       0x90 /opt/devkitpro/libctru/lib/libctru.a(ctru_exit.o)
                0x00111e8c                __libctru_exit
 .text.error_cmp
                0x00111f1c       0x24 /opt/devkitpro/libctru/lib/libctru.a(archive_dev.o)
 .text.archive_translate_error
                0x00111f40       0x50 /opt/devkitpro/libctru/lib/libctru.a(archive_dev.o)
 .text.archive_seek
                0x00111f90       0xc0 /opt/devkitpro/libctru/lib/libctru.a(archive_dev.o)
 .text._archiveInit.part.0
                0x00112050       0x78 /opt/devkitpro/libctru/lib/libctru.a(archive_dev.o)
 .text.archiveFindDevice.part.0
                0x001120c8      0x110 /opt/devkitpro/libctru/lib/libctru.a(archive_dev.o)
 .text.archive_utf16path
                0x001121d8      0x298 /opt/devkitpro/libctru/lib/libctru.a(archive_dev.o)
 .text._archiveUnmountDeviceStruct.part.0
                0x00112470       0x98 /opt/devkitpro/libctru/lib/libctru.a(archive_dev.o)
 .text._archiveMountDevice
                0x00112508      0x178 /opt/devkitpro/libctru/lib/libctru.a(archive_dev.o)
 .text.archive_diropen
                0x00112680       0xf8 /opt/devkitpro/libctru/lib/libctru.a(archive_dev.o)
 .text.archive_fstat
                0x00112778       0xac /opt/devkitpro/libctru/lib/libctru.a(archive_dev.o)
 .text.archive_fsync
                0x00112824       0x74 /opt/devkitpro/libctru/lib/libctru.a(archive_dev.o)
 .text.archive_close
                0x00112898       0x74 /opt/devkitpro/libctru/lib/libctru.a(archive_dev.o)
 .text.archive_dirclose
                0x0011290c       0x78 /opt/devkitpro/libctru/lib/libctru.a(archive_dev.o)
 .text.sdmc_statvfs
                0x00112984       0xec /opt/devkitpro/libctru/lib/libctru.a(archive_dev.o)
 .text.archive_chdir
                0x00112a70       0xf8 /opt/devkitpro/libctru/lib/libctru.a(archive_dev.o)
 .text.archive_ftruncate
                0x00112b68       0x8c /opt/devkitpro/libctru/lib/libctru.a(archive_dev.o)
 .text.archive_read
                0x00112bf4       0xbc /opt/devkitpro/libctru/lib/libctru.a(archive_dev.o)
 .text.archive_unlink
                0x00112cb0       0xa8 /opt/devkitpro/libctru/lib/libctru.a(archive_dev.o)
 .text.archive_rmdir
                0x00112d58       0xc0 /opt/devkitpro/libctru/lib/libctru.a(archive_dev.o)
 .text.archive_mkdir
                0x00112e18       0xd8 /opt/devkitpro/libctru/lib/libctru.a(archive_dev.o)
 .text.archive_stat
                0x00112ef0      0x1a0 /opt/devkitpro/libctru/lib/libctru.a(archive_dev.o)
 .text.archive_dirnext
                0x00113090      0x164 /opt/devkitpro/libctru/lib/libctru.a(archive_dev.o)
 .text.archive_write
                0x001131f4      0x13c /opt/devkitpro/libctru/lib/libctru.a(archive_dev.o)
 .text.archive_open
                0x00113330      0x254 /opt/devkitpro/libctru/lib/libctru.a(archive_dev.o)
 .text.archive_rename
                0x00113584      0x270 /opt/devkitpro/libctru/lib/libctru.a(archive_dev.o)
 .text.archiveMountSdmc
                0x001137f4      0x1c8 /opt/devkitpro/libctru/lib/libctru.a(archive_dev.o)
                0x001137f4                archiveMountSdmc
 .text.archiveUnmountAll
                0x001139bc       0x54 /opt/devkitpro/libctru/lib/libctru.a(archive_dev.o)
                0x001139bc                archiveUnmountAll
 .text.sinf     0x00113a10      0x264 /opt/devkitpro/devkitARM/lib/gcc/arm-none-eabi/15.2.0/../../../../arm-none-eabi/lib/armv6k/fpu/libm.a(libm_a-sinf.o)
                0x00113a10                sinf
 .text.with_errnof
                0x00113c74       0x24 /opt/devkitpro/devkitARM/lib/gcc/arm-none-eabi/15.2.0/../../../../arm-none-eabi/lib/armv6k/fpu/libm.a(libm_a-math_errf.o)
 .text.__math_invalidf
                0x00113c98       0x1c /opt/devkitpro/devkitARM/lib/gcc/arm-none-eabi/15.2.0/../../../../arm-none-eabi/lib/armv6k/fpu/libm.a(libm_a-math_errf.o)
                0x00113c98                __math_invalidf
 *fill*         0x00113cb4        0x4 
 .text.cosf     0x00113cb8      0x25c /opt/devkitpro/devkitARM/lib/gcc/arm-none-eabi/15.2.0/../../../../arm-none-eabi/lib/armv6k/fpu/libm.a(libm_a-cosf.o)
                0x00113cb8                cosf
 .text.__udivmoddi4
                0x00113f14      0x130 /opt/devkitpro/devkitARM/lib/gcc/arm-none-eabi/15.2.0/armv6k/fpu/libgcc.a(_udivmoddi4.o)
                0x00113f14                __udivmoddi4
 .text.strncat  0x00114044       0xe4 /opt/devkitpro/devkitARM/lib/gcc/arm-none-eabi/15.2.0/../../../../arm-none-eabi/lib/armv6k/fpu/libg.a(libc_a-strncat.o)
                0x00114044                strncat
 .text.srand    0x00114128       0x1c /opt/devkitpro/devkitARM/lib/gcc/arm-none-eabi/15.2.0/../../../../arm-none-eabi/lib/armv6k/fpu/libg.a(libc_a-rand.o)
                0x00114128                srand
 .text.rand     0x00114144       0x44 /opt/devkitpro/devkitARM/lib/gcc/arm-none-eabi/15.2.0/../../../../arm-none-eabi/lib/armv6k/fpu/libg.a(libc_a-rand.o)
                0x00114144                rand
 .text.memcpy   0x00114188      0x128 /opt/devkitpro/devkitARM/lib/gcc/arm-none-eabi/15.2.0/../../../../arm-none-eabi/lib/armv6k/fpu/libg.a(libc_a-memcpy-stub.o)
                0x00114188                memcpy
 .text.strlen   0x001142b0       0x8c /opt/devkitpro/devkitARM/lib/gcc/arm-none-eabi/15.2.0/../../../../arm-none-eabi/lib/armv6k/fpu/libg.a(libc_a-strlen.o)
                0x001142b0                strlen
 .text._fread_r
                0x0011433c      0x334 /opt/devkitpro/devkitARM/lib/gcc/arm-none-eabi/15.2.0/../../../../arm-none-eabi/lib/armv6k/fpu/libg.a(libc_a-fread.o)
                0x0011433c                _fread_r
 .text.fread    0x00114670       0x38 /opt/devkitpro/devkitARM/lib/gcc/arm-none-eabi/15.2.0/../../../../arm-none-eabi/lib/armv6k/fpu/libg.a(libc_a-fread.o)
                0x00114670                fread
 .text.bsearch  0x001146a8       0x78 /opt/devkitpro/devkitARM/lib/gcc/arm-none-eabi/15.2.0/../../../../arm-none-eabi/lib/armv6k/fpu/libg.a(libc_a-bsearch.o)
                0x001146a8                bsearch
 .text._fopen_r
                0x00114720      0x134 /opt/devkitpro/devkitARM/lib/gcc/arm-none-eabi/15.2.0/../../../../arm-none-eabi/lib/armv6k/fpu/libg.a(libc_a-fopen.o)
                0x00114720                _fopen_r
 .text.fopen    0x00114854       0x28 /opt/devkitpro/devkitARM/lib/gcc/arm-none-eabi/15.2.0/../../../../arm-none-eabi/lib/armv6k/fpu/libg.a(libc_a-fopen.o)
                0x00114854                fopen
 .text.memalign
                0x0011487c       0x28 /opt/devkitpro/devkitARM/lib/gcc/arm-none-eabi/15.2.0/../../../../arm-none-eabi/lib/armv6k/fpu/libg.a(libc_a-malign.o)
                0x0011487c                memalign
 .text.printf   0x001148a4       0x34 /opt/devkitpro/devkitARM/lib/gcc/arm-none-eabi/15.2.0/../../../../arm-none-eabi/lib/armv6k/fpu/libg.a(libc_a-printf.o)
                0x001148a4                printf
 .text._strtoul_l.isra.0
                0x001148d8      0x1ec /opt/devkitpro/devkitARM/lib/gcc/arm-none-eabi/15.2.0/../../../../arm-none-eabi/lib/armv6k/fpu/libg.a(libc_a-strtoul.o)
 .text.strtoul  0x00114ac4       0x3c /opt/devkitpro/devkitARM/lib/gcc/arm-none-eabi/15.2.0/../../../../arm-none-eabi/lib/armv6k/fpu/libg.a(libc_a-strtoul.o)
                0x00114ac4                strtoul
 .text.strchr   0x00114b00      0x140 /opt/devkitpro/devkitARM/lib/gcc/arm-none-eabi/15.2.0/../../../../arm-none-eabi/lib/armv6k/fpu/libg.a(libc_a-strchr.o)
                0x00114b00                strchr
 .text.memcmp   0x00114c40       0xd8 /opt/devkitpro/devkitARM/lib/gcc/arm-none-eabi/15.2.0/../../../../arm-none-eabi/lib/armv6k/fpu/libg.a(libc_a-memcmp.o)
                0x00114c40                memcmp
 .text.calloc   0x00114d18       0x28 /opt/devkitpro/devkitARM/lib/gcc/arm-none-eabi/15.2.0/../../../../arm-none-eabi/lib/armv6k/fpu/libg.a(libc_a-calloc.o)
                0x00114d18                calloc
 .text._memalign_r
                0x00114d40      0x16c /opt/devkitpro/devkitARM/lib/gcc/arm-none-eabi/15.2.0/../../../../arm-none-eabi/lib/armv6k/fpu/libg.a(libc_a-malignr.o)
                0x00114d40                _memalign_r
 .text.__errno  0x00114eac        0xc /opt/devkitpro/devkitARM/lib/gcc/arm-none-eabi/15.2.0/../../../../arm-none-eabi/lib/armv6k/fpu/libg.a(libc_a-errno.o)
                0x00114eac                __errno
 .text.__smakebuf_r
                0x00114eb8      0x164 /opt/devkitpro/devkitARM/lib/gcc/arm-none-eabi/15.2.0/../../../../arm-none-eabi/lib/armv6k/fpu/libg.a(libc_a-makebuf.o)
                0x00114eb8                __smakebuf_r
 .text.__swhatbuf_r
                0x0011501c       0x90 /opt/devkitpro/devkitARM/lib/gcc/arm-none-eabi/15.2.0/../../../../arm-none-eabi/lib/armv6k/fpu/libg.a(libc_a-makebuf.o)
                0x0011501c                __swhatbuf_r
 .text.memset   0x001150ac       0xe4 /opt/devkitpro/devkitARM/lib/gcc/arm-none-eabi/15.2.0/../../../../arm-none-eabi/lib/armv6k/fpu/libg.a(libc_a-memset.o)
                0x001150ac                memset
 .text._calloc_r
                0x00115190       0xd8 /opt/devkitpro/devkitARM/lib/gcc/arm-none-eabi/15.2.0/../../../../arm-none-eabi/lib/armv6k/fpu/libg.a(libc_a-callocr.o)
                0x00115190                _calloc_r
 .text.__sflush_r
                0x00115268      0x22c /opt/devkitpro/devkitARM/lib/gcc/arm-none-eabi/15.2.0/../../../../arm-none-eabi/lib/armv6k/fpu/libg.a(libc_a-fflush.o)
                0x00115268                __sflush_r
 .text._fflush_r
                0x00115494       0xc4 /opt/devkitpro/devkitARM/lib/gcc/arm-none-eabi/15.2.0/../../../../arm-none-eabi/lib/armv6k/fpu/libg.a(libc_a-fflush.o)
                0x00115494                _fflush_r
 .text._malloc_r
                0x00115558      0x82c /opt/devkitpro/devkitARM/lib/gcc/arm-none-eabi/15.2.0/../../../../arm-none-eabi/lib/armv6k/fpu/libg.a(libc_a-mallocr.o)
                0x00115558                _malloc_r
 .text._malloc_trim_r
                0x00115d84      0x114 /opt/devkitpro/devkitARM/lib/gcc/arm-none-eabi/15.2.0/../../../../arm-none-eabi/lib/armv6k/fpu/libg.a(libc_a-freer.o)
                0x00115d84                _malloc_trim_r
 .text._free_r  0x00115e98      0x314 /opt/devkitpro/devkitARM/lib/gcc/arm-none-eabi/15.2.0/../../../../arm-none-eabi/lib/armv6k/fpu/libg.a(libc_a-freer.o)
                0x00115e98                _free_r
 .text.setvbuf  0x001161ac      0x294 /opt/devkitpro/devkitARM/lib/gcc/arm-none-eabi/15.2.0/../../../../arm-none-eabi/lib/armv6k/fpu/libg.a(libc_a-setvbuf.o)
                0x001161ac                setvbuf
 .text.stdio_exit_handler
                0x00116440       0x1c /opt/devkitpro/devkitARM/lib/gcc/arm-none-eabi/15.2.0/../../../../arm-none-eabi/lib/armv6k/fpu/libg.a(libc_a-findfp.o)
 .text.cleanup_stdio
                0x0011645c       0x5c /opt/devkitpro/devkitARM/lib/gcc/arm-none-eabi/15.2.0/../../../../arm-none-eabi/lib/armv6k/fpu/libg.a(libc_a-findfp.o)
 .text.global_stdio_init.part.0
                0x001164b8      0x154 /opt/devkitpro/devkitARM/lib/gcc/arm-none-eabi/15.2.0/../../../../arm-none-eabi/lib/armv6k/fpu/libg.a(libc_a-findfp.o)
 .text.__sfp    0x0011660c      0x138 /opt/devkitpro/devkitARM/lib/gcc/arm-none-eabi/15.2.0/../../../../arm-none-eabi/lib/armv6k/fpu/libg.a(libc_a-findfp.o)
                0x0011660c                __sfp
 .text.__sinit  0x00116744       0x5c /opt/devkitpro/devkitARM/lib/gcc/arm-none-eabi/15.2.0/../../../../arm-none-eabi/lib/armv6k/fpu/libg.a(libc_a-findfp.o)
                0x00116744                __sinit
 .text.__sfp_lock_acquire
                0x001167a0        0xc /opt/devkitpro/devkitARM/lib/gcc/arm-none-eabi/15.2.0/../../../../arm-none-eabi/lib/armv6k/fpu/libg.a(libc_a-findfp.o)
                0x001167a0                __sfp_lock_acquire
 .text.__sfp_lock_release
                0x001167ac        0xc /opt/devkitpro/devkitARM/lib/gcc/arm-none-eabi/15.2.0/../../../../arm-none-eabi/lib/armv6k/fpu/libg.a(libc_a-findfp.o)
                0x001167ac                __sfp_lock_release
 .text.__libc_init_array
                0x001167b8       0x84 /opt/devkitpro/devkitARM/lib/gcc/arm-none-eabi/15.2.0/../../../../arm-none-eabi/lib/armv6k/fpu/libg.a(libc_a-init.o)
                0x001167b8                __libc_init_array
 .text.strncpy  0x0011683c       0xd4 /opt/devkitpro/devkitARM/lib/gcc/arm-none-eabi/15.2.0/../../../../arm-none-eabi/lib/armv6k/fpu/libg.a(libc_a-strncpy.o)
                0x0011683c                strncpy
 .text._fseek_r
                0x00116910       0x1c /opt/devkitpro/devkitARM/lib/gcc/arm-none-eabi/15.2.0/../../../../arm-none-eabi/lib/armv6k/fpu/libg.a(libc_a-fseek.o)
                0x00116910                _fseek_r
 .text.malloc   0x0011692c       0x40 /opt/devkitpro/devkitARM/lib/gcc/arm-none-eabi/15.2.0/../../../../arm-none-eabi/lib/armv6k/fpu/libg.a(libc_a-malloc.o)
                0x0011692c                malloc
 .text.free     0x0011696c       0x20 /opt/devkitpro/devkitARM/lib/gcc/arm-none-eabi/15.2.0/../../../../arm-none-eabi/lib/armv6k/fpu/libg.a(libc_a-malloc.o)
                0x0011696c                free
 .text.__sread  0x0011698c       0x44 /opt/devkitpro/devkitARM/lib/gcc/arm-none-eabi/15.2.0/../../../../arm-none-eabi/lib/armv6k/fpu/libg.a(libc_a-stdio.o)
                0x0011698c                __sread
 .text.__swrite
                0x001169d0       0x68 /opt/devkitpro/devkitARM/lib/gcc/arm-none-eabi/15.2.0/../../../../arm-none-eabi/lib/armv6k/fpu/libg.a(libc_a-stdio.o)
                0x001169d0                __swrite
 .text.__sseek  0x00116a38       0x40 /opt/devkitpro/devkitARM/lib/gcc/arm-none-eabi/15.2.0/../../../../arm-none-eabi/lib/armv6k/fpu/libg.a(libc_a-stdio.o)
                0x00116a38                __sseek
 .text.__sclose
                0x00116a78        0x8 /opt/devkitpro/devkitARM/lib/gcc/arm-none-eabi/15.2.0/../../../../arm-none-eabi/lib/armv6k/fpu/libg.a(libc_a-stdio.o)
                0x00116a78                __sclose
 .text.__malloc_lock
                0x00116a80        0xc /opt/devkitpro/devkitARM/lib/gcc/arm-none-eabi/15.2.0/../../../../arm-none-eabi/lib/armv6k/fpu/libg.a(libc_a-mlock.o)
                0x00116a80                __malloc_lock
 .text.__malloc_unlock
                0x00116a8c        0xc /opt/devkitpro/devkitARM/lib/gcc/arm-none-eabi/15.2.0/../../../../arm-none-eabi/lib/armv6k/fpu/libg.a(libc_a-mlock.o)
                0x00116a8c                __malloc_unlock
 .text._fseeko_r
                0x00116a98      0x588 /opt/devkitpro/devkitARM/lib/gcc/arm-none-eabi/15.2.0/../../../../arm-none-eabi/lib/armv6k/fpu/libg.a(libc_a-fseeko.o)
                0x00116a98                _fseeko_r
 .text._fclose_r
                0x00117020      0x148 /opt/devkitpro/devkitARM/lib/gcc/arm-none-eabi/15.2.0/../../../../arm-none-eabi/lib/armv6k/fpu/libg.a(libc_a-fclose.o)
                0x00117020                _fclose_r
 .text.fclose   0x00117168       0x20 /opt/devkitpro/devkitARM/lib/gcc/arm-none-eabi/15.2.0/../../../../arm-none-eabi/lib/armv6k/fpu/libg.a(libc_a-fclose.o)
                0x00117168                fclose
 .text.time     0x00117188       0x48 /opt/devkitpro/devkitARM/lib/gcc/arm-none-eabi/15.2.0/../../../../arm-none-eabi/lib/armv6k/fpu/libg.a(libc_a-time.o)
                0x00117188                time
 .text.__call_exitprocs
                0x001171d0        0x4 /opt/devkitpro/devkitARM/lib/gcc/arm-none-eabi/15.2.0/../../../../arm-none-eabi/lib/armv6k/fpu/libg.a(libc_a-exit.o)
                0x001171d0                __call_exitprocs
 .text.exit     0x001171d4       0x30 /opt/devkitpro/devkitARM/lib/gcc/arm-none-eabi/15.2.0/../../../../arm-none-eabi/lib/armv6k/fpu/libg.a(libc_a-exit.o)
                0x001171d4                exit
 .text.__sflags
                0x00117204       0xb8 /opt/devkitpro/devkitARM/lib/gcc/arm-none-eabi/15.2.0/../../../../arm-none-eabi/lib/armv6k/fpu/libg.a(libc_a-flags.o)
                0x00117204                __sflags
 .text.__libc_fini_array
                0x001172bc       0x3c /opt/devkitpro/devkitARM/lib/gcc/arm-none-eabi/15.2.0/../../../../arm-none-eabi/lib/armv6k/fpu/libg.a(libc_a-fini.o)
                0x001172bc                __libc_fini_array
 .text.strnlen  0x001172f8       0x3c /opt/devkitpro/devkitARM/lib/gcc/arm-none-eabi/15.2.0/../../../../arm-none-eabi/lib/armv6k/fpu/libg.a(libc_a-strnlen.o)
                0x001172f8                strnlen
 .text.strncmp  0x00117334       0xd8 /opt/devkitpro/devkitARM/lib/gcc/arm-none-eabi/15.2.0/../../../../arm-none-eabi/lib/armv6k/fpu/libg.a(libc_a-strncmp.o)
                0x00117334                strncmp
 .text.lflush   0x0011740c       0x38 /opt/devkitpro/devkitARM/lib/gcc/arm-none-eabi/15.2.0/../../../../arm-none-eabi/lib/armv6k/fpu/libg.a(libc_a-refill.o)
 .text.__srefill_r
                0x00117444      0x1a8 /opt/devkitpro/devkitARM/lib/gcc/arm-none-eabi/15.2.0/../../../../arm-none-eabi/lib/armv6k/fpu/libg.a(libc_a-refill.o)
                0x00117444                __srefill_r
 .text._fwalk_sglue
                0x001175ec       0x70 /opt/devkitpro/devkitARM/lib/gcc/arm-none-eabi/15.2.0/../../../../arm-none-eabi/lib/armv6k/fpu/libg.a(libc_a-fwalk.o)
                0x001175ec                _fwalk_sglue
 .text.get_arg  0x0011765c      0x5e0 /opt/devkitpro/devkitARM/lib/gcc/arm-none-eabi/15.2.0/../../../../arm-none-eabi/lib/armv6k/fpu/libg.a(libc_a-vfprintf.o)
 *fill*         0x00117c3c        0x4 
 .text._vfprintf_r
                0x00117c40     0x3554 /opt/devkitpro/devkitARM/lib/gcc/arm-none-eabi/15.2.0/../../../../arm-none-eabi/lib/armv6k/fpu/libg.a(libc_a-vfprintf.o)
                0x00117c40                _vfprintf_r
 .text.__sbprintf
                0x0011b194       0xb4 /opt/devkitpro/devkitARM/lib/gcc/arm-none-eabi/15.2.0/../../../../arm-none-eabi/lib/armv6k/fpu/libg.a(libc_a-vfprintf.o)
 .text._wcrtomb_r
                0x0011b248       0xa0 /opt/devkitpro/devkitARM/lib/gcc/arm-none-eabi/15.2.0/../../../../arm-none-eabi/lib/armv6k/fpu/libg.a(libc_a-wcrtomb.o)
                0x0011b248                _wcrtomb_r
 .text.__locale_mb_cur_max
                0x0011b2e8       0x24 /opt/devkitpro/devkitARM/lib/gcc/arm-none-eabi/15.2.0/../../../../arm-none-eabi/lib/armv6k/fpu/libg.a(libc_a-locale.o)
                0x0011b2e8                __locale_mb_cur_max
 .text.__sprint_r
                0x0011b30c       0x30 /opt/devkitpro/devkitARM/lib/gcc/arm-none-eabi/15.2.0/../../../../arm-none-eabi/lib/armv6k/fpu/libg.a(libc_a-sprint_r.o)
                0x0011b30c                __sprint_r
 .text.quorem   0x0011b33c      0x1c0 /opt/devkitpro/devkitARM/lib/gcc/arm-none-eabi/15.2.0/../../../../arm-none-eabi/lib/armv6k/fpu/libg.a(libc_a-dtoa.o)
 *fill*         0x0011b4fc        0x4 
 .text._dtoa_r  0x0011b500     0x1420 /opt/devkitpro/devkitARM/lib/gcc/arm-none-eabi/15.2.0/../../../../arm-none-eabi/lib/armv6k/fpu/libg.a(libc_a-dtoa.o)
                0x0011b500                _dtoa_r
 .text.memchr   0x0011c920       0xe8 /opt/devkitpro/devkitARM/lib/gcc/arm-none-eabi/15.2.0/../../../../arm-none-eabi/lib/armv6k/fpu/libg.a(libc_a-memchr-stub.o)
                0x0011c920                memchr
 .text._wcsrtombs_r
                0x0011ca08       0x28 /opt/devkitpro/devkitARM/lib/gcc/arm-none-eabi/15.2.0/../../../../arm-none-eabi/lib/armv6k/fpu/libg.a(libc_a-wcsrtombs.o)
                0x0011ca08                _wcsrtombs_r
 .text.__swsetup_r
                0x0011ca30      0x140 /opt/devkitpro/devkitARM/lib/gcc/arm-none-eabi/15.2.0/../../../../arm-none-eabi/lib/armv6k/fpu/libg.a(libc_a-wsetup.o)
                0x0011ca30                __swsetup_r
 .text._localeconv_r
                0x0011cb70       0x24 /opt/devkitpro/devkitARM/lib/gcc/arm-none-eabi/15.2.0/../../../../arm-none-eabi/lib/armv6k/fpu/libg.a(libc_a-localeconv.o)
                0x0011cb70                _localeconv_r
 .text.__utf8_wctomb
                0x0011cb94       0xf8 /opt/devkitpro/devkitARM/lib/gcc/arm-none-eabi/15.2.0/../../../../arm-none-eabi/lib/armv6k/fpu/libg.a(libc_a-wctomb_r.o)
                0x0011cb94                __utf8_wctomb
 .text._wcsnrtombs_l
                0x0011cc8c      0x15c /opt/devkitpro/devkitARM/lib/gcc/arm-none-eabi/15.2.0/../../../../arm-none-eabi/lib/armv6k/fpu/libg.a(libc_a-wcsnrtombs.o)
                0x0011cc8c                _wcsnrtombs_l
 .text._wcsnrtombs_r
                0x0011cde8       0x64 /opt/devkitpro/devkitARM/lib/gcc/arm-none-eabi/15.2.0/../../../../arm-none-eabi/lib/armv6k/fpu/libg.a(libc_a-wcsnrtombs.o)
                0x0011cde8                _wcsnrtombs_r
 *fill*         0x0011ce4c        0x4 
 .text.frexp    0x0011ce50       0x88 /opt/devkitpro/devkitARM/lib/gcc/arm-none-eabi/15.2.0/../../../../arm-none-eabi/lib/armv6k/fpu/libg.a(libm_a-s_frexp.o)
                0x0011ce50                frexp
 .text.__assert_func
                0x0011ced8       0x5c /opt/devkitpro/devkitARM/lib/gcc/arm-none-eabi/15.2.0/../../../../arm-none-eabi/lib/armv6k/fpu/libg.a(libc_a-assert.o)
                0x0011ced8                __assert_func
 .text._Balloc  0x0011cf34       0x88 /opt/devkitpro/devkitARM/lib/gcc/arm-none-eabi/15.2.0/../../../../arm-none-eabi/lib/armv6k/fpu/libg.a(libc_a-mprec.o)
                0x0011cf34                _Balloc
 .text._Bfree   0x0011cfbc       0x1c /opt/devkitpro/devkitARM/lib/gcc/arm-none-eabi/15.2.0/../../../../arm-none-eabi/lib/armv6k/fpu/libg.a(libc_a-mprec.o)
                0x0011cfbc                _Bfree
 .text.__multadd
                0x0011cfd8       0xf4 /opt/devkitpro/devkitARM/lib/gcc/arm-none-eabi/15.2.0/../../../../arm-none-eabi/lib/armv6k/fpu/libg.a(libc_a-mprec.o)
                0x0011cfd8                __multadd
 .text.__hi0bits
                0x0011d0cc       0x80 /opt/devkitpro/devkitARM/lib/gcc/arm-none-eabi/15.2.0/../../../../arm-none-eabi/lib/armv6k/fpu/libg.a(libc_a-mprec.o)
                0x0011d0cc                __hi0bits
 .text.__lo0bits
                0x0011d14c       0xf0 /opt/devkitpro/devkitARM/lib/gcc/arm-none-eabi/15.2.0/../../../../arm-none-eabi/lib/armv6k/fpu/libg.a(libc_a-mprec.o)
                0x0011d14c                __lo0bits
 .text.__i2b    0x0011d23c       0xa4 /opt/devkitpro/devkitARM/lib/gcc/arm-none-eabi/15.2.0/../../../../arm-none-eabi/lib/armv6k/fpu/libg.a(libc_a-mprec.o)
                0x0011d23c                __i2b
 .text.__multiply
                0x0011d2e0      0x230 /opt/devkitpro/devkitARM/lib/gcc/arm-none-eabi/15.2.0/../../../../arm-none-eabi/lib/armv6k/fpu/libg.a(libc_a-mprec.o)
                0x0011d2e0                __multiply
 .text.__pow5mult
                0x0011d510      0x130 /opt/devkitpro/devkitARM/lib/gcc/arm-none-eabi/15.2.0/../../../../arm-none-eabi/lib/armv6k/fpu/libg.a(libc_a-mprec.o)
                0x0011d510                __pow5mult
 .text.__lshift
                0x0011d640      0x138 /opt/devkitpro/devkitARM/lib/gcc/arm-none-eabi/15.2.0/../../../../arm-none-eabi/lib/armv6k/fpu/libg.a(libc_a-mprec.o)
                0x0011d640                __lshift
 .text.__mcmp   0x0011d778       0x58 /opt/devkitpro/devkitARM/lib/gcc/arm-none-eabi/15.2.0/../../../../arm-none-eabi/lib/armv6k/fpu/libg.a(libc_a-mprec.o)
                0x0011d778                __mcmp
 .text.__mdiff  0x0011d7d0      0x218 /opt/devkitpro/devkitARM/lib/gcc/arm-none-eabi/15.2.0/../../../../arm-none-eabi/lib/armv6k/fpu/libg.a(libc_a-mprec.o)
                0x0011d7d0                __mdiff
 .text.__d2b    0x0011d9e8      0x120 /opt/devkitpro/devkitARM/lib/gcc/arm-none-eabi/15.2.0/../../../../arm-none-eabi/lib/armv6k/fpu/libg.a(libc_a-mprec.o)
                0x0011d9e8                __d2b
 .text.__utf8_mbtowc
                0x0011db08      0x340 /opt/devkitpro/devkitARM/lib/gcc/arm-none-eabi/15.2.0/../../../../arm-none-eabi/lib/armv6k/fpu/libg.a(libc_a-mbtowc_r.o)
                0x0011db08                __utf8_mbtowc
 .text.fiprintf
                0x0011de48       0x3c /opt/devkitpro/devkitARM/lib/gcc/arm-none-eabi/15.2.0/../../../../arm-none-eabi/lib/armv6k/fpu/libg.a(libc_a-fiprintf.o)
                0x0011de48                fiprintf
 .text.__sfvwrite_r
                0x0011de84      0x4a4 /opt/devkitpro/devkitARM/lib/gcc/arm-none-eabi/15.2.0/../../../../arm-none-eabi/lib/armv6k/fpu/libg.a(libc_a-fvwrite.o)
                0x0011de84                __sfvwrite_r
 .text.abort    0x0011e328       0x14 /opt/devkitpro/devkitARM/lib/gcc/arm-none-eabi/15.2.0/../../../../arm-none-eabi/lib/armv6k/fpu/libg.a(libc_a-abort.o)
                0x0011e328                abort
 .text.memmove  0x0011e33c      0x1a8 /opt/devkitpro/devkitARM/lib/gcc/arm-none-eabi/15.2.0/../../../../arm-none-eabi/lib/armv6k/fpu/libg.a(libc_a-memmove.o)
                0x0011e33c                memmove
 .text._realloc_r
                0x0011e4e4      0x4f0 /opt/devkitpro/devkitARM/lib/gcc/arm-none-eabi/15.2.0/../../../../arm-none-eabi/lib/armv6k/fpu/libg.a(libc_a-reallocr.o)
                0x0011e4e4                _realloc_r
 .text.get_arg  0x0011e9d4      0x5e0 /opt/devkitpro/devkitARM/lib/gcc/arm-none-eabi/15.2.0/../../../../arm-none-eabi/lib/armv6k/fpu/libg.a(libc_a-vfiprintf.o)
 .text._vfiprintf_r
                0x0011efb4     0x22f8 /opt/devkitpro/devkitARM/lib/gcc/arm-none-eabi/15.2.0/../../../../arm-none-eabi/lib/armv6k/fpu/libg.a(libc_a-vfiprintf.o)
                0x0011efb4                _vfiprintf_r
 .text.__sbprintf
                0x001212ac       0xb4 /opt/devkitpro/devkitARM/lib/gcc/arm-none-eabi/15.2.0/../../../../arm-none-eabi/lib/armv6k/fpu/libg.a(libc_a-vfiprintf.o)
 .text._raise_r
                0x00121360       0x9c /opt/devkitpro/devkitARM/lib/gcc/arm-none-eabi/15.2.0/../../../../arm-none-eabi/lib/armv6k/fpu/libg.a(libc_a-signal.o)
                0x00121360                _raise_r
 .text.raise    0x001213fc       0x20 /opt/devkitpro/devkitARM/lib/gcc/arm-none-eabi/15.2.0/../../../../arm-none-eabi/lib/armv6k/fpu/libg.a(libc_a-signal.o)
                0x001213fc                raise
 .text._exit    0x0012141c       0x20 /opt/devkitpro/devkitARM/lib/gcc/arm-none-eabi/15.2.0/../../../../arm-none-eabi/lib/armv6k/fpu/libsysbase.a(libsysbase_libsysbase_a-_exit.o)
                0x0012141c                _exit
 .text.chdir    0x0012143c      0x140 /opt/devkitpro/devkitARM/lib/gcc/arm-none-eabi/15.2.0/../../../../arm-none-eabi/lib/armv6k/fpu/libsysbase.a(libsysbase_libsysbase_a-chdir.o)
                0x0012143c                chdir
 .text._concatenate_path
                0x0012157c      0x1c8 /opt/devkitpro/devkitARM/lib/gcc/arm-none-eabi/15.2.0/../../../../arm-none-eabi/lib/armv6k/fpu/libsysbase.a(libsysbase_libsysbase_a-concatenate.o)
                0x0012157c                _concatenate_path
 .text._fstat_r
                0x00121744       0x9c /opt/devkitpro/devkitARM/lib/gcc/arm-none-eabi/15.2.0/../../../../arm-none-eabi/lib/armv6k/fpu/libsysbase.a(libsysbase_libsysbase_a-fstat.o)
                0x00121744                _fstat_r
 .text._getpid_r
                0x001217e0       0x14 /opt/devkitpro/devkitARM/lib/gcc/arm-none-eabi/15.2.0/../../../../arm-none-eabi/lib/armv6k/fpu/libsysbase.a(libsysbase_libsysbase_a-getpid.o)
                0x001217e0                _getpid_r
 .text.__getreent
                0x001217f4       0x2c /opt/devkitpro/devkitARM/lib/gcc/arm-none-eabi/15.2.0/../../../../arm-none-eabi/lib/armv6k/fpu/libsysbase.a(libsysbase_libsysbase_a-getreent.o)
                0x001217f4                __getreent
 .text._gettimeofday_r
                0x00121820       0x30 /opt/devkitpro/devkitARM/lib/gcc/arm-none-eabi/15.2.0/../../../../arm-none-eabi/lib/armv6k/fpu/libsysbase.a(libsysbase_libsysbase_a-gettod.o)
                0x00121820                _gettimeofday_r
 .text.__release_handle
                0x00121850       0xa0 /opt/devkitpro/devkitARM/lib/gcc/arm-none-eabi/15.2.0/../../../../arm-none-eabi/lib/armv6k/fpu/libsysbase.a(libsysbase_libsysbase_a-handle_manager.o)
                0x00121850                __release_handle
 .text.__alloc_handle
                0x001218f0       0xb0 /opt/devkitpro/devkitARM/lib/gcc/arm-none-eabi/15.2.0/../../../../arm-none-eabi/lib/armv6k/fpu/libsysbase.a(libsysbase_libsysbase_a-handle_manager.o)
                0x001218f0                __alloc_handle
 .text.__get_handle
                0x001219a0       0x58 /opt/devkitpro/devkitARM/lib/gcc/arm-none-eabi/15.2.0/../../../../arm-none-eabi/lib/armv6k/fpu/libsysbase.a(libsysbase_libsysbase_a-handle_manager.o)
                0x001219a0                __get_handle
 .text._close_r
                0x001219f8      0x110 /opt/devkitpro/devkitARM/lib/gcc/arm-none-eabi/15.2.0/../../../../arm-none-eabi/lib/armv6k/fpu/libsysbase.a(libsysbase_libsysbase_a-handle_manager.o)
                0x001219f8                _close_r
 .text.null_write
                0x00121b08        0x8 /opt/devkitpro/devkitARM/lib/gcc/arm-none-eabi/15.2.0/../../../../arm-none-eabi/lib/armv6k/fpu/libsysbase.a(libsysbase_libsysbase_a-iosupport.o)
 .text.setDefaultDevice
                0x00121b10       0x18 /opt/devkitpro/devkitARM/lib/gcc/arm-none-eabi/15.2.0/../../../../arm-none-eabi/lib/armv6k/fpu/libsysbase.a(libsysbase_libsysbase_a-iosupport.o)
                0x00121b10                setDefaultDevice
 .text.FindDevice
                0x00121b28       0x98 /opt/devkitpro/devkitARM/lib/gcc/arm-none-eabi/15.2.0/../../../../arm-none-eabi/lib/armv6k/fpu/libsysbase.a(libsysbase_libsysbase_a-iosupport.o)
                0x00121b28                FindDevice
 .text.RemoveDevice
                0x00121bc0       0x24 /opt/devkitpro/devkitARM/lib/gcc/arm-none-eabi/15.2.0/../../../../arm-none-eabi/lib/armv6k/fpu/libsysbase.a(libsysbase_libsysbase_a-iosupport.o)
                0x00121bc0                RemoveDevice
 .text.AddDevice
                0x00121be4       0x88 /opt/devkitpro/devkitARM/lib/gcc/arm-none-eabi/15.2.0/../../../../arm-none-eabi/lib/armv6k/fpu/libsysbase.a(libsysbase_libsysbase_a-iosupport.o)
                0x00121be4                AddDevice
 .text.GetDeviceOpTab
                0x00121c6c       0x20 /opt/devkitpro/devkitARM/lib/gcc/arm-none-eabi/15.2.0/../../../../arm-none-eabi/lib/armv6k/fpu/libsysbase.a(libsysbase_libsysbase_a-iosupport.o)
                0x00121c6c                GetDeviceOpTab
 .text._isatty_r
                0x00121c8c        0x8 /opt/devkitpro/devkitARM/lib/gcc/arm-none-eabi/15.2.0/../../../../arm-none-eabi/lib/armv6k/fpu/libsysbase.a(libsysbase_libsysbase_a-isatty.o)
                0x00121c8c                _isatty_r
 .text._kill_r  0x00121c94       0x14 /opt/devkitpro/devkitARM/lib/gcc/arm-none-eabi/15.2.0/../../../../arm-none-eabi/lib/armv6k/fpu/libsysbase.a(libsysbase_libsysbase_a-kill.o)
                0x00121c94                _kill_r
 .text._lseek_r
                0x00121ca8       0x94 /opt/devkitpro/devkitARM/lib/gcc/arm-none-eabi/15.2.0/../../../../arm-none-eabi/lib/armv6k/fpu/libsysbase.a(libsysbase_libsysbase_a-lseek.o)
                0x00121ca8                _lseek_r
 .text._open_r  0x00121d3c       0xc0 /opt/devkitpro/devkitARM/lib/gcc/arm-none-eabi/15.2.0/../../../../arm-none-eabi/lib/armv6k/fpu/libsysbase.a(libsysbase_libsysbase_a-open.o)
                0x00121d3c                _open_r
 .text._read_r  0x00121dfc       0x94 /opt/devkitpro/devkitARM/lib/gcc/arm-none-eabi/15.2.0/../../../../arm-none-eabi/lib/armv6k/fpu/libsysbase.a(libsysbase_libsysbase_a-read.o)
                0x00121dfc                _read_r
 .text._sbrk_r  0x00121e90       0x78 /opt/devkitpro/devkitARM/lib/gcc/arm-none-eabi/15.2.0/../../../../arm-none-eabi/lib/armv6k/fpu/libsysbase.a(libsysbase_libsysbase_a-sbrk.o)
                0x00121e90                _sbrk_r
 .text.__libc_lock_acquire
                0x00121f08       0x1c /opt/devkitpro/devkitARM/lib/gcc/arm-none-eabi/15.2.0/../../../../arm-none-eabi/lib/armv6k/fpu/libsysbase.a(libsysbase_libsysbase_a-syscall_support.o)
                0x00121f08                __libc_lock_acquire
 .text.__libc_lock_release
                0x00121f24       0x1c /opt/devkitpro/devkitARM/lib/gcc/arm-none-eabi/15.2.0/../../../../arm-none-eabi/lib/armv6k/fpu/libsysbase.a(libsysbase_libsysbase_a-syscall_support.o)
                0x00121f24                __libc_lock_release
 .text.__libc_lock_acquire_recursive
                0x00121f40       0x1c /opt/devkitpro/devkitARM/lib/gcc/arm-none-eabi/15.2.0/../../../../arm-none-eabi/lib/armv6k/fpu/libsysbase.a(libsysbase_libsysbase_a-syscall_support.o)
                0x00121f40                __libc_lock_acquire_recursive
 .text.__libc_lock_release_recursive
                0x00121f5c       0x1c /opt/devkitpro/devkitARM/lib/gcc/arm-none-eabi/15.2.0/../../../../arm-none-eabi/lib/armv6k/fpu/libsysbase.a(libsysbase_libsysbase_a-syscall_support.o)
                0x00121f5c                __libc_lock_release_recursive
 .text._write_r
                0x00121f78       0x94 /opt/devkitpro/devkitARM/lib/gcc/arm-none-eabi/15.2.0/../../../../arm-none-eabi/lib/armv6k/fpu/libsysbase.a(libsysbase_libsysbase_a-write.o)
                0x00121f78                _write_r
 .text.strrchr  0x0012200c       0x48 /opt/devkitpro/devkitARM/lib/gcc/arm-none-eabi/15.2.0/../../../../arm-none-eabi/lib/armv6k/fpu/libg.a(libc_a-strrchr.o)