Archive member included to satisfy reference by file (symbol)

/opt/devkitpro/libctru/lib/libcitro2d.a(base.o)
                              main.o (C2D_Init)
/opt/devkitpro/libctru/lib/libcitro2d.a(render2d.shbin.o)
                              /opt/devkitpro/libctru/lib/libcitro2d.a(base.o) (render2d_shbin)
/opt/devkitpro/libctru/lib/libcitro3d.a(attribs.o)
                              /opt/devkitpro/libctru/lib/libcitro2d.a(base.o) (AttrInfo_Init)
/opt/devkitpro/libctru/lib/libcitro3d.a(base.o)
                              /opt/devkitpro/libctru/lib/libcitro3d.a(attribs.o) (__C3D_Context)
/opt/devkitpro/libctru/lib/libcitro3d.a(buffers.o)
                              /opt/devkitpro/libctru/lib/libcitro2d.a(base.o) (BufInfo_Init)
/opt/devkitpro/libctru/lib/libcitro3d.a(drawElements.o)
                              /opt/devkitpro/libctru/lib/libcitro2d.a(base.o) (C3D_DrawElements)
/opt/devkitpro/libctru/lib/libcitro3d.a(effect.o)
                              /opt/devkitpro/libctru/lib/libcitro3d.a(base.o) (C3D_DepthMap)
/opt/devkitpro/libctru/lib/libcitro3d.a(framebuffer.o)
                              /opt/devkitpro/libctru/lib/libcitro3d.a(base.o) (C3Di_FrameBufBind)
/opt/devkitpro/libctru/lib/libcitro3d.a(immediate.o)
                              /opt/devkitpro/libctru/lib/libcitro3d.a(base.o) (C3D_ImmSendAttrib)
/opt/devkitpro/libctru/lib/libcitro3d.a(proctex.o)
                              /opt/devkitpro/libctru/lib/libcitro2d.a(base.o) (C3D_ProcTexInit)
/opt/devkitpro/libctru/lib/libcitro3d.a(renderqueue.o)
                              /opt/devkitpro/libctru/lib/libcitro3d.a(base.o) (C3Di_RenderQueueEnableVBlank)
/opt/devkitpro/libctru/lib/libcitro3d.a(texenv.o)
                              /opt/devkitpro/libctru/lib/libcitro2d.a(base.o) (C3D_GetTexEnv)
/opt/devkitpro/libctru/lib/libcitro3d.a(texture.o)
                              /opt/devkitpro/libctru/lib/libcitro2d.a(base.o) (C3D_TexBind)
/opt/devkitpro/libctru/lib/libcitro3d.a(uniforms.o)
                              /opt/devkitpro/libctru/lib/libcitro3d.a(base.o) (C3D_UpdateUniforms)
/opt/devkitpro/libctru/lib/libcitro3d.a(mtx_multiply.o)
                              /opt/devkitpro/libctru/lib/libcitro2d.a(base.o) (Mtx_Multiply)
/opt/devkitpro/libctru/lib/libcitro3d.a(mtx_ortho.o)
                              /opt/devkitpro/libctru/lib/libcitro2d.a(base.o) (Mtx_Ortho)
/opt/devkitpro/libctru/lib/libcitro3d.a(mtx_orthotilt.o)
                              /opt/devkitpro/libctru/lib/libcitro2d.a(base.o) (Mtx_OrthoTilt)
/opt/devkitpro/libctru/lib/libcitro3d.a(mtx_rotatez.o)
                              /opt/devkitpro/libctru/lib/libcitro2d.a(base.o) (Mtx_RotateZ)
/opt/devkitpro/libctru/lib/libcitro3d.a(mtx_scale.o)
                              /opt/devkitpro/libctru/lib/libcitro2d.a(base.o) (Mtx_Scale)
/opt/devkitpro/libctru/lib/libcitro3d.a(mtx_translate.o)
                              /opt/devkitpro/libctru/lib/libcitro2d.a(base.o) (Mtx_Translate)
/opt/devkitpro/libctru/lib/libctru.a(linear.o)
                              /opt/devkitpro/libctru/lib/libcitro2d.a(base.o) (linearAlloc)
/opt/devkitpro/libctru/lib/libctru.a(mem_pool.o)
                              /opt/devkitpro/libctru/lib/libctru.a(linear.o) (_ZN7MemPool8AllocateER8MemChunkmi)
/opt/devkitpro/libctru/lib/libctru.a(vram.o)
                              /opt/devkitpro/libctru/lib/libcitro3d.a(renderqueue.o) (vramAlloc)
/opt/devkitpro/libctru/lib/libctru.a(console.o)
                              main.o (consoleInit)
/opt/devkitpro/libctru/lib/libctru.a(gfx.o)
                              /opt/devkitpro/libctru/lib/libcitro2d.a(base.o) (gfxIsWide)
/opt/devkitpro/libctru/lib/libctru.a(os.o)
                              /opt/devkitpro/libctru/lib/libcitro3d.a(buffers.o) (osConvertVirtToPhys)
/opt/devkitpro/libctru/lib/libctru.a(gpu.o)
                              /opt/devkitpro/libctru/lib/libcitro3d.a(renderqueue.o) (gpuCmdBuf)
/opt/devkitpro/libctru/lib/libctru.a(gx.o)
                              /opt/devkitpro/libctru/lib/libcitro3d.a(renderqueue.o) (GX_BindQueue)
/opt/devkitpro/libctru/lib/libctru.a(gxqueue.o)
                              /opt/devkitpro/libctru/lib/libcitro3d.a(renderqueue.o) (gxCmdQueueClear)
/opt/devkitpro/libctru/lib/libctru.a(shaderProgram.o)
                              /opt/devkitpro/libctru/lib/libcitro2d.a(base.o) (shaderInstanceGetUniformLocation)
/opt/devkitpro/libctru/lib/libctru.a(shbin.o)
                              /opt/devkitpro/libctru/lib/libcitro2d.a(base.o) (DVLB_ParseFile)
/opt/devkitpro/libctru/lib/libctru.a(apt.o)
                              /opt/devkitpro/libctru/lib/libcitro3d.a(base.o) (aptHook)
/opt/devkitpro/libctru/lib/libctru.a(gspgpu.o)
                              /opt/devkitpro/libctru/lib/libctru.a(gfx.o) (gspInit)
/opt/devkitpro/libctru/lib/libctru.a(hid.o)
                              main.o (hidScanInput)
/opt/devkitpro/libctru/lib/libctru.a(irrst.o)
[...]
Memory Configuration

Name             Origin             Length             Attributes
*default*        0x00000000         0xffffffff

Linker script and memory map

                0x00000000                        __sync_synchronize = __sync_synchronize_dmb
                0x00100000                        PROVIDE (__start__ = 0x100000)
                0x00100000                        . = __start__

.text           0x00100000    0x1369c
 *(.crt0)
 .crt0          0x00100000       0x94 /opt/devkitpro/devkitARM/lib/gcc/arm-none-eabi/15.2.0/../../../../arm-none-eabi/lib/armv6k/fpu/3dsx_crt0.o
                0x00100000                _start
                0x00100008                __service_ptr
                0x0010000c                __apt_appid
                0x00100010                __heap_size
                0x00100014                __linear_heap_size
                0x00100018                __system_arglist
                0x0010001c                __system_runflags
 *(.init)
 .init          0x00100094        0xc /opt/devkitpro/devkitARM/lib/gcc/arm-none-eabi/15.2.0/armv6k/fpu/crti.o
                0x00100094                _init
 .init          0x001000a0        0xc /opt/devkitpro/devkitARM/lib/gcc/arm-none-eabi/15.2.0/armv6k/fpu/crtn.o
                0x001000ac                        . = ALIGN (0x4)
 *(.text)
 .text          0x001000ac      0x240 /opt/devkitpro/devkitARM/lib/gcc/arm-none-eabi/15.2.0/armv6k/fpu/libgcc.a(_divsi3.o)
                0x001000ac                __aeabi_idiv
                0x001000ac                __divsi3
                0x001002cc                __aeabi_idivmod
 .text          0x001002ec        0x4 /opt/devkitpro/devkitARM/lib/gcc/arm-none-eabi/15.2.0/armv6k/fpu/libgcc.a(_dvmd_tls.o)
                0x001002ec                __aeabi_ldiv0
                0x001002ec                __aeabi_idiv0
 .text          0x001002f0      0x250 /opt/devkitpro/devkitARM/lib/gcc/arm-none-eabi/15.2.0/armv6k/fpu/libgcc.a(_arm_addsubsf3.o)
                0x001002f0                __aeabi_frsub
                0x001002f8                __subsf3
                0x001002f8                __aeabi_fsub
                0x001002fc                __aeabi_fadd
                0x001002fc                __addsf3
                0x0010048c                __aeabi_ui2f
                0x0010048c                __floatunsisf
                0x00100494                __aeabi_i2f
                0x00100494                __floatsisf
                0x001004b4                __floatundisf
                0x001004b4                __aeabi_ul2f
                0x001004c4                __floatdisf
                0x001004c4                __aeabi_l2f
 .text          0x00100540      0x390 /opt/devkitpro/devkitARM/lib/gcc/arm-none-eabi/15.2.0/../../../../arm-none-eabi/lib/armv6k/fpu/libg.a(libc_a-strcmp.o)
                0x00100548                strcmp
 .text          0x001008d0      0x20c /opt/devkitpro/devkitARM/lib/gcc/arm-none-eabi/15.2.0/armv6k/fpu/libgcc.a(_udivsi3.o)
                0x001008d0                __udivsi3
                0x001008d0                __aeabi_uidiv
                0x00100abc                __aeabi_uidivmod
 *(.text.*)
 .text.__do_global_dtors_aux
                0x00100adc       0x50 /opt/devkitpro/devkitARM/lib/gcc/arm-none-eabi/15.2.0/armv6k/fpu/crtbegin.o
 .text.frame_dummy
                0x00100b2c       0x2c /opt/devkitpro/devkitARM/lib/gcc/arm-none-eabi/15.2.0/armv6k/fpu/crtbegin.o
 .text._ZN4BallC2Ev
                0x00100b58       0x24 ball.o
                0x00100b58                _ZN4BallC1Ev
                0x00100b58                _ZN4BallC2Ev
 .text._ZN4BallC2E8Vector2Df
                0x00100b7c       0x40 ball.o
                0x00100b7c                _ZN4BallC1E8Vector2Df
                0x00100b7c                _ZN4BallC2E8Vector2Df
 .text._ZN4Ball11getPositionEv
                0x00100bbc       0x1c ball.o
                0x00100bbc                _ZN4Ball11getPositionEv
 .text._ZN4Ball9getRadiusEv
                0x00100bd8        0x8 ball.o
                0x00100bd8                _ZN4Ball9getRadiusEv
 .text._ZN4Ball11getVelocityEv
                0x00100be0       0x1c ball.o
                0x00100be0                _ZN4Ball11getVelocityEv
 .text._ZN4Ball5resetEv
                0x00100bfc       0x28 ball.o
                0x00100bfc                _ZN4Ball5resetEv
 .text._ZN4Ball7hitWallEv
                0x00100c24       0x10 ball.o
                0x00100c24                _ZN4Ball7hitWallEv
 *fill*         0x00100c34        0x4 
 .text._ZN4Ball9hitPaddleE6Paddle
                0x00100c38      0x1a8 ball.o
                0x00100c38                _ZN4Ball9hitPaddleE6Paddle
 .text._ZN4Ball12applyPhysicsEf
                0x00100de0       0x24 ball.o
                0x00100de0                _ZN4Ball12applyPhysicsEf
 .text._Z8initTimev
                0x00100e04       0x18 main.o
                0x00100e04                _Z8initTimev
 *fill*         0x00100e1c        0x4 
 .text._ZN8PongGame6updateEf
                0x00100e20      0x24c main.o
                0x00100e20                _ZN8PongGame6updateEf
 *fill*         0x0010106c        0x4 
 .text.startup.main
                0x00101070      0x2ec main.o
                0x00101070                main
 .text._ZN6PaddleC2Ev
                0x0010135c        0xc paddle.o
                0x0010135c                _ZN6PaddleC2Ev
                0x0010135c                _ZN6PaddleC1Ev
 .text._ZN6PaddleC2Ef
                0x00101368        0x8 paddle.o
                0x00101368                _ZN6PaddleC1Ef
                0x00101368                _ZN6PaddleC2Ef
 .text._ZN6Paddle4getYEv
                0x00101370        0x8 paddle.o
                0x00101370                _ZN6Paddle4getYEv
 .text._ZN6Paddle4moveEff
                0x00101378       0x54 paddle.o
                0x00101378                _ZN6Paddle4moveEff
 .text.C2Di_FrameEndHook
                0x001013cc       0x44 /opt/devkitpro/libctru/lib/libcitro2d.a(base.o)
 .text.C2D_Init
                0x00101410      0x36c /opt/devkitpro/libctru/lib/libcitro2d.a(base.o)
                0x00101410                C2D_Init
 .text.C2D_Fini
                0x0010177c       0x4c /opt/devkitpro/libctru/lib/libcitro2d.a(base.o)
                0x0010177c                C2D_Fini
 .text.C2D_Prepare
                0x001017c8       0xb8 /opt/devkitpro/libctru/lib/libcitro2d.a(base.o)
                0x001017c8                C2D_Prepare
 .text.C2D_Flush
                0x00101880       0x48 /opt/devkitpro/libctru/lib/libcitro2d.a(base.o)
                0x00101880                C2D_Flush
 .text.C2D_SceneSize
                0x001018c8      0x104 /opt/devkitpro/libctru/lib/libcitro2d.a(base.o)
                0x001018c8                C2D_SceneSize
 .text.C2D_CreateScreenTarget
                0x001019cc       0x58 /opt/devkitpro/libctru/lib/libcitro2d.a(base.o)
                0x001019cc                C2D_CreateScreenTarget
 .text.C2D_TargetClear
                0x00101a24       0x64 /opt/devkitpro/libctru/lib/libcitro2d.a(base.o)
                0x00101a24                C2D_TargetClear
 .text.C2Di_AppendQuad
                0x00101a88       0x58 /opt/devkitpro/libctru/lib/libcitro2d.a(base.o)
                0x00101a88                C2Di_AppendQuad
 .text.C2Di_Update
                0x00101ae0      0x550 /opt/devkitpro/libctru/lib/libcitro2d.a(base.o)
                0x00101ae0                C2Di_Update
 .text.C2D_DrawRectangle
                0x00102030      0x158 /opt/devkitpro/libctru/lib/libcitro2d.a(base.o)
                0x00102030                C2D_DrawRectangle
 .text.C2D_DrawEllipse
                0x00102188      0x16c /opt/devkitpro/libctru/lib/libcitro2d.a(base.o)
                0x00102188                C2D_DrawEllipse
 .text.AttrInfo_Init
                0x001022f4       0x28 /opt/devkitpro/libctru/lib/libcitro3d.a(attribs.o)
                0x001022f4                AttrInfo_Init
 .text.AttrInfo_AddLoader
                0x0010231c       0x94 /opt/devkitpro/libctru/lib/libcitro3d.a(attribs.o)
                0x0010231c                AttrInfo_AddLoader
 .text.C3D_SetAttrInfo
                0x001023b0       0x54 /opt/devkitpro/libctru/lib/libcitro3d.a(attribs.o)
                0x001023b0                C3D_SetAttrInfo
 .text.C3Di_AttrInfoBind
                0x00102404       0x80 /opt/devkitpro/libctru/lib/libcitro3d.a(attribs.o)
                0x00102404                C3Di_AttrInfoBind
 .text.C3Di_LightEnvUpdate
                0x00102484        0x4 /opt/devkitpro/libctru/lib/libcitro3d.a(base.o)
                0x00102484                C3Di_LightEnvUpdate
 .text.C3Di_LightEnvDirty
                0x00102488        0x4 /opt/devkitpro/libctru/lib/libcitro3d.a(base.o)
                0x00102488                C3Di_LightEnvDirty
 .text.C3Di_AptEventHook
                0x0010248c       0xb4 /opt/devkitpro/libctru/lib/libcitro3d.a(base.o)
 .text.C3Di_GasUpdate
                0x00102540        0x4 /opt/devkitpro/libctru/lib/libcitro3d.a(base.o)
                0x00102540                C3Di_GasUpdate
 .text.C3D_Init
                0x00102544      0x1d0 /opt/devkitpro/libctru/lib/libcitro3d.a(base.o)
                0x00102544                C3D_Init
 .text.C3D_SetViewport
                0x00102714       0x98 /opt/devkitpro/libctru/lib/libcitro3d.a(base.o)
                0x00102714                C3D_SetViewport
 .text.C3Di_UpdateContext
                0x001027ac      0x4e8 /opt/devkitpro/libctru/lib/libcitro3d.a(base.o)
                0x001027ac                C3Di_UpdateContext
 .text.C3Di_SplitFrame
                0x00102c94       0xe0 /opt/devkitpro/libctru/lib/libcitro3d.a(base.o)
                0x00102c94                C3Di_SplitFrame
 .text.C3D_Fini
                0x00102d74       0x44 /opt/devkitpro/libctru/lib/libcitro3d.a(base.o)
                0x00102d74                C3D_Fini
 .text.C3D_BindProgram
                0x00102db8      0x194 /opt/devkitpro/libctru/lib/libcitro3d.a(base.o)
                0x00102db8                C3D_BindProgram
 .text.BufInfo_Init
                0x00102f4c       0x24 /opt/devkitpro/libctru/lib/libcitro3d.a(buffers.o)
                0x00102f4c                BufInfo_Init
 .text.BufInfo_Add
                0x00102f70       0x80 /opt/devkitpro/libctru/lib/libcitro3d.a(buffers.o)
                0x00102f70                BufInfo_Add
 .text.C3D_SetBufInfo
                0x00102ff0       0x3c /opt/devkitpro/libctru/lib/libcitro3d.a(buffers.o)
                0x00102ff0                C3D_SetBufInfo
 .text.C3Di_BufInfoBind
                0x0010302c       0x48 /opt/devkitpro/libctru/lib/libcitro3d.a(buffers.o)
                0x0010302c                C3Di_BufInfoBind
 .text.C3D_DrawElements
                0x00103074      0x21c /opt/devkitpro/libctru/lib/libcitro3d.a(drawElements.o)
                0x00103074                C3D_DrawElements
 .text.C3D_DepthMap
                0x00103290       0x40 /opt/devkitpro/libctru/lib/libcitro3d.a(effect.o)
                0x00103290                C3D_DepthMap
 .text.C3D_CullFace
                0x001032d0       0x1c /opt/devkitpro/libctru/lib/libcitro3d.a(effect.o)
                0x001032d0                C3D_CullFace
 .text.C3D_StencilTest
                0x001032ec       0x40 /opt/devkitpro/libctru/lib/libcitro3d.a(effect.o)
                0x001032ec                C3D_StencilTest
 .text.C3D_StencilOp
                0x0010332c       0x24 /opt/devkitpro/libctru/lib/libcitro3d.a(effect.o)
                0x0010332c                C3D_StencilOp
 .text.C3D_BlendingColor
                0x00103350       0x1c /opt/devkitpro/libctru/lib/libcitro3d.a(effect.o)
                0x00103350                C3D_BlendingColor
 .text.C3D_EarlyDepthTest
                0x0010336c       0x24 /opt/devkitpro/libctru/lib/libcitro3d.a(effect.o)
                0x0010336c                C3D_EarlyDepthTest
 .text.C3D_DepthTest
                0x00103390       0x2c /opt/devkitpro/libctru/lib/libcitro3d.a(effect.o)
                0x00103390                C3D_DepthTest
 .text.C3D_AlphaTest
                0x001033bc       0x2c /opt/devkitpro/libctru/lib/libcitro3d.a(effect.o)
                0x001033bc                C3D_AlphaTest
 .text.C3D_AlphaBlend
                0x001033e8       0x50 /opt/devkitpro/libctru/lib/libcitro3d.a(effect.o)
                0x001033e8                C3D_AlphaBlend
 .text.C3D_FragOpMode
                0x00103438       0x30 /opt/devkitpro/libctru/lib/libcitro3d.a(effect.o)
                0x00103438                C3D_FragOpMode
 .text.C3D_FragOpShadow
                0x00103468       0x44 /opt/devkitpro/libctru/lib/libcitro3d.a(effect.o)
                0x00103468                C3D_FragOpShadow
 .text.C3Di_EffectBind
                0x001034ac      0x1ac /opt/devkitpro/libctru/lib/libcitro3d.a(effect.o)
                0x001034ac                C3Di_EffectBind
 .text.C3D_CalcColorBufSize
                0x00103658       0x1c /opt/devkitpro/libctru/lib/libcitro3d.a(framebuffer.o)
                0x00103658                C3D_CalcColorBufSize
 .text.C3D_CalcDepthBufSize
                0x00103674       0x1c /opt/devkitpro/libctru/lib/libcitro3d.a(framebuffer.o)
                0x00103674                C3D_CalcDepthBufSize
 .text.C3D_SetFrameBuf
                0x00103690       0x44 /opt/devkitpro/libctru/lib/libcitro3d.a(framebuffer.o)
                0x00103690                C3D_SetFrameBuf
 .text.C3Di_FrameBufBind
                0x001036d4      0x16c /opt/devkitpro/libctru/lib/libcitro3d.a(framebuffer.o)
                0x001036d4                C3Di_FrameBufBind
 .text.C3D_FrameBufClear
                0x00103840       0xc8 /opt/devkitpro/libctru/lib/libcitro3d.a(framebuffer.o)
                0x00103840                C3D_FrameBufClear
 .text.C3D_FrameBufTransfer
                0x00103908       0x44 /opt/devkitpro/libctru/lib/libcitro3d.a(framebuffer.o)
                0x00103908                C3D_FrameBufTransfer
 .text.C3D_ImmSendAttrib
                0x0010394c       0xa8 /opt/devkitpro/libctru/lib/libcitro3d.a(immediate.o)
                0x0010394c                C3D_ImmSendAttrib
 .text.C3D_ProcTexInit
                0x001039f4       0x70 /opt/devkitpro/libctru/lib/libcitro3d.a(proctex.o)
                0x001039f4                C3D_ProcTexInit
 .text.C3D_ProcTexBind
                0x00103a64       0x54 /opt/devkitpro/libctru/lib/libcitro3d.a(proctex.o)
                0x00103a64                C3D_ProcTexBind
 .text.C3D_ProcTexLutBind
                0x00103ab8       0x5c /opt/devkitpro/libctru/lib/libcitro3d.a(proctex.o)
                0x00103ab8                C3D_ProcTexLutBind
 .text.ProcTexLut_FromArray
                0x00103b14       0xa4 /opt/devkitpro/libctru/lib/libcitro3d.a(proctex.o)
                0x00103b14                ProcTexLut_FromArray
 .text.C3Di_ProcTexUpdate
                0x00103bb8      0x178 /opt/devkitpro/libctru/lib/libcitro3d.a(proctex.o)
                0x00103bb8                C3Di_ProcTexUpdate
 .text.C3Di_ProcTexDirty
                0x00103d30       0x68 /opt/devkitpro/libctru/lib/libcitro3d.a(proctex.o)
                0x00103d30                C3Di_ProcTexDirty
 .text.onVBlank0
                0x00103d98       0x4c /opt/devkitpro/libctru/lib/libcitro3d.a(renderqueue.o)
 .text.onVBlank1
                0x00103de4       0x4c /opt/devkitpro/libctru/lib/libcitro3d.a(renderqueue.o)
 .text.C3Di_RenderTargetDestroy
                0x00103e30       0x80 /opt/devkitpro/libctru/lib/libcitro3d.a(renderqueue.o)
 .text.onQueueFinish
                0x00103eb0       0xf4 /opt/devkitpro/libctru/lib/libcitro3d.a(renderqueue.o)
 .text.C3Di_RenderQueueEnableVBlank
                0x00103fa4       0x38 /opt/devkitpro/libctru/lib/libcitro3d.a(renderqueue.o)
                0x00103fa4                C3Di_RenderQueueEnableVBlank
 .text.C3Di_RenderQueueDisableVBlank
                0x00103fdc       0x30 /opt/devkitpro/libctru/lib/libcitro3d.a(renderqueue.o)
                0x00103fdc                C3Di_RenderQueueDisableVBlank
 .text.C3Di_RenderQueueInit
                0x0010400c       0x60 /opt/devkitpro/libctru/lib/libcitro3d.a(renderqueue.o)
                0x0010400c                C3Di_RenderQueueInit
 .text.C3Di_RenderQueueExit
                0x0010406c       0xb4 /opt/devkitpro/libctru/lib/libcitro3d.a(renderqueue.o)
                0x0010406c                C3Di_RenderQueueExit
 .text.C3Di_RenderQueueWaitDone
                0x00104120       0x34 /opt/devkitpro/libctru/lib/libcitro3d.a(renderqueue.o)
                0x00104120                C3Di_RenderQueueWaitDone
 .text.C3D_FrameBegin
                0x00104154       0xe8 /opt/devkitpro/libctru/lib/libcitro3d.a(renderqueue.o)
                0x00104154                C3D_FrameBegin
 .text.C3D_FrameDrawOn
                0x0010423c       0x48 /opt/devkitpro/libctru/lib/libcitro3d.a(renderqueue.o)
                0x0010423c                C3D_FrameDrawOn
 .text.C3D_FrameSplit
                0x00104284       0x58 /opt/devkitpro/libctru/lib/libcitro3d.a(renderqueue.o)
                0x00104284                C3D_FrameSplit
 .text.C3D_FrameEnd
                0x001042dc      0x1d0 /opt/devkitpro/libctru/lib/libcitro3d.a(renderqueue.o)
                0x001042dc                C3D_FrameEnd
 .text.C3D_FrameEndHook
                0x001044ac       0x1c /opt/devkitpro/libctru/lib/libcitro3d.a(renderqueue.o)
                0x001044ac                C3D_FrameEndHook
 .text.C3D_RenderTargetCreate
                0x001044c8      0x170 /opt/devkitpro/libctru/lib/libcitro3d.a(renderqueue.o)
                0x001044c8                C3D_RenderTargetCreate
 .text.C3D_RenderTargetSetOutput
                0x00104638       0xa8 /opt/devkitpro/libctru/lib/libcitro3d.a(renderqueue.o)
                0x00104638                C3D_RenderTargetSetOutput
 .text.C3D_GetTexEnv
                0x001046e0       0x34 /opt/devkitpro/libctru/lib/libcitro3d.a(texenv.o)
                0x001046e0                C3D_GetTexEnv
 .text.C3Di_TexEnvBind
                0x00104714       0x24 /opt/devkitpro/libctru/lib/libcitro3d.a(texenv.o)
                0x00104714                C3Di_TexEnvBind
 .text.C3D_TexBind
                0x00104738       0x44 /opt/devkitpro/libctru/lib/libcitro3d.a(texture.o)
                0x00104738                C3D_TexBind
 .text.C3Di_SetTex
                0x0010477c      0x14c /opt/devkitpro/libctru/lib/libcitro3d.a(texture.o)
                0x0010477c                C3Di_SetTex
 .text.C3D_UpdateUniforms
                0x001048c8      0x290 /opt/devkitpro/libctru/lib/libcitro3d.a(uniforms.o)
                0x001048c8                C3D_UpdateUniforms
 .text.C3Di_DirtyUniforms
                0x00104b58       0xc0 /opt/devkitpro/libctru/lib/libcitro3d.a(uniforms.o)
                0x00104b58                C3Di_DirtyUniforms
 .text.C3Di_LoadShaderUniforms
                0x00104c18       0xd8 /opt/devkitpro/libctru/lib/libcitro3d.a(uniforms.o)
                0x00104c18                C3Di_LoadShaderUniforms
 .text.C3Di_ClearShaderUniforms
                0x00104cf0       0x28 /opt/devkitpro/libctru/lib/libcitro3d.a(uniforms.o)
                0x00104cf0                C3Di_ClearShaderUniforms
 .text.Mtx_Ortho
                0x00104d18       0xcc /opt/devkitpro/libctru/lib/libcitro3d.a(mtx_ortho.o)
                0x00104d18                Mtx_Ortho
 .text.Mtx_OrthoTilt
                0x00104de4       0xcc /opt/devkitpro/libctru/lib/libcitro3d.a(mtx_orthotilt.o)
                0x00104de4                Mtx_OrthoTilt
 .text._ZL21addrMapNodeComparatorPK11rbtree_nodeS1_
                0x00104eb0       0x24 /opt/devkitpro/libctru/lib/libctru.a(linear.o)
 .text._ZL21addrMapNodeDestructorP11rbtree_node
                0x00104ed4        0x4 /opt/devkitpro/libctru/lib/libctru.a(linear.o)
 .text.linearMemAlign
                0x00104ed8      0x12c /opt/devkitpro/libctru/lib/libctru.a(linear.o)
                0x00104ed8                linearMemAlign
 .text.linearAlloc
                0x00105004        0x8 /opt/devkitpro/libctru/lib/libctru.a(linear.o)
                0x00105004                linearAlloc
 .text.linearFree
                0x0010500c       0x5c /opt/devkitpro/libctru/lib/libctru.a(linear.o)
                0x0010500c                linearFree
 .text._ZN7MemPool13CoalesceRightEP8MemBlock
                0x00105068       0x88 /opt/devkitpro/libctru/lib/libctru.a(mem_pool.o)
                0x00105068                _ZN7MemPool13CoalesceRightEP8MemBlock
 .text._ZN7MemPool8AllocateER8MemChunkmi
                0x001050f0      0x178 /opt/devkitpro/libctru/lib/libctru.a(mem_pool.o)
                0x001050f0                _ZN7MemPool8AllocateER8MemChunkmi
 .text._ZN7MemPool10DeallocateERK8MemChunk
                0x00105268      0x118 /opt/devkitpro/libctru/lib/libctru.a(mem_pool.o)
                0x00105268                _ZN7MemPool10DeallocateERK8MemChunk
 .text._ZN7MemPool12GetFreeSpaceEv
                0x00105380       0x30 /opt/devkitpro/libctru/lib/libctru.a(mem_pool.o)
                0x00105380                _ZN7MemPool12GetFreeSpaceEv
 .text._ZL21addrMapNodeComparatorPK11rbtree_nodeS1_
                0x001053b0       0x24 /opt/devkitpro/libctru/lib/libctru.a(vram.o)
 .text._ZL21addrMapNodeDestructorP11rbtree_node
                0x001053d4        0x4 /opt/devkitpro/libctru/lib/libctru.a(vram.o)
 .text.vramMemAlignAt
                0x001053d8      0x248 /opt/devkitpro/libctru/lib/libctru.a(vram.o)
                0x001053d8                vramMemAlignAt
 .text.vramAlloc
                0x00105620        0xc /opt/devkitpro/libctru/lib/libctru.a(vram.o)
                0x00105620                vramAlloc
 .text.vramAllocAt
                0x0010562c        0xc /opt/devkitpro/libctru/lib/libctru.a(vram.o)
                0x0010562c                vramAllocAt
 .text.vramFree
                0x00105638       0x94 /opt/devkitpro/libctru/lib/libctru.a(vram.o)
                0x00105638                vramFree
 .text.consoleDrawChar
                0x001056cc      0x1c8 /opt/devkitpro/libctru/lib/libctru.a(console.o)
                0x001056cc                consoleDrawChar
 .text.consolePrintChar
                0x00105894      0x170 /opt/devkitpro/libctru/lib/libctru.a(console.o)
                0x00105894                consolePrintChar
 .text.con_write
                0x00105a04      0xcc8 /opt/devkitpro/libctru/lib/libctru.a(console.o)
                0x00105a04                con_write
 .text.newRow   0x001066cc       0xfc /opt/devkitpro/libctru/lib/libctru.a(console.o)
 .text.consoleInit
                0x001067c8      0x180 /opt/devkitpro/libctru/lib/libctru.a(console.o)
                0x001067c8                consoleInit
 .text.gfxPresentFramebuffer
                0x00106948       0xcc /opt/devkitpro/libctru/lib/libctru.a(gfx.o)
 .text.gfxIsWide
                0x00106a14       0x1c /opt/devkitpro/libctru/lib/libctru.a(gfx.o)
                0x00106a14                gfxIsWide
 .text.gfxSetScreenFormat
                0x00106a30       0xf8 /opt/devkitpro/libctru/lib/libctru.a(gfx.o)
                0x00106a30                gfxSetScreenFormat
 .text.gfxSetDoubleBuffering
                0x00106b28       0x10 /opt/devkitpro/libctru/lib/libctru.a(gfx.o)
                0x00106b28                gfxSetDoubleBuffering
 .text.gfxInit  0x00106b38       0xd8 /opt/devkitpro/libctru/lib/libctru.a(gfx.o)
                0x00106b38                gfxInit
 .text.gfxInitDefault
                0x00106c10       0x10 /opt/devkitpro/libctru/lib/libctru.a(gfx.o)
                0x00106c10                gfxInitDefault
 .text.gfxExit  0x00106c20       0xb8 /opt/devkitpro/libctru/lib/libctru.a(gfx.o)
                0x00106c20                gfxExit
 .text.gfxGetFramebuffer
                0x00106cd8       0xa0 /opt/devkitpro/libctru/lib/libctru.a(gfx.o)
                0x00106cd8                gfxGetFramebuffer
 .text.gfxFlushBuffers
                0x00106d78      0x100 /opt/devkitpro/libctru/lib/libctru.a(gfx.o)
                0x00106d78                gfxFlushBuffers
 .text.gfxScreenSwapBuffers
                0x00106e78       0x28 /opt/devkitpro/libctru/lib/libctru.a(gfx.o)
                0x00106e78                gfxScreenSwapBuffers
 .text.gfxSwapBuffersGpu
                0x00106ea0       0x50 /opt/devkitpro/libctru/lib/libctru.a(gfx.o)
                0x00106ea0                gfxSwapBuffersGpu
 .text.osConvertVirtToPhys
                0x00106ef0       0x74 /opt/devkitpro/libctru/lib/libctru.a(os.o)
                0x00106ef0                osConvertVirtToPhys
 .text.__ctru_speedup_config
                0x00106f64       0x34 /opt/devkitpro/libctru/lib/libctru.a(os.o)
                0x00106f64                __ctru_speedup_config
 .text.GPUCMD_Add
                0x00106f98      0x13c /opt/devkitpro/libctru/lib/libctru.a(gpu.o)
                0x00106f98                GPUCMD_Add
 .text.GPUCMD_Split
                0x001070d4       0xb0 /opt/devkitpro/libctru/lib/libctru.a(gpu.o)
                0x001070d4                GPUCMD_Split
 .text.f32tof16
                0x00107184       0x34 /opt/devkitpro/libctru/lib/libctru.a(gpu.o)
                0x00107184                f32tof16
 .text.f32tof24
                0x001071b8       0x34 /opt/devkitpro/libctru/lib/libctru.a(gpu.o)
                0x001071b8                f32tof24
 .text.f32tof31
                0x001071ec       0x38 /opt/devkitpro/libctru/lib/libctru.a(gpu.o)
                0x001071ec                f32tof31
 .text.GX_BindQueue
                0x00107224       0x10 /opt/devkitpro/libctru/lib/libctru.a(gx.o)
                0x00107224                GX_BindQueue
 .text.GX_ProcessCommandList
                0x00107234       0x7c /opt/devkitpro/libctru/lib/libctru.a(gx.o)
                0x00107234                GX_ProcessCommandList
 .text.GX_MemoryFill
                0x001072b0       0x74 /opt/devkitpro/libctru/lib/libctru.a(gx.o)
                0x001072b0                GX_MemoryFill
 .text.GX_DisplayTransfer
                0x00107324       0x74 /opt/devkitpro/libctru/lib/libctru.a(gx.o)
                0x00107324                GX_DisplayTransfer
 .text.gxCmdQueueDoCommands.part.0
                0x00107398       0x64 /opt/devkitpro/libctru/lib/libctru.a(gxqueue.o)
 .text.gxCmdQueueInterrupt
                0x001073fc       0xe4 /opt/devkitpro/libctru/lib/libctru.a(gxqueue.o)
                0x001073fc                gxCmdQueueInterrupt
 .text.gxCmdQueueClear
                0x001074e0       0x68 /opt/devkitpro/libctru/lib/libctru.a(gxqueue.o)
                0x001074e0                gxCmdQueueClear
 .text.gxCmdQueueAdd
                0x00107548      0x108 /opt/devkitpro/libctru/lib/libctru.a(gxqueue.o)
                0x00107548                gxCmdQueueAdd
 .text.gxCmdQueueRun
                0x00107650       0x80 /opt/devkitpro/libctru/lib/libctru.a(gxqueue.o)
                0x00107650                gxCmdQueueRun
 .text.gxCmdQueueStop
                0x001076d0       0x64 /opt/devkitpro/libctru/lib/libctru.a(gxqueue.o)
                0x001076d0                gxCmdQueueStop
 .text.gxCmdQueueWait
                0x00107734       0xac /opt/devkitpro/libctru/lib/libctru.a(gxqueue.o)
                0x00107734                gxCmdQueueWait
 .text.shaderInstanceInit
                0x001077e0      0x1e0 /opt/devkitpro/libctru/lib/libctru.a(shaderProgram.o)
                0x001077e0                shaderInstanceInit
 .text.shaderInstanceGetUniformLocation
                0x001079c0       0x18 /opt/devkitpro/libctru/lib/libctru.a(shaderProgram.o)
                0x001079c0                shaderInstanceGetUniformLocation
 .text.shaderProgramInit
                0x001079d8       0x1c /opt/devkitpro/libctru/lib/libctru.a(shaderProgram.o)
                0x001079d8                shaderProgramInit
 .text.shaderProgramFree
                0x001079f4       0x74 /opt/devkitpro/libctru/lib/libctru.a(shaderProgram.o)
                0x001079f4                shaderProgramFree
 .text.shaderProgramSetVsh
                0x00107a68       0x94 /opt/devkitpro/libctru/lib/libctru.a(shaderProgram.o)
                0x00107a68                shaderProgramSetVsh
 .text.shaderProgramConfigure
                0x00107afc      0x8d0 /opt/devkitpro/libctru/lib/libctru.a(shaderProgram.o)
                0x00107afc                shaderProgramConfigure
 .text.DVLE_GenerateOutmap.part.0
                0x001083cc      0x1dc /opt/devkitpro/libctru/lib/libctru.a(shbin.o)
 .text.DVLB_ParseFile
                0x001085a8      0x1ac /opt/devkitpro/libctru/lib/libctru.a(shbin.o)
                0x001085a8                DVLB_ParseFile
 .text.DVLB_Free
                0x00108754       0x50 /opt/devkitpro/libctru/lib/libctru.a(shbin.o)
                0x00108754                DVLB_Free
 .text.DVLE_GetUniformRegister
                0x001087a4       0x74 /opt/devkitpro/libctru/lib/libctru.a(shbin.o)
                0x001087a4                DVLE_GetUniformRegister
 .text.aptConvertScreenForCapture
                0x00108818      0x180 /opt/devkitpro/libctru/lib/libctru.a(apt.o)
 .text.aptDspSleep
                0x00108998        0x8 /opt/devkitpro/libctru/lib/libctru.a(apt.o)
                0x00108998                aptDspSleep
 .text.aptDspWakeup
                0x001089a0        0x4 /opt/devkitpro/libctru/lib/libctru.a(apt.o)
                0x001089a0                aptDspWakeup
 .text.aptDspCancel
                0x001089a4        0x4 /opt/devkitpro/libctru/lib/libctru.a(apt.o)
                0x001089a4                aptDspCancel
 .text.aptSendCommand
                0x001089a8      0x138 /opt/devkitpro/libctru/lib/libctru.a(apt.o)
                0x001089a8                aptSendCommand
 .text.aptExitProcess
                0x00108ae0       0x44 /opt/devkitpro/libctru/lib/libctru.a(apt.o)
 .text.aptExit  0x00108b24      0x394 /opt/devkitpro/libctru/lib/libctru.a(apt.o)
                0x00108b24                aptExit
 .text.aptHandleSleep
                0x00108eb8       0xd8 /opt/devkitpro/libctru/lib/libctru.a(apt.o)
                0x00108eb8                aptHandleSleep
 .text.aptHook  0x00108f90       0x34 /opt/devkitpro/libctru/lib/libctru.a(apt.o)
                0x00108f90                aptHook
 .text.aptUnhook
                0x00108fc4       0x30 /opt/devkitpro/libctru/lib/libctru.a(apt.o)
                0x00108fc4                aptUnhook
 .text.APT_SleepIfShellClosed
                0x00108ff4       0x84 /opt/devkitpro/libctru/lib/libctru.a(apt.o)
                0x00108ff4                APT_SleepIfShellClosed
 .text.aptSetSleepAllowed
                0x00109078       0x78 /opt/devkitpro/libctru/lib/libctru.a(apt.o)
                0x00109078                aptSetSleepAllowed
 .text.APT_UnlockTransition
                0x001090f0       0x84 /opt/devkitpro/libctru/lib/libctru.a(apt.o)
                0x001090f0                APT_UnlockTransition
 *fill*         0x00109174        0x4 
 .text.aptEventHandler
                0x00109178      0x470 /opt/devkitpro/libctru/lib/libctru.a(apt.o)
 .text.APT_ReceiveParameter
                0x001095e8       0xbc /opt/devkitpro/libctru/lib/libctru.a(apt.o)
                0x001095e8                APT_ReceiveParameter
 .text.aptReceiveParameter.constprop.0
                0x001096a4       0xb0 /opt/devkitpro/libctru/lib/libctru.a(apt.o)
 *fill*         0x00109754        0x4 
 .text.aptScreenTransfer
                0x00109758      0x294 /opt/devkitpro/libctru/lib/libctru.a(apt.o)
 .text.aptWaitForWakeUp.isra.0
                0x001099ec      0x2d0 /opt/devkitpro/libctru/lib/libctru.a(apt.o)
 .text.aptJumpToHomeMenu
                0x00109cbc       0xf4 /opt/devkitpro/libctru/lib/libctru.a(apt.o)
                0x00109cbc                aptJumpToHomeMenu
 .text.aptMainLoop
                0x00109db0       0x58 /opt/devkitpro/libctru/lib/libctru.a(apt.o)
                0x00109db0                aptMainLoop
 .text.aptInit  0x00109e08      0x240 /opt/devkitpro/libctru/lib/libctru.a(apt.o)
                0x00109e08                aptInit
 .text.APT_CheckNew3DS
                0x0010a048       0x90 /opt/devkitpro/libctru/lib/libctru.a(apt.o)
                0x0010a048                APT_CheckNew3DS
 .text.gspHardwareInit
                0x0010a0d8      0xc70 /opt/devkitpro/libctru/lib/libctru.a(gspgpu.o)
 .text.gspInit  0x0010ad48      0x288 /opt/devkitpro/libctru/lib/libctru.a(gspgpu.o)
                0x0010ad48                gspInit
 .text.gspExit  0x0010afd0      0x104 /opt/devkitpro/libctru/lib/libctru.a(gspgpu.o)
                0x0010afd0                gspExit
 .text.gspHasGpuRight
                0x0010b0d4       0x10 /opt/devkitpro/libctru/lib/libctru.a(gspgpu.o)
                0x0010b0d4                gspHasGpuRight
 .text.gspPresentBuffer
                0x0010b0e4       0xa4 /opt/devkitpro/libctru/lib/libctru.a(gspgpu.o)
                0x0010b0e4                gspPresentBuffer
 .text.gspSetEventCallback
                0x0010b188       0x30 /opt/devkitpro/libctru/lib/libctru.a(gspgpu.o)
                0x0010b188                gspSetEventCallback
 .text.gspWaitForEvent
                0x0010b1b8       0x50 /opt/devkitpro/libctru/lib/libctru.a(gspgpu.o)
                0x0010b1b8                gspWaitForEvent
 .text.gspWaitForAnyEvent
                0x0010b208       0x4c /opt/devkitpro/libctru/lib/libctru.a(gspgpu.o)
                0x0010b208                gspWaitForAnyEvent
 .text.gspEventThreadMain
                0x0010b254      0x154 /opt/devkitpro/libctru/lib/libctru.a(gspgpu.o)
 .text.gspSubmitGxCommand
                0x0010b3a8      0x12c /opt/devkitpro/libctru/lib/libctru.a(gspgpu.o)
                0x0010b3a8                gspSubmitGxCommand
 .text.GSPGPU_FlushDataCache
                0x0010b4d4       0x50 /opt/devkitpro/libctru/lib/libctru.a(gspgpu.o)
                0x0010b4d4                GSPGPU_FlushDataCache
 .text.GSPGPU_SetLcdForceBlack
                0x0010b524       0x34 /opt/devkitpro/libctru/lib/libctru.a(gspgpu.o)
                0x0010b524                GSPGPU_SetLcdForceBlack
 .text.GSPGPU_AcquireRight
                0x0010b558       0x84 /opt/devkitpro/libctru/lib/libctru.a(gspgpu.o)
                0x0010b558                GSPGPU_AcquireRight
 .text.GSPGPU_ReleaseRight
                0x0010b5dc       0x64 /opt/devkitpro/libctru/lib/libctru.a(gspgpu.o)
                0x0010b5dc                GSPGPU_ReleaseRight
 .text.GSPGPU_ImportDisplayCaptureInfo
                0x0010b640       0x7c /opt/devkitpro/libctru/lib/libctru.a(gspgpu.o)
                0x0010b640                GSPGPU_ImportDisplayCaptureInfo
 .text.GSPGPU_SaveVramSysArea
                0x0010b6bc       0x2c /opt/devkitpro/libctru/lib/libctru.a(gspgpu.o)
                0x0010b6bc                GSPGPU_SaveVramSysArea
 .text.GSPGPU_RestoreVramSysArea
                0x0010b6e8       0x2c /opt/devkitpro/libctru/lib/libctru.a(gspgpu.o)
                0x0010b6e8                GSPGPU_RestoreVramSysArea
 .text.hidShouldUseIrrst
                0x0010b714       0x24 /opt/devkitpro/libctru/lib/libctru.a(hid.o)
                0x0010b714                hidShouldUseIrrst
 .text.hidInit  0x0010b738      0x1cc /opt/devkitpro/libctru/lib/libctru.a(hid.o)
                0x0010b738                hidInit
 .text.hidExit  0x0010b904       0xe8 /opt/devkitpro/libctru/lib/libctru.a(hid.o)
                0x0010b904                hidExit
 .text.hidScanInput
                0x0010b9ec      0x2a0 /opt/devkitpro/libctru/lib/libctru.a(hid.o)
                0x0010b9ec                hidScanInput
 .text.hidKeysHeld
                0x0010bc8c       0x10 /opt/devkitpro/libctru/lib/libctru.a(hid.o)
                0x0010bc8c                hidKeysHeld
 .text.hidKeysDown
                0x0010bc9c       0x10 /opt/devkitpro/libctru/lib/libctru.a(hid.o)
                0x0010bc9c                hidKeysDown
 .text.irrstInit
                0x0010bcac      0x1a4 /opt/devkitpro/libctru/lib/libctru.a(irrst.o)
                0x0010bcac                irrstInit
 .text.irrstExit
                0x0010be50       0xdc /opt/devkitpro/libctru/lib/libctru.a(irrst.o)
                0x0010be50                irrstExit
 .text.irrstScanInput
                0x0010bf2c       0xb4 /opt/devkitpro/libctru/lib/libctru.a(irrst.o)
                0x0010bf2c                irrstScanInput
 .text.irrstKeysHeld
                0x0010bfe0       0x24 /opt/devkitpro/libctru/lib/libctru.a(irrst.o)
                0x0010bfe0                irrstKeysHeld
 .text.ptmSysmInit
                0x0010c004       0x78 /opt/devkitpro/libctru/lib/libctru.a(ptmsysm.o)
                0x0010c004                ptmSysmInit
 .text.ptmSysmExit
                0x0010c07c       0x3c /opt/devkitpro/libctru/lib/libctru.a(ptmsysm.o)
                0x0010c07c                ptmSysmExit
 .text.PTMSYSM_ConfigureNew3DSCPU
                0x0010c0b8       0x34 /opt/devkitpro/libctru/lib/libctru.a(ptmsysm.o)
                0x0010c0b8                PTMSYSM_ConfigureNew3DSCPU
 .text.rbtree_find
                0x0010c0ec       0x74 /opt/devkitpro/libctru/lib/libctru.a(rbtree_find.o)
                0x0010c0ec                rbtree_find
 .text.rbtree_init
                0x0010c160       0x10 /opt/devkitpro/libctru/lib/libctru.a(rbtree_init.o)
                0x0010c160                rbtree_init
 .text.do_insert
                0x0010c170      0x198 /opt/devkitpro/libctru/lib/libctru.a(rbtree_insert.o)
 .text.rbtree_insert
                0x0010c308        0x8 /opt/devkitpro/libctru/lib/libctru.a(rbtree_insert.o)
                0x0010c308                rbtree_insert
 .text.rbtree_remove
                0x0010c310      0x310 /opt/devkitpro/libctru/lib/libctru.a(rbtree_remove.o)
                0x0010c310                rbtree_remove
 .text.rbtree_rotate
                0x0010c620       0x90 /opt/devkitpro/libctru/lib/libctru.a(rbtree_rotate.o)
                0x0010c620                rbtree_rotate
 .text.__system_allocateHeaps
                0x0010c6b0      0x1e8 /opt/devkitpro/libctru/lib/libctru.a(allocateHeaps.o)
                0x0010c6b0                __system_allocateHeaps
 .text.__libctru_init
                0x0010c898       0x38 /opt/devkitpro/libctru/lib/libctru.a(ctru_init.o)
                0x0010c898                __libctru_init
 .text.__system_initArgv
                0x0010c8d0      0x16c /opt/devkitpro/libctru/lib/libctru.a(initArgv.o)
                0x0010c8d0                __system_initArgv
 .text.__syscall_getreent
                0x0010ca3c       0x30 /opt/devkitpro/libctru/lib/libctru.a(syscalls.o)
                0x0010ca3c                __syscall_getreent
 .text.__syscall_lock_acquire
                0x0010ca6c        0x4 /opt/devkitpro/libctru/lib/libctru.a(syscalls.o)
                0x0010ca6c                __syscall_lock_acquire
 .text.__syscall_lock_release
                0x0010ca70        0x4 /opt/devkitpro/libctru/lib/libctru.a(syscalls.o)
                0x0010ca70                __syscall_lock_release
 .text.__syscall_lock_acquire_recursive
                0x0010ca74        0x4 /opt/devkitpro/libctru/lib/libctru.a(syscalls.o)
                0x0010ca74                __syscall_lock_acquire_recursive
 .text.__syscall_lock_release_recursive
                0x0010ca78        0x4 /opt/devkitpro/libctru/lib/libctru.a(syscalls.o)
                0x0010ca78                __syscall_lock_release_recursive
 .text.__syscall_exit
                0x0010ca7c        0x4 /opt/devkitpro/libctru/lib/libctru.a(syscalls.o)
                0x0010ca7c                __syscall_exit
 .text.initThreadVars
                0x0010ca80       0x54 /opt/devkitpro/libctru/lib/libctru.a(syscalls.o)
                0x0010ca80                initThreadVars
 .text.__system_initSyscalls
                0x0010cad4       0x80 /opt/devkitpro/libctru/lib/libctru.a(syscalls.o)
                0x0010cad4                __system_initSyscalls
 .text.svcControlMemory
                0x0010cb54       0x20 /opt/devkitpro/libctru/lib/libctru.a(svc.o)
                0x0010cb54                svcControlMemory
 .text.svcQueryMemory
                0x0010cb74       0x30 /opt/devkitpro/libctru/lib/libctru.a(svc.o)
                0x0010cb74                svcQueryMemory
 .text.svcExitProcess
                0x0010cba4        0x8 /opt/devkitpro/libctru/lib/libctru.a(svc.o)
                0x0010cba4                svcExitProcess
 .text.svcCreateThread
                0x0010cbac       0x20 /opt/devkitpro/libctru/lib/libctru.a(svc.o)
                0x0010cbac                svcCreateThread
 .text.svcExitThread
                0x0010cbcc        0x8 /opt/devkitpro/libctru/lib/libctru.a(svc.o)
                0x0010cbcc                svcExitThread
 .text.svcSleepThread
                0x0010cbd4        0x8 /opt/devkitpro/libctru/lib/libctru.a(svc.o)
                0x0010cbd4                svcSleepThread
 .text.svcReleaseMutex
                0x0010cbdc        0x8 /opt/devkitpro/libctru/lib/libctru.a(svc.o)
                0x0010cbdc                svcReleaseMutex
 .text.svcCreateEvent
                0x0010cbe4       0x14 /opt/devkitpro/libctru/lib/libctru.a(svc.o)
                0x0010cbe4                svcCreateEvent
 .text.svcSignalEvent
                0x0010cbf8        0x8 /opt/devkitpro/libctru/lib/libctru.a(svc.o)
                0x0010cbf8                svcSignalEvent
 .text.svcClearEvent
                0x0010cc00        0x8 /opt/devkitpro/libctru/lib/libctru.a(svc.o)
                0x0010cc00                svcClearEvent
 .text.svcMapMemoryBlock
                0x0010cc08        0x8 /opt/devkitpro/libctru/lib/libctru.a(svc.o)
                0x0010cc08                svcMapMemoryBlock
 .text.svcUnmapMemoryBlock
                0x0010cc10        0x8 /opt/devkitpro/libctru/lib/libctru.a(svc.o)
                0x0010cc10                svcUnmapMemoryBlock
 .text.svcCreateAddressArbiter
                0x0010cc18       0x14 /opt/devkitpro/libctru/lib/libctru.a(svc.o)
                0x0010cc18                svcCreateAddressArbiter
 .text.svcArbitrateAddressNoTimeout
                0x0010cc2c        0x8 /opt/devkitpro/libctru/lib/libctru.a(svc.o)
                0x0010cc2c                svcArbitrateAddressNoTimeout
 .text.svcCloseHandle
                0x0010cc34        0x8 /opt/devkitpro/libctru/lib/libctru.a(svc.o)
                0x0010cc34                svcCloseHandle
 .text.svcWaitSynchronization
                0x0010cc3c        0x8 /opt/devkitpro/libctru/lib/libctru.a(svc.o)
                0x0010cc3c                svcWaitSynchronization
 .text.svcWaitSynchronizationN
                0x0010cc44       0x28 /opt/devkitpro/libctru/lib/libctru.a(svc.o)
                0x0010cc44                svcWaitSynchronizationN
 .text.svcDuplicateHandle
                0x0010cc6c       0x14 /opt/devkitpro/libctru/lib/libctru.a(svc.o)
                0x0010cc6c                svcDuplicateHandle
 .text.svcGetSystemTick
                0x0010cc80        0x8 /opt/devkitpro/libctru/lib/libctru.a(svc.o)
                0x0010cc80                svcGetSystemTick
 .text.svcConnectToPort
                0x0010cc88       0x14 /opt/devkitpro/libctru/lib/libctru.a(svc.o)
                0x0010cc88                svcConnectToPort
 .text.svcSendSyncRequest
                0x0010cc9c        0x8 /opt/devkitpro/libctru/lib/libctru.a(svc.o)
                0x0010cc9c                svcSendSyncRequest
 .text.svcGetResourceLimit
                0x0010cca4       0x14 /opt/devkitpro/libctru/lib/libctru.a(svc.o)
                0x0010cca4                svcGetResourceLimit
 .text.svcGetResourceLimitLimitValues
                0x0010ccb8        0x8 /opt/devkitpro/libctru/lib/libctru.a(svc.o)
                0x0010ccb8                svcGetResourceLimitLimitValues
 .text.svcGetResourceLimitCurrentValues
                0x0010ccc0        0x8 /opt/devkitpro/libctru/lib/libctru.a(svc.o)
                0x0010ccc0                svcGetResourceLimitCurrentValues
 .text.svcBreak
                0x0010ccc8        0x8 /opt/devkitpro/libctru/lib/libctru.a(svc.o)
                0x0010ccc8                svcBreak
 .text.initSystem
                0x0010ccd0       0x50 /opt/devkitpro/libctru/lib/libctru.a(stack_adjust.o)
                0x0010ccd0                initSystem
 .text.__ctru_exit
                0x0010cd20       0x14 /opt/devkitpro/libctru/lib/libctru.a(stack_adjust.o)
                0x0010cd20                __ctru_exit
 .text.envGetHandle
                0x0010cd34       0x8c /opt/devkitpro/libctru/lib/libctru.a(env.o)
                0x0010cd34                envGetHandle
 .text.envDestroyHandles
                0x0010cdc0       0x50 /opt/devkitpro/libctru/lib/libctru.a(env.o)
                0x0010cdc0                envDestroyHandles
 .text.srvInit  0x0010ce10      0x164 /opt/devkitpro/libctru/lib/libctru.a(srv.o)
                0x0010ce10                srvInit
 .text.srvExit  0x0010cf74       0x64 /opt/devkitpro/libctru/lib/libctru.a(srv.o)
                0x0010cf74                srvExit
 .text.srvEnableNotification
                0x0010cfd8       0x60 /opt/devkitpro/libctru/lib/libctru.a(srv.o)
                0x0010cfd8                srvEnableNotification
 .text.srvGetServiceHandleDirect
                0x0010d038       0xa0 /opt/devkitpro/libctru/lib/libctru.a(srv.o)
                0x0010d038                srvGetServiceHandleDirect
 .text.srvGetServiceHandle
                0x0010d0d8       0x48 /opt/devkitpro/libctru/lib/libctru.a(srv.o)
                0x0010d0d8                srvGetServiceHandle
 .text.srvSubscribe
                0x0010d120       0x34 /opt/devkitpro/libctru/lib/libctru.a(srv.o)
                0x0010d120                srvSubscribe
 .text.srvReceiveNotification
                0x0010d154       0x60 /opt/devkitpro/libctru/lib/libctru.a(srv.o)
                0x0010d154                srvReceiveNotification
 .text.srvPublishToSubscriber
                0x0010d1b4       0x38 /opt/devkitpro/libctru/lib/libctru.a(srv.o)
                0x0010d1b4                srvPublishToSubscriber
 .text.__sync_init
                0x0010d1ec        0xc /opt/devkitpro/libctru/lib/libctru.a(synchronization.o)
                0x0010d1ec                __sync_init
 .text.__sync_fini
                0x0010d1f8       0x18 /opt/devkitpro/libctru/lib/libctru.a(synchronization.o)
                0x0010d1f8                __sync_fini
 .text.syncArbitrateAddress
                0x0010d210       0x28 /opt/devkitpro/libctru/lib/libctru.a(synchronization.o)
                0x0010d210                syncArbitrateAddress
 .text.LightLock_Lock
                0x0010d238       0xac /opt/devkitpro/libctru/lib/libctru.a(synchronization.o)
                0x0010d238                LightLock_Lock
 .text.LightLock_Unlock
                0x0010d2e4       0x40 /opt/devkitpro/libctru/lib/libctru.a(synchronization.o)
                0x0010d2e4                LightLock_Unlock
 .text.RecursiveLock_Lock
                0x0010d324       0x54 /opt/devkitpro/libctru/lib/libctru.a(synchronization.o)
                0x0010d324                RecursiveLock_Lock
 .text.RecursiveLock_Unlock
                0x0010d378       0x54 /opt/devkitpro/libctru/lib/libctru.a(synchronization.o)
                0x0010d378                RecursiveLock_Unlock
 .text.LightEvent_Init
                0x0010d3cc       0x44 /opt/devkitpro/libctru/lib/libctru.a(synchronization.o)
                0x0010d3cc                LightEvent_Init
 .text.LightEvent_Clear
                0x0010d410       0xb8 /opt/devkitpro/libctru/lib/libctru.a(synchronization.o)
                0x0010d410                LightEvent_Clear
 .text.LightEvent_Signal
                0x0010d4c8       0xdc /opt/devkitpro/libctru/lib/libctru.a(synchronization.o)
                0x0010d4c8                LightEvent_Signal
 .text.LightEvent_TryWait
                0x0010d5a4       0x50 /opt/devkitpro/libctru/lib/libctru.a(synchronization.o)
                0x0010d5a4                LightEvent_TryWait
 .text.LightEvent_Wait
                0x0010d5f4       0xac /opt/devkitpro/libctru/lib/libctru.a(synchronization.o)
                0x0010d5f4                LightEvent_Wait
 .text.threadCreate
                0x0010d6a0      0x1fc /opt/devkitpro/libctru/lib/libctru.a(thread.o)
                0x0010d6a0                threadCreate
 .text.threadFree
                0x0010d89c       0x38 /opt/devkitpro/libctru/lib/libctru.a(thread.o)
                0x0010d89c                threadFree
 .text.threadJoin
                0x0010d8d4       0x24 /opt/devkitpro/libctru/lib/libctru.a(thread.o)
                0x0010d8d4                threadJoin
 .text.threadGetCurrent
                0x0010d8f8       0x30 /opt/devkitpro/libctru/lib/libctru.a(thread.o)
                0x0010d8f8                threadGetCurrent
 .text.threadExit
                0x0010d928       0x40 /opt/devkitpro/libctru/lib/libctru.a(thread.o)
                0x0010d928                threadExit
 .text._thread_begin
                0x0010d968       0x20 /opt/devkitpro/libctru/lib/libctru.a(thread.o)
 .text.mappableFindAddressWithin
                0x0010d988       0x90 /opt/devkitpro/libctru/lib/libctru.a(mappable.o)
 .text.mappableInit
                0x0010da18       0x28 /opt/devkitpro/libctru/lib/libctru.a(mappable.o)
                0x0010da18                mappableInit
 .text.mappableAlloc
                0x0010da40       0x7c /opt/devkitpro/libctru/lib/libctru.a(mappable.o)
                0x0010da40                mappableAlloc
 .text.mappableFree
                0x0010dabc        0x4 /opt/devkitpro/libctru/lib/libctru.a(mappable.o)
                0x0010dabc                mappableFree
 .text.srvPmGetSessionHandle
                0x0010dac0        0xc /opt/devkitpro/libctru/lib/libctru.a(srvpm.o)
                0x0010dac0                srvPmGetSessionHandle
 .text.rbtree_node_next
                0x0010dacc       0x60 /opt/devkitpro/libctru/lib/libctru.a(rbtree_iterator.o)
                0x0010dacc                rbtree_node_next
 .text.__appExit
                0x0010db2c       0x30 /opt/devkitpro/libctru/lib/libctru.a(appExit.o)
                0x0010db2c                __appExit
 .text.__appInit
                0x0010db5c       0x30 /opt/devkitpro/libctru/lib/libctru.a(appInit.o)
                0x0010db5c                __appInit
 .text.__libctru_exit
                0x0010db8c       0x90 /opt/devkitpro/libctru/lib/libctru.a(ctru_exit.o)
                0x0010db8c                __libctru_exit
 .text.error_cmp
                0x0010dc1c       0x24 /opt/devkitpro/libctru/lib/libctru.a(archive_dev.o)
 .text.archive_translate_error
                0x0010dc40       0x50 /opt/devkitpro/libctru/lib/libctru.a(archive_dev.o)
 .text.archive_seek
                0x0010dc90       0xc0 /opt/devkitpro/libctru/lib/libctru.a(archive_dev.o)
 .text._archiveInit.part.0
                0x0010dd50       0x78 /opt/devkitpro/libctru/lib/libctru.a(archive_dev.o)
 .text.archiveFindDevice.part.0
                0x0010ddc8      0x110 /opt/devkitpro/libctru/lib/libctru.a(archive_dev.o)
 .text.archive_utf16path
                0x0010ded8      0x298 /opt/devkitpro/libctru/lib/libctru.a(archive_dev.o)
 .text._archiveUnmountDeviceStruct.part.0
                0x0010e170       0x98 /opt/devkitpro/libctru/lib/libctru.a(archive_dev.o)
 .text._archiveMountDevice
                0x0010e208      0x178 /opt/devkitpro/libctru/lib/libctru.a(archive_dev.o)
 .text.archive_diropen
                0x0010e380       0xf8 /opt/devkitpro/libctru/lib/libctru.a(archive_dev.o)
 .text.archive_fstat
                0x0010e478       0xac /opt/devkitpro/libctru/lib/libctru.a(archive_dev.o)
 .text.archive_fsync
                0x0010e524       0x74 /opt/devkitpro/libctru/lib/libctru.a(archive_dev.o)
 .text.archive_close
                0x0010e598       0x74 /opt/devkitpro/libctru/lib/libctru.a(archive_dev.o)
 .text.archive_dirclose
                0x0010e60c       0x78 /opt/devkitpro/libctru/lib/libctru.a(archive_dev.o)
 .text.sdmc_statvfs
                0x0010e684       0xec /opt/devkitpro/libctru/lib/libctru.a(archive_dev.o)
 .text.archive_chdir
                0x0010e770       0xf8 /opt/devkitpro/libctru/lib/libctru.a(archive_dev.o)
 .text.archive_ftruncate
                0x0010e868       0x8c /opt/devkitpro/libctru/lib/libctru.a(archive_dev.o)
 .text.archive_read
                0x0010e8f4       0xbc /opt/devkitpro/libctru/lib/libctru.a(archive_dev.o)
 .text.archive_unlink
                0x0010e9b0       0xa8 /opt/devkitpro/libctru/lib/libctru.a(archive_dev.o)
 .text.archive_rmdir
                0x0010ea58       0xc0 /opt/devkitpro/libctru/lib/libctru.a(archive_dev.o)
 .text.archive_mkdir
                0x0010eb18       0xd8 /opt/devkitpro/libctru/lib/libctru.a(archive_dev.o)
 .text.archive_stat
                0x0010ebf0      0x1a0 /opt/devkitpro/libctru/lib/libctru.a(archive_dev.o)
 .text.archive_dirnext
                0x0010ed90      0x164 /opt/devkitpro/libctru/lib/libctru.a(archive_dev.o)
 .text.archive_write
                0x0010eef4      0x13c /opt/devkitpro/libctru/lib/libctru.a(archive_dev.o)
 .text.archive_open
                0x0010f030      0x254 /opt/devkitpro/libctru/lib/libctru.a(archive_dev.o)
 .text.archive_rename
                0x0010f284      0x270 /opt/devkitpro/libctru/lib/libctru.a(archive_dev.o)
 .text.archiveMountSdmc
                0x0010f4f4      0x1c8 /opt/devkitpro/libctru/lib/libctru.a(archive_dev.o)
                0x0010f4f4                archiveMountSdmc
 .text.archiveUnmountAll
                0x0010f6bc       0x54 /opt/devkitpro/libctru/lib/libctru.a(archive_dev.o)
                0x0010f6bc                archiveUnmountAll
 .text.fsInit   0x0010f710      0x104 /opt/devkitpro/libctru/lib/libctru.a(fs.o)
                0x0010f710                fsInit
 .text.fsExit   0x0010f814       0x3c /opt/devkitpro/libctru/lib/libctru.a(fs.o)
                0x0010f814                fsExit
 .text.fsExemptFromSession
                0x0010f850       0x68 /opt/devkitpro/libctru/lib/libctru.a(fs.o)
                0x0010f850                fsExemptFromSession
 .text.fsUnexemptFromSession
                0x0010f8b8       0x50 /opt/devkitpro/libctru/lib/libctru.a(fs.o)
                0x0010f8b8                fsUnexemptFromSession
 .text.FSUSER_OpenFile
                0x0010f908       0xcc /opt/devkitpro/libctru/lib/libctru.a(fs.o)
                0x0010f908                FSUSER_OpenFile
 .text.FSUSER_DeleteFile
                0x0010f9d4       0xb8 /opt/devkitpro/libctru/lib/libctru.a(fs.o)
                0x0010f9d4                FSUSER_DeleteFile
 .text.FSUSER_RenameFile
                0x0010fa8c       0xf4 /opt/devkitpro/libctru/lib/libctru.a(fs.o)
                0x0010fa8c                FSUSER_RenameFile
 .text.FSUSER_DeleteDirectory
                0x0010fb80       0xb8 /opt/devkitpro/libctru/lib/libctru.a(fs.o)
                0x0010fb80                FSUSER_DeleteDirectory
 .text.FSUSER_CreateFile
                0x0010fc38       0xd0 /opt/devkitpro/libctru/lib/libctru.a(fs.o)
                0x0010fc38                FSUSER_CreateFile
 .text.FSUSER_CreateDirectory
                0x0010fd08       0xc0 /opt/devkitpro/libctru/lib/libctru.a(fs.o)
                0x0010fd08                FSUSER_CreateDirectory
 .text.FSUSER_RenameDirectory
                0x0010fdc8       0xf4 /opt/devkitpro/libctru/lib/libctru.a(fs.o)
                0x0010fdc8                FSUSER_RenameDirectory
 .text.FSUSER_OpenDirectory
                0x0010febc       0xb4 /opt/devkitpro/libctru/lib/libctru.a(fs.o)
                0x0010febc                FSUSER_OpenDirectory
 .text.FSUSER_OpenArchive
                0x0010ff70       0x90 /opt/devkitpro/libctru/lib/libctru.a(fs.o)
                0x0010ff70                FSUSER_OpenArchive
 .text.FSUSER_CloseArchive
                0x00110000       0x8c /opt/devkitpro/libctru/lib/libctru.a(fs.o)
                0x00110000                FSUSER_CloseArchive
 .text.FSUSER_GetSdmcArchiveResource
                0x0011008c       0x74 /opt/devkitpro/libctru/lib/libctru.a(fs.o)
                0x0011008c                FSUSER_GetSdmcArchiveResource
 .text.FSUSER_IsSdmcWritable
                0x00110100       0x64 /opt/devkitpro/libctru/lib/libctru.a(fs.o)
                0x00110100                FSUSER_IsSdmcWritable
 .text.FSFILE_Read
                0x00110164       0x64 /opt/devkitpro/libctru/lib/libctru.a(fs.o)
                0x00110164                FSFILE_Read
 .text.FSFILE_Write
                0x001101c8       0x6c /opt/devkitpro/libctru/lib/libctru.a(fs.o)
                0x001101c8                FSFILE_Write
 .text.FSFILE_GetSize
                0x00110234       0x44 /opt/devkitpro/libctru/lib/libctru.a(fs.o)
                0x00110234                FSFILE_GetSize
 .text.FSFILE_SetSize
                0x00110278       0x28 /opt/devkitpro/libctru/lib/libctru.a(fs.o)
                0x00110278                FSFILE_SetSize
 .text.FSFILE_Close
                0x001102a0       0x3c /opt/devkitpro/libctru/lib/libctru.a(fs.o)
                0x001102a0                FSFILE_Close
 .text.FSFILE_Flush
                0x001102dc       0x24 /opt/devkitpro/libctru/lib/libctru.a(fs.o)
                0x001102dc                FSFILE_Flush
 .text.FSDIR_Read
                0x00110300       0x60 /opt/devkitpro/libctru/lib/libctru.a(fs.o)
                0x00110300                FSDIR_Read
 .text.FSDIR_Close
                0x00110360       0x3c /opt/devkitpro/libctru/lib/libctru.a(fs.o)
                0x00110360                FSDIR_Close
 .text.decode_utf8
                0x0011039c      0x140 /opt/devkitpro/libctru/lib/libctru.a(decode_utf8.o)
                0x0011039c                decode_utf8
 .text.utf16_to_utf8
                0x001104dc       0xe8 /opt/devkitpro/libctru/lib/libctru.a(utf16_to_utf8.o)
                0x001104dc                utf16_to_utf8
 .text.utf8_to_utf16
                0x001105c4       0xc0 /opt/devkitpro/libctru/lib/libctru.a(utf8_to_utf16.o)
                0x001105c4                utf8_to_utf16
 .text.__aeabi_read_tp
                0x00110684        0xc /opt/devkitpro/libctru/lib/libctru.a(readtp.o)
                0x00110684                __aeabi_read_tp
 .text.decode_utf16
                0x00110690       0x54 /opt/devkitpro/libctru/lib/libctru.a(decode_utf16.o)
                0x00110690                decode_utf16
 .text.encode_utf16
                0x001106e4       0x54 /opt/devkitpro/libctru/lib/libctru.a(encode_utf16.o)
                0x001106e4                encode_utf16
 .text.encode_utf8
                0x00110738       0xe0 /opt/devkitpro/libctru/lib/libctru.a(encode_utf8.o)
                0x00110738                encode_utf8
 .text.strncat  0x00110818       0xe4 /opt/devkitpro/devkitARM/lib/gcc/arm-none-eabi/15.2.0/../../../../arm-none-eabi/lib/armv6k/fpu/libg.a(libc_a-strncat.o)
                0x00110818                strncat
 .text.memcpy   0x001108fc      0x128 /opt/devkitpro/devkitARM/lib/gcc/arm-none-eabi/15.2.0/../../../../arm-none-eabi/lib/armv6k/fpu/libg.a(libc_a-memcpy-stub.o)
                0x001108fc                memcpy
 .text.strlen   0x00110a24       0x8c /opt/devkitpro/devkitARM/lib/gcc/arm-none-eabi/15.2.0/../../../../arm-none-eabi/lib/armv6k/fpu/libg.a(libc_a-strlen.o)
                0x00110a24                strlen
 .text.bsearch  0x00110ab0       0x78 /opt/devkitpro/devkitARM/lib/gcc/arm-none-eabi/15.2.0/../../../../arm-none-eabi/lib/armv6k/fpu/libg.a(libc_a-bsearch.o)
                0x00110ab0                bsearch
 .text.memalign
                0x00110b28       0x28 /opt/devkitpro/devkitARM/lib/gcc/arm-none-eabi/15.2.0/../../../../arm-none-eabi/lib/armv6k/fpu/libg.a(libc_a-malign.o)
                0x00110b28                memalign
 .text._strtoul_l.isra.0
                0x00110b50      0x1ec /opt/devkitpro/devkitARM/lib/gcc/arm-none-eabi/15.2.0/../../../../arm-none-eabi/lib/armv6k/fpu/libg.a(libc_a-strtoul.o)
 .text.strtoul  0x00110d3c       0x3c /opt/devkitpro/devkitARM/lib/gcc/arm-none-eabi/15.2.0/../../../../arm-none-eabi/lib/armv6k/fpu/libg.a(libc_a-strtoul.o)
                0x00110d3c                strtoul
 .text.calloc   0x00110d78       0x28 /opt/devkitpro/devkitARM/lib/gcc/arm-none-eabi/15.2.0/../../../../arm-none-eabi/lib/armv6k/fpu/libg.a(libc_a-calloc.o)
                0x00110d78                calloc
 .text._memalign_r
                0x00110da0      0x16c /opt/devkitpro/devkitARM/lib/gcc/arm-none-eabi/15.2.0/../../../../arm-none-eabi/lib/armv6k/fpu/libg.a(libc_a-malignr.o)
                0x00110da0                _memalign_r
 .text.__errno  0x00110f0c        0xc /opt/devkitpro/devkitARM/lib/gcc/arm-none-eabi/15.2.0/../../../../arm-none-eabi/lib/armv6k/fpu/libg.a(libc_a-errno.o)
                0x00110f0c                __errno
 .text.memset   0x00110f18       0xe4 /opt/devkitpro/devkitARM/lib/gcc/arm-none-eabi/15.2.0/../../../../arm-none-eabi/lib/armv6k/fpu/libg.a(libc_a-memset.o)
                0x00110f18                memset
 .text._calloc_r
                0x00110ffc       0xd8 /opt/devkitpro/devkitARM/lib/gcc/arm-none-eabi/15.2.0/../../../../arm-none-eabi/lib/armv6k/fpu/libg.a(libc_a-callocr.o)
                0x00110ffc                _calloc_r
 .text.__sflush_r
                0x001110d4      0x22c /opt/devkitpro/devkitARM/lib/gcc/arm-none-eabi/15.2.0/../../../../arm-none-eabi/lib/armv6k/fpu/libg.a(libc_a-fflush.o)
                0x001110d4                __sflush_r
 .text._fflush_r
                0x00111300       0xc4 /opt/devkitpro/devkitARM/lib/gcc/arm-none-eabi/15.2.0/../../../../arm-none-eabi/lib/armv6k/fpu/libg.a(libc_a-fflush.o)
                0x00111300                _fflush_r
 .text._malloc_r
                0x001113c4      0x82c /opt/devkitpro/devkitARM/lib/gcc/arm-none-eabi/15.2.0/../../../../arm-none-eabi/lib/armv6k/fpu/libg.a(libc_a-mallocr.o)
                0x001113c4                _malloc_r
 .text._malloc_trim_r
                0x00111bf0      0x114 /opt/devkitpro/devkitARM/lib/gcc/arm-none-eabi/15.2.0/../../../../arm-none-eabi/lib/armv6k/fpu/libg.a(libc_a-freer.o)
                0x00111bf0                _malloc_trim_r
 .text._free_r  0x00111d04      0x314 /opt/devkitpro/devkitARM/lib/gcc/arm-none-eabi/15.2.0/../../../../arm-none-eabi/lib/armv6k/fpu/libg.a(libc_a-freer.o)
                0x00111d04                _free_r
 .text.setvbuf  0x00112018      0x294 /opt/devkitpro/devkitARM/lib/gcc/arm-none-eabi/15.2.0/../../../../arm-none-eabi/lib/armv6k/fpu/libg.a(libc_a-setvbuf.o)
                0x00112018                setvbuf
 .text.stdio_exit_handler
                0x001122ac       0x1c /opt/devkitpro/devkitARM/lib/gcc/arm-none-eabi/15.2.0/../../../../arm-none-eabi/lib/armv6k/fpu/libg.a(libc_a-findfp.o)
 .text.cleanup_stdio
                0x001122c8       0x5c /opt/devkitpro/devkitARM/lib/gcc/arm-none-eabi/15.2.0/../../../../arm-none-eabi/lib/armv6k/fpu/libg.a(libc_a-findfp.o)
 .text.global_stdio_init.part.0
                0x00112324      0x154 /opt/devkitpro/devkitARM/lib/gcc/arm-none-eabi/15.2.0/../../../../arm-none-eabi/lib/armv6k/fpu/libg.a(libc_a-findfp.o)
 .text.__sinit  0x00112478       0x5c /opt/devkitpro/devkitARM/lib/gcc/arm-none-eabi/15.2.0/../../../../arm-none-eabi/lib/armv6k/fpu/libg.a(libc_a-findfp.o)
                0x00112478                __sinit
 .text.__sfp_lock_acquire
                0x001124d4        0xc /opt/devkitpro/devkitARM/lib/gcc/arm-none-eabi/15.2.0/../../../../arm-none-eabi/lib/armv6k/fpu/libg.a(libc_a-findfp.o)
                0x001124d4                __sfp_lock_acquire
 .text.__sfp_lock_release
                0x001124e0        0xc /opt/devkitpro/devkitARM/lib/gcc/arm-none-eabi/15.2.0/../../../../arm-none-eabi/lib/armv6k/fpu/libg.a(libc_a-findfp.o)
                0x001124e0                __sfp_lock_release
 .text.__libc_init_array
                0x001124ec       0x84 /opt/devkitpro/devkitARM/lib/gcc/arm-none-eabi/15.2.0/../../../../arm-none-eabi/lib/armv6k/fpu/libg.a(libc_a-init.o)
                0x001124ec                __libc_init_array
 .text.strncpy  0x00112570       0xd4 /opt/devkitpro/devkitARM/lib/gcc/arm-none-eabi/15.2.0/../../../../arm-none-eabi/lib/armv6k/fpu/libg.a(libc_a-strncpy.o)
                0x00112570                strncpy
 .text.malloc   0x00112644       0x40 /opt/devkitpro/devkitARM/lib/gcc/arm-none-eabi/15.2.0/../../../../arm-none-eabi/lib/armv6k/fpu/libg.a(libc_a-malloc.o)
                0x00112644                malloc
 .text.free     0x00112684       0x20 /opt/devkitpro/devkitARM/lib/gcc/arm-none-eabi/15.2.0/../../../../arm-none-eabi/lib/armv6k/fpu/libg.a(libc_a-malloc.o)
                0x00112684                free
 .text.__sread  0x001126a4       0x44 /opt/devkitpro/devkitARM/lib/gcc/arm-none-eabi/15.2.0/../../../../arm-none-eabi/lib/armv6k/fpu/libg.a(libc_a-stdio.o)
                0x001126a4                __sread
 .text.__swrite
                0x001126e8       0x68 /opt/devkitpro/devkitARM/lib/gcc/arm-none-eabi/15.2.0/../../../../arm-none-eabi/lib/armv6k/fpu/libg.a(libc_a-stdio.o)
                0x001126e8                __swrite
 .text.__sseek  0x00112750       0x40 /opt/devkitpro/devkitARM/lib/gcc/arm-none-eabi/15.2.0/../../../../arm-none-eabi/lib/armv6k/fpu/libg.a(libc_a-stdio.o)
                0x00112750                __sseek
 .text.__sclose
                0x00112790        0x8 /opt/devkitpro/devkitARM/lib/gcc/arm-none-eabi/15.2.0/../../../../arm-none-eabi/lib/armv6k/fpu/libg.a(libc_a-stdio.o)
                0x00112790                __sclose
 .text.__malloc_lock
                0x00112798        0xc /opt/devkitpro/devkitARM/lib/gcc/arm-none-eabi/15.2.0/../../../../arm-none-eabi/lib/armv6k/fpu/libg.a(libc_a-mlock.o)
                0x00112798                __malloc_lock
 .text.__malloc_unlock
                0x001127a4        0xc /opt/devkitpro/devkitARM/lib/gcc/arm-none-eabi/15.2.0/../../../../arm-none-eabi/lib/armv6k/fpu/libg.a(libc_a-mlock.o)
                0x001127a4                __malloc_unlock
 .text._fclose_r
                0x001127b0      0x148 /opt/devkitpro/devkitARM/lib/gcc/arm-none-eabi/15.2.0/../../../../arm-none-eabi/lib/armv6k/fpu/libg.a(libc_a-fclose.o)
                0x001127b0                _fclose_r
 .text.__call_exitprocs
                0x001128f8        0x4 /opt/devkitpro/devkitARM/lib/gcc/arm-none-eabi/15.2.0/../../../../arm-none-eabi/lib/armv6k/fpu/libg.a(libc_a-exit.o)
                0x001128f8                __call_exitprocs
 .text.exit     0x001128fc       0x30 /opt/devkitpro/devkitARM/lib/gcc/arm-none-eabi/15.2.0/../../../../arm-none-eabi/lib/armv6k/fpu/libg.a(libc_a-exit.o)
                0x001128fc                exit
 .text.__libc_fini_array
                0x0011292c       0x3c /opt/devkitpro/devkitARM/lib/gcc/arm-none-eabi/15.2.0/../../../../arm-none-eabi/lib/armv6k/fpu/libg.a(libc_a-fini.o)
                0x0011292c                __libc_fini_array
 .text.strnlen  0x00112968       0x3c /opt/devkitpro/devkitARM/lib/gcc/arm-none-eabi/15.2.0/../../../../arm-none-eabi/lib/armv6k/fpu/libg.a(libc_a-strnlen.o)
                0x00112968                strnlen
 .text.strncmp  0x001129a4       0xd8 /opt/devkitpro/devkitARM/lib/gcc/arm-none-eabi/15.2.0/../../../../arm-none-eabi/lib/armv6k/fpu/libg.a(libc_a-strncmp.o)
                0x001129a4                strncmp
 .text._fwalk_sglue
                0x00112a7c       0x70 /opt/devkitpro/devkitARM/lib/gcc/arm-none-eabi/15.2.0/../../../../arm-none-eabi/lib/armv6k/fpu/libg.a(libc_a-fwalk.o)
                0x00112a7c                _fwalk_sglue
 .text.__swhatbuf_r
                0x00112aec       0x90 /opt/devkitpro/devkitARM/lib/gcc/arm-none-eabi/15.2.0/../../../../arm-none-eabi/lib/armv6k/fpu/libg.a(libc_a-makebuf.o)
                0x00112aec                __swhatbuf_r
 .text._exit    0x00112b7c       0x20 /opt/devkitpro/devkitARM/lib/gcc/arm-none-eabi/15.2.0/../../../../arm-none-eabi/lib/armv6k/fpu/libsysbase.a(libsysbase_libsysbase_a-_exit.o)
                0x00112b7c                _exit
 .text.chdir    0x00112b9c      0x140 /opt/devkitpro/devkitARM/lib/gcc/arm-none-eabi/15.2.0/../../../../arm-none-eabi/lib/armv6k/fpu/libsysbase.a(libsysbase_libsysbase_a-chdir.o)
                0x00112b9c                chdir
 .text._concatenate_path
                0x00112cdc      0x1c8 /opt/devkitpro/devkitARM/lib/gcc/arm-none-eabi/15.2.0/../../../../arm-none-eabi/lib/armv6k/fpu/libsysbase.a(libsysbase_libsysbase_a-concatenate.o)
                0x00112cdc                _concatenate_path
 .text._fstat_r
                0x00112ea4       0x9c /opt/devkitpro/devkitARM/lib/gcc/arm-none-eabi/15.2.0/../../../../arm-none-eabi/lib/armv6k/fpu/libsysbase.a(libsysbase_libsysbase_a-fstat.o)
                0x00112ea4                _fstat_r
 .text.__getreent
                0x00112f40       0x2c /opt/devkitpro/devkitARM/lib/gcc/arm-none-eabi/15.2.0/../../../../arm-none-eabi/lib/armv6k/fpu/libsysbase.a(libsysbase_libsysbase_a-getreent.o)
                0x00112f40                __getreent
 .text.__get_handle
                0x00112f6c       0x58 /opt/devkitpro/devkitARM/lib/gcc/arm-none-eabi/15.2.0/../../../../arm-none-eabi/lib/armv6k/fpu/libsysbase.a(libsysbase_libsysbase_a-handle_manager.o)
                0x00112f6c                __get_handle
 .text._close_r
                0x00112fc4      0x110 /opt/devkitpro/devkitARM/lib/gcc/arm-none-eabi/15.2.0/../../../../arm-none-eabi/lib/armv6k/fpu/libsysbase.a(libsysbase_libsysbase_a-handle_manager.o)
                0x00112fc4                _close_r
 .text.null_write
                0x001130d4        0x8 /opt/devkitpro/devkitARM/lib/gcc/arm-none-eabi/15.2.0/../../../../arm-none-eabi/lib/armv6k/fpu/libsysbase.a(libsysbase_libsysbase_a-iosupport.o)
 .text.setDefaultDevice
                0x001130dc       0x18 /opt/devkitpro/devkitARM/lib/gcc/arm-none-eabi/15.2.0/../../../../arm-none-eabi/lib/armv6k/fpu/libsysbase.a(libsysbase_libsysbase_a-iosupport.o)
                0x001130dc                setDefaultDevice
 .text.FindDevice
                0x001130f4       0x98 /opt/devkitpro/devkitARM/lib/gcc/arm-none-eabi/15.2.0/../../../../arm-none-eabi/lib/armv6k/fpu/libsysbase.a(libsysbase_libsysbase_a-iosupport.o)
                0x001130f4                FindDevice
 .text.RemoveDevice
                0x0011318c       0x24 /opt/devkitpro/devkitARM/lib/gcc/arm-none-eabi/15.2.0/../../../../arm-none-eabi/lib/armv6k/fpu/libsysbase.a(libsysbase_libsysbase_a-iosupport.o)
                0x0011318c                RemoveDevice
 .text.AddDevice
                0x001131b0       0x88 /opt/devkitpro/devkitARM/lib/gcc/arm-none-eabi/15.2.0/../../../../arm-none-eabi/lib/armv6k/fpu/libsysbase.a(libsysbase_libsysbase_a-iosupport.o)
                0x001131b0                AddDevice
 .text.GetDeviceOpTab
                0x00113238       0x20 /opt/devkitpro/devkitARM/lib/gcc/arm-none-eabi/15.2.0/../../../../arm-none-eabi/lib/armv6k/fpu/libsysbase.a(libsysbase_libsysbase_a-iosupport.o)
                0x00113238                GetDeviceOpTab
 .text._lseek_r
                0x00113258       0x94 /opt/devkitpro/devkitARM/lib/gcc/arm-none-eabi/15.2.0/../../../../arm-none-eabi/lib/armv6k/fpu/libsysbase.a(libsysbase_libsysbase_a-lseek.o)
                0x00113258                _lseek_r
 .text._read_r  0x001132ec       0x94 /opt/devkitpro/devkitARM/lib/gcc/arm-none-eabi/15.2.0/../../../../arm-none-eabi/lib/armv6k/fpu/libsysbase.a(libsysbase_libsysbase_a-read.o)
                0x001132ec                _read_r
 .text._sbrk_r  0x00113380       0x78 /opt/devkitpro/devkitARM/lib/gcc/arm-none-eabi/15.2.0/../../../../arm-none-eabi/lib/armv6k/fpu/libsysbase.a(libsysbase_libsysbase_a-sbrk.o)
                0x00113380                _sbrk_r
 .text.__libc_lock_acquire
                0x001133f8       0x1c /opt/devkitpro/devkitARM/lib/gcc/arm-none-eabi/15.2.0/../../../../arm-none-eabi/lib/armv6k/fpu/libsysbase.a(libsysbase_libsysbase_a-syscall_support.o)
                0x001133f8                __libc_lock_acquire
 .text.__libc_lock_release
                0x00113414       0x1c /opt/devkitpro/devkitARM/lib/gcc/arm-none-eabi/15.2.0/../../../../arm-none-eabi/lib/armv6k/fpu/libsysbase.a(libsysbase_libsysbase_a-syscall_support.o)
                0x00113414                __libc_lock_release
 .text.__libc_lock_acquire_recursive
                0x00113430       0x1c /opt/devkitpro/devkitARM/lib/gcc/arm-none-eabi/15.2.0/../../../../arm-none-eabi/lib/armv6k/fpu/libsysbase.a(libsysbase_libsysbase_a-syscall_support.o)
                0x00113430                __libc_lock_acquire_recursive
 .text.__libc_lock_release_recursive
                0x0011344c       0x1c /opt/devkitpro/devkitARM/lib/gcc/arm-none-eabi/15.2.0/../../../../arm-none-eabi/lib/armv6k/fpu/libsysbase.a(libsysbase_libsysbase_a-syscall_support.o)
                0x0011344c                __libc_lock_release_recursive
 .text._write_r
                0x00113468       0x94 /opt/devkitpro/devkitARM/lib/gcc/arm-none-eabi/15.2.0/../../../../arm-none-eabi/lib/armv6k/fpu/libsysbase.a(libsysbase_libsysbase_a-write.o)
                0x00113468                _write_r
 .text.strchr   0x001134fc      0x140 /opt/devkitpro/devkitARM/lib/gcc/arm-none-eabi/15.2.0/../../../../arm-none-eabi/lib/armv6k/fpu/libg.a(libc_a-strchr.o)
                0x001134fc                strchr
 .text.strrchr  0x0011363c       0x48 /opt/devkitpro/devkitARM/lib/gcc/arm-none-eabi/15.2.0/../../../../arm-none-eabi/lib/armv6k/fpu/libg.a(libc_a-strrchr.o)
                0x0011363c                strrchr
 *(.glue_7)
 .glue_7        0x00113684        0x0 linker stubs
 *(.glue_7t)
 .glue_7t       0x00113684        0x0 linker stubs
 *(.stub)
 *(.gnu.warning)
 *(.gnu.linkonce.t*)
                0x00113684                        . = ALIGN (0x4)
 *(.fini)
 .fini          0x00113684        0xc /opt/devkitpro/devkitARM/lib/gcc/arm-none-eabi/15.2.0/armv6k/fpu/crti.o
                0x00113684                _fini
 .fini          0x00113690        0xc /opt/devkitpro/devkitARM/lib/gcc/arm-none-eabi/15.2.0/armv6k/fpu/crtn.o
                0x0011369c                        . = ALIGN (0x4)

.vfp11_veneer   0x0011369c        0x0
 .vfp11_veneer  0x0011369c        0x0 linker stubs

.v4_bx          0x0011369c        0x0
 .v4_bx         0x0011369c        0x0 linker stubs

.iplt           0x0011369c        0x0
 .iplt          0x0011369c        0x0 /opt/devkitpro/devkitARM/lib/gcc/arm-none-eabi/15.2.0/../../../../arm-none-eabi/lib/armv6k/fpu/3dsx_crt0.o
                0x00114000                        . = ALIGN (0x1000)

.rodata         0x00114000      0xffc
 *(.rodata)
 .rodata        0x00114000        0xc /opt/devkitpro/libctru/lib/libctru.a(archive_dev.o)
 *(.roda)
 *(.rodata.*)
 .rodata.C2D_Init.str1.4
                0x0011400c       0xac /opt/devkitpro/libctru/lib/libcitro2d.a(base.o)
                                 0x10 (size before relaxing)
 .rodata.render2d_shbin
                0x001140b8      0x190 /opt/devkitpro/libctru/lib/libcitro2d.a(render2d.shbin.o)
                0x001140b8                render2d_shbin
                0x00114244                render2d_shbin_size
                0x00114244                render2d_shbin_end
 .rodata.depthFmtSizes
                0x00114248        0x4 /opt/devkitpro/libctru/lib/libcitro3d.a(framebuffer.o)
 .rodata.colorFmtSizes
                0x0011424c        0x5 /opt/devkitpro/libctru/lib/libcitro3d.a(framebuffer.o)
 *fill*         0x00114251        0x3 
 .rodata.CSWTCH.11
                0x00114254       0x10 /opt/devkitpro/libctru/lib/libcitro3d.a(proctex.o)
 .rodata.consolePrintChar
                0x00114264        0x6 /opt/devkitpro/libctru/lib/libctru.a(console.o)
 .rodata.con_write
                0x0011426a      0x23c /opt/devkitpro/libctru/lib/libctru.a(console.o)
 .rodata.str1.4
                0x001144a6        0x0 /opt/devkitpro/libctru/lib/libctru.a(console.o)
                                 0x10 (size before relaxing)
 *fill*         0x001144a6        0x2 
 .rodata.dotab_stdout
                0x001144a8       0x80 /opt/devkitpro/libctru/lib/libctru.a(console.o)
 .rodata.grayScale
                0x00114528       0x18 /opt/devkitpro/libctru/lib/libctru.a(console.o)
 .rodata.colorCube
                0x00114540        0x6 /opt/devkitpro/libctru/lib/libctru.a(console.o)
 *fill*         0x00114546        0x2 
 .rodata.colorTable
                0x00114548       0x30 /opt/devkitpro/libctru/lib/libctru.a(console.o)
 .rodata.DVLE_GenerateOutmap.part.0
                0x00114578        0x9 /opt/devkitpro/libctru/lib/libctru.a(shbin.o)
 .rodata.aptEventHandler
                0x00114581        0xb /opt/devkitpro/libctru/lib/libctru.a(apt.o)
 .rodata.aptWaitForWakeUp.isra.0
                0x0011458c       0x11 /opt/devkitpro/libctru/lib/libctru.a(apt.o)
 *fill*         0x0011459d        0x3 
 .rodata.morton_y.2
                0x001145a0        0x8 /opt/devkitpro/libctru/lib/libctru.a(apt.o)
 .rodata.morton_x.3
                0x001145a8        0x8 /opt/devkitpro/libctru/lib/libctru.a(apt.o)
 .rodata.s_sleepWakeEvents.4
                0x001145b0        0x8 /opt/devkitpro/libctru/lib/libctru.a(apt.o)
 .rodata.str1.4
                0x001145b8        0x0 /opt/devkitpro/libctru/lib/libctru.a(apt.o)
                                 0x16 (size before relaxing)
 .rodata.serviceNameTable.5
                0x001145b8        0xc /opt/devkitpro/libctru/lib/libctru.a(apt.o)
 .rodata.gspInit.str1.4
                0x001145c4        0x0 /opt/devkitpro/libctru/lib/libctru.a(gspgpu.o)
                                  0x9 (size before relaxing)
 .rodata.hidInit.str1.4
                0x001145c4        0x0 /opt/devkitpro/libctru/lib/libctru.a(hid.o)
                                 0x15 (size before relaxing)
 .rodata.irrstInit.str1.4
                0x001145c4        0x0 /opt/devkitpro/libctru/lib/libctru.a(irrst.o)
                                  0x7 (size before relaxing)
 .rodata.ptmSysmInit.str1.4
                0x001145c4        0x0 /opt/devkitpro/libctru/lib/libctru.a(ptmsysm.o)
                                  0x9 (size before relaxing)
 .rodata.__system_initArgv.str1.4
                0x001145c4        0x0 /opt/devkitpro/libctru/lib/libctru.a(initArgv.o)
                                  0xa (size before relaxing)
 .rodata.default_font_bin
                0x001145c4      0x800 /opt/devkitpro/libctru/lib/libctru.a(default_font.bin.o)
                0x001145c4                default_font_bin
                0x00114dc4                default_font_bin_end
 .rodata.srvInit.str1.4
                0x00114dc4        0x0 /opt/devkitpro/libctru/lib/libctru.a(srv.o)
                                  0x5 (size before relaxing)
 .rodata.archive_utf16path.str1.4
                0x00114dc4        0x0 /opt/devkitpro/libctru/lib/libctru.a(archive_dev.o)
                                  0x2 (size before relaxing)
 .rodata._archiveUnmountDeviceStruct.part.0.str1.4
                0x00114dc4        0x0 /opt/devkitpro/libctru/lib/libctru.a(archive_dev.o)
                                  0x2 (size before relaxing)
 .rodata._archiveMountDevice.str1.4
                0x00114dc4        0x0 /opt/devkitpro/libctru/lib/libctru.a(archive_dev.o)
                                  0xc (size before relaxing)
 .rodata.archiveMountSdmc.str1.4
                0x00114dc4        0x0 /opt/devkitpro/libctru/lib/libctru.a(archive_dev.o)
                                  0x5 (size before relaxing)
 .rodata.error_table
                0x00114dc4       0x30 /opt/devkitpro/libctru/lib/libctru.a(archive_dev.o)
 .rodata.str1.4
                0x00114df4        0x0 /opt/devkitpro/libctru/lib/libctru.a(archive_dev.o)
                                  0x8 (size before relaxing)
 .rodata.archive_devoptab
                0x00114df4       0x80 /opt/devkitpro/libctru/lib/libctru.a(archive_dev.o)
 .rodata.fsInit.str1.4
                0x00114e74        0x0 /opt/devkitpro/libctru/lib/libctru.a(fs.o)
                                  0x8 (size before relaxing)
 .rodata._ctype_
                0x00114e74      0x101 /opt/devkitpro/devkitARM/lib/gcc/arm-none-eabi/15.2.0/../../../../arm-none-eabi/lib/armv6k/fpu/libg.a(libc_a-ctype_.o)
                0x00114e74                _ctype_
 .rodata.str1.4
                0x00114f75        0x0 /opt/devkitpro/devkitARM/lib/gcc/arm-none-eabi/15.2.0/../../../../arm-none-eabi/lib/armv6k/fpu/libsysbase.a(libsysbase_libsysbase_a-iosupport.o)
                                  0x8 (size before relaxing)
 *fill*         0x00114f75        0x3 
 .rodata.dotab_stdnull
                0x00114f78       0x80 /opt/devkitpro/devkitARM/lib/gcc/arm-none-eabi/15.2.0/../../../../arm-none-eabi/lib/armv6k/fpu/libsysbase.a(libsysbase_libsysbase_a-iosupport.o)
                0x00114f78                dotab_stdnull
 *all.rodata*(*)
 *(.gnu.linkonce.r*)
                0x00114ff8                        . = ALIGN (0x4)
                0x00114ff8                        __tdata_align = .
                0x00114ff8        0x4 LONG 0x4 ALIGNOF (.tdata)
                0x00114ffc                        . = ALIGN (0x4)

.eh_frame       0x00114ffc        0x0
 .eh_frame      0x00114ffc        0x0 /opt/devkitpro/devkitARM/lib/gcc/arm-none-eabi/15.2.0/armv6k/fpu/crtbegin.o

.rel.dyn        0x00114ffc        0x0
 .rel.iplt      0x00114ffc        0x0 /opt/devkitpro/devkitARM/lib/gcc/arm-none-eabi/15.2.0/../../../../arm-none-eabi/lib/armv6k/fpu/3dsx_crt0.o
 .rel.got       0x00114ffc        0x0 /opt/devkitpro/devkitARM/lib/gcc/arm-none-eabi/15.2.0/../../../../arm-none-eabi/lib/armv6k/fpu/3dsx_crt0.o

.ARM.extab
 *(.ARM.extab* .gnu.linkonce.armextab.*)
                0x00114ffc                        __exidx_start = .

.ARM.exidx
 *(.ARM.exidx* .gnu.linkonce.armexidx.*)
                0x00114ffc                        __exidx_end = .
                0x00115000                        . = ALIGN (0x1000)

.data           0x00115000     0x1b4c
 *(.data)
 *(.data.*)
 .data.framerateCounter
                0x00115000        0x8 /opt/devkitpro/libctru/lib/libcitro3d.a(renderqueue.o)
 .data.framerate
                0x00115008        0x4 /opt/devkitpro/libctru/lib/libcitro3d.a(renderqueue.o)
 .data.firstConsoleInit.0
                0x0011500c        0x1 /opt/devkitpro/libctru/lib/libctru.a(console.o)
 *fill*         0x0011500d        0x3 
 .data.currentConsole
                0x00115010        0x4 /opt/devkitpro/libctru/lib/libctru.a(console.o)
                0x00115010                currentConsole
 .data.defaultConsole
                0x00115014       0x48 /opt/devkitpro/libctru/lib/libctru.a(console.o)
                0x00115014                defaultConsole
 .data.queueLock
                0x0011505c        0x4 /opt/devkitpro/libctru/lib/libctru.a(gxqueue.o)
 .data.aptChainloadDeliverArgSize
                0x00115060        0x4 /opt/devkitpro/libctru/lib/libctru.a(apt.o)
 .data.kCount   0x00115064        0x4 /opt/devkitpro/libctru/lib/libctru.a(hid.o)
 .data.kInterval
                0x00115068        0x4 /opt/devkitpro/libctru/lib/libctru.a(hid.o)
 .data.kDelay   0x0011506c        0x4 /opt/devkitpro/libctru/lib/libctru.a(hid.o)
 .data.__stacksize__
                0x00115070        0x4 /opt/devkitpro/libctru/lib/libctru.a(stack_adjust.o)
                0x00115070                __stacksize__
 .data._impure_ptr
                0x00115074        0x4 /opt/devkitpro/devkitARM/lib/gcc/arm-none-eabi/15.2.0/../../../../arm-none-eabi/lib/armv6k/fpu/libg.a(libc_a-impure.o)
                0x00115074                _impure_ptr
 .data._impure_data
                0x00115078      0x200 /opt/devkitpro/devkitARM/lib/gcc/arm-none-eabi/15.2.0/../../../../arm-none-eabi/lib/armv6k/fpu/libg.a(libc_a-impure.o)
                0x00115078                _impure_data
 .data.__malloc_sbrk_base
                0x00115278        0x4 /opt/devkitpro/devkitARM/lib/gcc/arm-none-eabi/15.2.0/../../../../arm-none-eabi/lib/armv6k/fpu/libg.a(libc_a-mallocr.o)
                0x00115278                __malloc_sbrk_base
 .data.__malloc_trim_threshold
                0x0011527c        0x4 /opt/devkitpro/devkitARM/lib/gcc/arm-none-eabi/15.2.0/../../../../arm-none-eabi/lib/armv6k/fpu/libg.a(libc_a-mallocr.o)
                0x0011527c                __malloc_trim_threshold
 .data.__malloc_av_
                0x00115280      0x408 /opt/devkitpro/devkitARM/lib/gcc/arm-none-eabi/15.2.0/../../../../arm-none-eabi/lib/armv6k/fpu/libg.a(libc_a-mallocr.o)
                0x00115280                __malloc_av_
 .data.__sglue  0x00115688        0xc /opt/devkitpro/devkitARM/lib/gcc/arm-none-eabi/15.2.0/../../../../arm-none-eabi/lib/armv6k/fpu/libg.a(libc_a-findfp.o)
                0x00115688                __sglue
 .data._current_working_directory
                0x00115694      0x400 /opt/devkitpro/devkitARM/lib/gcc/arm-none-eabi/15.2.0/../../../../arm-none-eabi/lib/armv6k/fpu/libsysbase.a(libsysbase_libsysbase_a-chdir.o)
 *fill*         0x00115a94        0x4 
 .data.handles  0x00115a98     0x1000 /opt/devkitpro/devkitARM/lib/gcc/arm-none-eabi/15.2.0/../../../../arm-none-eabi/lib/armv6k/fpu/libsysbase.a(libsysbase_libsysbase_a-handle_manager.o)
 .data.__stderr_handle
                0x00116a98        0xc /opt/devkitpro/devkitARM/lib/gcc/arm-none-eabi/15.2.0/../../../../arm-none-eabi/lib/armv6k/fpu/libsysbase.a(libsysbase_libsysbase_a-handle_manager.o)
 .data.__stdout_handle
                0x00116aa4        0xc /opt/devkitpro/devkitARM/lib/gcc/arm-none-eabi/15.2.0/../../../../arm-none-eabi/lib/armv6k/fpu/libsysbase.a(libsysbase_libsysbase_a-handle_manager.o)
 .data.__stdin_handle
                0x00116ab0        0xc /opt/devkitpro/devkitARM/lib/gcc/arm-none-eabi/15.2.0/../../../../arm-none-eabi/lib/armv6k/fpu/libsysbase.a(libsysbase_libsysbase_a-handle_manager.o)
 .data.devoptab_list
                0x00116abc       0x8c /opt/devkitpro/devkitARM/lib/gcc/arm-none-eabi/15.2.0/../../../../arm-none-eabi/lib/armv6k/fpu/libsysbase.a(libsysbase_libsysbase_a-iosupport.o)
                0x00116abc                devoptab_list
 .data.defaultDevice
                0x00116b48        0x4 /opt/devkitpro/devkitARM/lib/gcc/arm-none-eabi/15.2.0/../../../../arm-none-eabi/lib/armv6k/fpu/libsysbase.a(libsysbase_libsysbase_a-iosupport.o)
 *(.gnu.linkonce.d*)
                0x00116b4c                        . = ALIGN (0x4)

.igot.plt       0x00116b4c        0x0
 .igot.plt      0x00116b4c        0x0 /opt/devkitpro/devkitARM/lib/gcc/arm-none-eabi/15.2.0/../../../../arm-none-eabi/lib/armv6k/fpu/3dsx_crt0.o

.got            0x00116b4c        0x8
 .got           0x00116b4c        0x8 /opt/devkitpro/devkitARM/lib/gcc/arm-none-eabi/15.2.0/../../../../arm-none-eabi/lib/armv6k/fpu/3dsx_crt0.o

.got.plt        0x00116b54        0xc
 .got.plt       0x00116b54        0xc /opt/devkitpro/devkitARM/lib/gcc/arm-none-eabi/15.2.0/../../../../arm-none-eabi/lib/armv6k/fpu/3dsx_crt0.o
                0x00116b54                _GLOBAL_OFFSET_TABLE_

.tdata          0x00116b60        0x0
                0x00116b60                        __tdata_lma = .
 *(.tdata)
 *(.tdata.*)
 *(.gnu.linkonce.td.*)
                0x00116b60                        . = ALIGN (0x4)
                0x00116b60                        __tdata_lma_end = .

.tbss           0x00116b60      0xc08
 *(.tbss)
 *(.tbss.*)
 .tbss.__ctru_dev_utf16_buf
                0x00116b60      0x802 /opt/devkitpro/libctru/lib/libctru.a(path_buf.o)
                0x00116b60                __ctru_dev_utf16_buf
 *fill*         0x00117362        0x2 
 .tbss.__ctru_dev_path_buf
                0x00117364      0x401 /opt/devkitpro/libctru/lib/libctru.a(path_buf.o)
                0x00117364                __ctru_dev_path_buf
 *(.gnu.linkonce.tb.*)
 *(.tcommon)
                0x00117768                        . = ALIGN (0x4)
 *fill*         0x00117765        0x3 

.preinit_array  0x00116b60        0x0
                0x00116b60                        PROVIDE (__preinit_array_start = .)
 *(.preinit_array)
                0x00116b60                        PROVIDE (__preinit_array_end = .)

.init_array     0x00116b60        0x4
                0x00116b60                        PROVIDE (__init_array_start = .)
 *(SORT_BY_NAME(.init_array.*))
 *(.init_array)
 .init_array    0x00116b60        0x4 /opt/devkitpro/devkitARM/lib/gcc/arm-none-eabi/15.2.0/armv6k/fpu/crtbegin.o
                0x00116b64                        PROVIDE (__init_array_end = .)

.fini_array     0x00116b64        0x4
                0x00116b64                        PROVIDE (__fini_array_start = .)
 *(.fini_array)
 .fini_array    0x00116b64        0x4 /opt/devkitpro/devkitARM/lib/gcc/arm-none-eabi/15.2.0/armv6k/fpu/crtbegin.o
 *(SORT_BY_NAME(.fini_array.*))
                0x00116b68                        PROVIDE (__fini_array_end = .)

.ctors
 *crtbegin.o(.ctors)
 *(EXCLUDE_FILE(*crtend.o) .ctors)
 *(SORT_BY_NAME(.ctors.*))
 *(.ctors)

.dtors
 *crtbegin.o(.dtors)
 *(EXCLUDE_FILE(*crtend.o) .dtors)
 *(SORT_BY_NAME(.dtors.*))
 *(.dtors)
                0x00116b68                        __bss_start__ = .

.bss            0x00116b68     0x4578
 *(.dynbss)
 *(.bss)
 .bss           0x00116b68        0x8 main.o
 *(.bss.*)
 .bss.completed.1
                0x00116b70        0x1 /opt/devkitpro/devkitARM/lib/gcc/arm-none-eabi/15.2.0/armv6k/fpu/crtbegin.o
 *fill*         0x00116b71        0x3 
 .bss.object.0  0x00116b74       0x18 /opt/devkitpro/devkitARM/lib/gcc/arm-none-eabi/15.2.0/armv6k/fpu/crtbegin.o
 *fill*         0x00116b8c        0x4 
 .bss.__C2Di_Context
                0x00116b90      0x5a8 /opt/devkitpro/libctru/lib/libcitro2d.a(base.o)
                0x00116b90                __C2Di_Context
 .bss.s_projBot
                0x00117138       0x40 /opt/devkitpro/libctru/lib/libcitro2d.a(base.o)
 .bss.s_projTop
                0x00117178       0x40 /opt/devkitpro/libctru/lib/libcitro2d.a(base.o)
 .bss.uLoc_mdlvMtx
                0x001171b8        0x4 /opt/devkitpro/libctru/lib/libcitro2d.a(base.o)
 .bss.uLoc_projMtx
                0x001171bc        0x4 /opt/devkitpro/libctru/lib/libcitro2d.a(base.o)
 .bss.hookCookie
                0x001171c0        0xc /opt/devkitpro/libctru/lib/libcitro3d.a(base.o)
 *fill*         0x001171cc        0x4 
 .bss.__C3D_Context
                0x001171d0      0x2d0 /opt/devkitpro/libctru/lib/libcitro3d.a(base.o)
                0x001171d0                __C3D_Context
 .bss.frameEndCbData
                0x001174a0        0x4 /opt/devkitpro/libctru/lib/libcitro3d.a(renderqueue.o)
 .bss.frameEndCb
                0x001174a4        0x4 /opt/devkitpro/libctru/lib/libcitro3d.a(renderqueue.o)
 .bss.frameCounter
                0x001174a8        0x8 /opt/devkitpro/libctru/lib/libcitro3d.a(renderqueue.o)
 .bss.isTopStereo
                0x001174b0        0x1 /opt/devkitpro/libctru/lib/libcitro3d.a(renderqueue.o)
 .bss.needSwapBot
                0x001174b1        0x1 /opt/devkitpro/libctru/lib/libcitro3d.a(renderqueue.o)
 .bss.needSwapTop
                0x001174b2        0x1 /opt/devkitpro/libctru/lib/libcitro3d.a(renderqueue.o)
 .bss.measureGpuTime
                0x001174b3        0x1 /opt/devkitpro/libctru/lib/libcitro3d.a(renderqueue.o)
 .bss.inSafeTransfer
                0x001174b4        0x1 /opt/devkitpro/libctru/lib/libcitro3d.a(renderqueue.o)
 .bss.inFrame   0x001174b5        0x1 /opt/devkitpro/libctru/lib/libcitro3d.a(renderqueue.o)
 *fill*         0x001174b6        0x2 
 .bss.cpuTime   0x001174b8       0x10 /opt/devkitpro/libctru/lib/libcitro3d.a(renderqueue.o)
 .bss.gpuTime   0x001174c8       0x10 /opt/devkitpro/libctru/lib/libcitro3d.a(renderqueue.o)
 .bss.linkedTarget
                0x001174d8        0xc /opt/devkitpro/libctru/lib/libcitro3d.a(renderqueue.o)
 .bss.lastTarget
                0x001174e4        0x4 /opt/devkitpro/libctru/lib/libcitro3d.a(renderqueue.o)
 .bss.firstTarget
                0x001174e8        0x4 /opt/devkitpro/libctru/lib/libcitro3d.a(renderqueue.o)
 .bss.C3Di_IVUnifEverDirty
                0x001174ec        0x8 /opt/devkitpro/libctru/lib/libcitro3d.a(uniforms.o)
 .bss.C3Di_FVUnifEverDirty
                0x001174f4       0xc0 /opt/devkitpro/libctru/lib/libcitro3d.a(uniforms.o)
 .bss.C3Di_ShaderFVecData
                0x001175b4       0x18 /opt/devkitpro/libctru/lib/libcitro3d.a(uniforms.o)
 .bss.C3D_BoolUnifsDirty
                0x001175cc        0x2 /opt/devkitpro/libctru/lib/libcitro3d.a(uniforms.o)
                0x001175cc                C3D_BoolUnifsDirty
 *fill*         0x001175ce        0x2 
 .bss.C3D_IVUnifDirty
                0x001175d0        0x8 /opt/devkitpro/libctru/lib/libcitro3d.a(uniforms.o)
                0x001175d0                C3D_IVUnifDirty
 .bss.C3D_FVUnifDirty
                0x001175d8       0xc0 /opt/devkitpro/libctru/lib/libcitro3d.a(uniforms.o)
                0x001175d8                C3D_FVUnifDirty
 .bss.C3D_BoolUnifs
                0x00117698        0x4 /opt/devkitpro/libctru/lib/libcitro3d.a(uniforms.o)
                0x00117698                C3D_BoolUnifs
 .bss.C3D_IVUnif
                0x0011769c       0x20 /opt/devkitpro/libctru/lib/libcitro3d.a(uniforms.o)
                0x0011769c                C3D_IVUnif
 .bss.C3D_FVUnif
                0x001176bc      0xc00 /opt/devkitpro/libctru/lib/libcitro3d.a(uniforms.o)
                0x001176bc                C3D_FVUnif
 *fill*         0x001182bc        0x4 
 .bss._ZL11sLinearPool
                0x001182c0        0x8 /opt/devkitpro/libctru/lib/libctru.a(linear.o)
 .bss._ZL8sAddrMap
                0x001182c8        0xc /opt/devkitpro/libctru/lib/libctru.a(linear.o)
 *fill*         0x001182d4        0x4 
 .bss._ZL10sVramPoolB
                0x001182d8        0x8 /opt/devkitpro/libctru/lib/libctru.a(vram.o)
 .bss._ZL10sVramPoolA
                0x001182e0        0x8 /opt/devkitpro/libctru/lib/libctru.a(vram.o)
 .bss._ZL8sAddrMap
                0x001182e8        0xc /opt/devkitpro/libctru/lib/libctru.a(vram.o)
 .bss.escapeSeq
                0x001182f4       0x64 /opt/devkitpro/libctru/lib/libctru.a(console.o)
 .bss.currentCopy
                0x00118358       0x48 /opt/devkitpro/libctru/lib/libctru.a(console.o)
                0x00118358                currentCopy
 .bss.screenAlloc
                0x001183a0        0x4 /opt/devkitpro/libctru/lib/libctru.a(gfx.o)
 .bss.screenFree
                0x001183a4        0x4 /opt/devkitpro/libctru/lib/libctru.a(gfx.o)
 .bss.gfxIsDoubleBuf
                0x001183a8        0x2 /opt/devkitpro/libctru/lib/libctru.a(gfx.o)
 *fill*         0x001183aa        0x2 
 .bss.gfxCurBuf
                0x001183ac        0x2 /opt/devkitpro/libctru/lib/libctru.a(gfx.o)
 .bss.gfxIsVram