Archive member included to satisfy reference by file (symbol)

/opt/devkitpro/libctru/lib/libcitro2d.a(base.o)
                              main.o (C2D_Init)
/opt/devkitpro/libctru/lib/libcitro2d.a(render2d.shbin.o)
                              /opt/devkitpro/libctru/lib/libcitro2d.a(base.o) (render2d_shbin)
/opt/devkitpro/libctru/lib/libcitro3d.a(attribs.o)
                              /opt/devkitpro/libctru/lib/libcitro2d.a(base.o) (AttrInfo_Init)
/opt/devkitpro/libctru/lib/libcitro3d.a(base.o)
                              /opt/devkitpro/libctru/lib/libcitro3d.a(attribs.o) (__C3D_Context)
/opt/devkitpro/libctru/lib/libcitro3d.a(buffers.o)
                              /opt/devkitpro/libctru/lib/libcitro2d.a(base.o) (BufInfo_Init)
/opt/devkitpro/libctru/lib/libcitro3d.a(drawElements.o)
                              /opt/devkitpro/libctru/lib/libcitro2d.a(base.o) (C3D_DrawElements)
/opt/devkitpro/libctru/lib/libcitro3d.a(effect.o)
                              /opt/devkitpro/libctru/lib/libcitro3d.a(base.o) (C3D_DepthMap)
/opt/devkitpro/libctru/lib/libcitro3d.a(framebuffer.o)
                              /opt/devkitpro/libctru/lib/libcitro3d.a(base.o) (C3Di_FrameBufBind)
/opt/devkitpro/libctru/lib/libcitro3d.a(immediate.o)
                              /opt/devkitpro/libctru/lib/libcitro3d.a(base.o) (C3D_ImmSendAttrib)
/opt/devkitpro/libctru/lib/libcitro3d.a(proctex.o)
                              /opt/devkitpro/libctru/lib/libcitro2d.a(base.o) (C3D_ProcTexInit)
/opt/devkitpro/libctru/lib/libcitro3d.a(renderqueue.o)
                              /opt/devkitpro/libctru/lib/libcitro3d.a(base.o) (C3Di_RenderQueueEnableVBlank)
/opt/devkitpro/libctru/lib/libcitro3d.a(texenv.o)
                              /opt/devkitpro/libctru/lib/libcitro2d.a(base.o) (C3D_GetTexEnv)
/opt/devkitpro/libctru/lib/libcitro3d.a(texture.o)
                              /opt/devkitpro/libctru/lib/libcitro2d.a(base.o) (C3D_TexBind)
/opt/devkitpro/libctru/lib/libcitro3d.a(uniforms.o)
                              /opt/devkitpro/libctru/lib/libcitro3d.a(base.o) (C3D_UpdateUniforms)
/opt/devkitpro/libctru/lib/libcitro3d.a(mtx_multiply.o)
                              /opt/devkitpro/libctru/lib/libcitro2d.a(base.o) (Mtx_Multiply)
/opt/devkitpro/libctru/lib/libcitro3d.a(mtx_ortho.o)
                              /opt/devkitpro/libctru/lib/libcitro2d.a(base.o) (Mtx_Ortho)
/opt/devkitpro/libctru/lib/libcitro3d.a(mtx_orthotilt.o)
                              /opt/devkitpro/libctru/lib/libcitro2d.a(base.o) (Mtx_OrthoTilt)
/opt/devkitpro/libctru/lib/libcitro3d.a(mtx_rotatez.o)
                              /opt/devkitpro/libctru/lib/libcitro2d.a(base.o) (Mtx_RotateZ)
/opt/devkitpro/libctru/lib/libcitro3d.a(mtx_scale.o)
                              /opt/devkitpro/libctru/lib/libcitro2d.a(base.o) (Mtx_Scale)
/opt/devkitpro/libctru/lib/libcitro3d.a(mtx_translate.o)
                              /opt/devkitpro/libctru/lib/libcitro2d.a(base.o) (Mtx_Translate)
/opt/devkitpro/libctru/lib/libctru.a(linear.o)
                              /opt/devkitpro/libctru/lib/libcitro2d.a(base.o) (linearAlloc)
/opt/devkitpro/libctru/lib/libctru.a(mem_pool.o)
                              /opt/devkitpro/libctru/lib/libctru.a(linear.o) (_ZN7MemPool8AllocateER8MemChunkmi)
/opt/devkitpro/libctru/lib/libctru.a(vram.o)
                              /opt/devkitpro/libctru/lib/libcitro3d.a(renderqueue.o) (vramAlloc)
/opt/devkitpro/libctru/lib/libctru.a(console.o)
                              main.o (consoleInit)
/opt/devkitpro/libctru/lib/libctru.a(gfx.o)
                              /opt/devkitpro/libctru/lib/libcitro2d.a(base.o) (gfxIsWide)
/opt/devkitpro/libctru/lib/libctru.a(os.o)
                              /opt/devkitpro/libctru/lib/libcitro3d.a(buffers.o) (osConvertVirtToPhys)
/opt/devkitpro/libctru/lib/libctru.a(gpu.o)
                              /opt/devkitpro/libctru/lib/libcitro3d.a(renderqueue.o) (gpuCmdBuf)
/opt/devkitpro/libctru/lib/libctru.a(gx.o)
                              /opt/devkitpro/libctru/lib/libcitro3d.a(renderqueue.o) (GX_BindQueue)
/opt/devkitpro/libctru/lib/libctru.a(gxqueue.o)
                              /opt/devkitpro/libctru/lib/libcitro3d.a(renderqueue.o) (gxCmdQueueClear)
/opt/devkitpro/libctru/lib/libctru.a(shaderProgram.o)
                              /opt/devkitpro/libctru/lib/libcitro2d.a(base.o) (shaderInstanceGetUniformLocation)
/opt/devkitpro/libctru/lib/libctru.a(shbin.o)
                              /opt/devkitpro/libctru/lib/libcitro2d.a(base.o) (DVLB_ParseFile)
/opt/devkitpro/libctru/lib/libctru.a(apt.o)
                              /opt/devkitpro/libctru/lib/libcitro3d.a(base.o) (aptHook)
/opt/devkitpro/libctru/lib/libctru.a(gspgpu.o)
                              /opt/devkitpro/libctru/lib/libctru.a(gfx.o) (gspInit)
/opt/devkitpro/libctru/lib/libctru.a(hid.o)
                              main.o (hidScanInput)
/opt/devkitpro/libctru/lib/libctru.a(irrst.o)
[...]
Memory Configuration

Name             Origin             Length             Attributes
*default*        0x00000000         0xffffffff

Linker script and memory map

                0x00000000                        __sync_synchronize = __sync_synchronize_dmb
                0x00100000                        PROVIDE (__start__ = 0x100000)
                0x00100000                        . = __start__

.text           0x00100000    0x1d9cc
 *(.crt0)
 .crt0          0x00100000       0x94 /opt/devkitpro/devkitARM/lib/gcc/arm-none-eabi/15.2.0/../../../../arm-none-eabi/lib/armv6k/fpu/3dsx_crt0.o
                0x00100000                _start
                0x00100008                __service_ptr
                0x0010000c                __apt_appid
                0x00100010                __heap_size
                0x00100014                __linear_heap_size
                0x00100018                __system_arglist
                0x0010001c                __system_runflags
 *(.init)
 .init          0x00100094        0xc /opt/devkitpro/devkitARM/lib/gcc/arm-none-eabi/15.2.0/armv6k/fpu/crti.o
                0x00100094                _init
 .init          0x001000a0        0xc /opt/devkitpro/devkitARM/lib/gcc/arm-none-eabi/15.2.0/armv6k/fpu/crtn.o
                0x001000ac                        . = ALIGN (0x4)
 *(.text)
 .text          0x001000ac      0x240 /opt/devkitpro/devkitARM/lib/gcc/arm-none-eabi/15.2.0/armv6k/fpu/libgcc.a(_divsi3.o)
                0x001000ac                __aeabi_idiv
                0x001000ac                __divsi3
                0x001002cc                __aeabi_idivmod
 .text          0x001002ec        0x4 /opt/devkitpro/devkitARM/lib/gcc/arm-none-eabi/15.2.0/armv6k/fpu/libgcc.a(_dvmd_tls.o)
                0x001002ec                __aeabi_ldiv0
                0x001002ec                __aeabi_idiv0
 .text          0x001002f0      0x250 /opt/devkitpro/devkitARM/lib/gcc/arm-none-eabi/15.2.0/armv6k/fpu/libgcc.a(_arm_addsubsf3.o)
                0x001002f0                __aeabi_frsub
                0x001002f8                __subsf3
                0x001002f8                __aeabi_fsub
                0x001002fc                __aeabi_fadd
                0x001002fc                __addsf3
                0x0010048c                __aeabi_ui2f
                0x0010048c                __floatunsisf
                0x00100494                __aeabi_i2f
                0x00100494                __floatsisf
                0x001004b4                __floatundisf
                0x001004b4                __aeabi_ul2f
                0x001004c4                __floatdisf
                0x001004c4                __aeabi_l2f
 .text          0x00100540       0x3c /opt/devkitpro/devkitARM/lib/gcc/arm-none-eabi/15.2.0/armv6k/fpu/libgcc.a(_aeabi_uldivmod.o)
                0x00100540                __aeabi_uldivmod
 *fill*         0x0010057c        0x4 
 .text          0x00100580      0x390 /opt/devkitpro/devkitARM/lib/gcc/arm-none-eabi/15.2.0/../../../../arm-none-eabi/lib/armv6k/fpu/libg.a(libc_a-strcmp.o)
                0x00100588                strcmp
 .text          0x00100910      0x20c /opt/devkitpro/devkitARM/lib/gcc/arm-none-eabi/15.2.0/armv6k/fpu/libgcc.a(_udivsi3.o)
                0x00100910                __udivsi3
                0x00100910                __aeabi_uidiv
                0x00100afc                __aeabi_uidivmod
 *(.text.*)
 .text.__do_global_dtors_aux
                0x00100b1c       0x50 /opt/devkitpro/devkitARM/lib/gcc/arm-none-eabi/15.2.0/armv6k/fpu/crtbegin.o
 .text.frame_dummy
                0x00100b6c       0x2c /opt/devkitpro/devkitARM/lib/gcc/arm-none-eabi/15.2.0/armv6k/fpu/crtbegin.o
 .text._ZN4BallC2Ev
                0x00100b98       0x24 ball.o
                0x00100b98                _ZN4BallC1Ev
                0x00100b98                _ZN4BallC2Ev
 .text._ZN4BallC2E8Vector2Df
                0x00100bbc       0x40 ball.o
                0x00100bbc                _ZN4BallC1E8Vector2Df
                0x00100bbc                _ZN4BallC2E8Vector2Df
 .text._ZN4Ball11getPositionEv
                0x00100bfc       0x1c ball.o
                0x00100bfc                _ZN4Ball11getPositionEv
 .text._ZN4Ball9getRadiusEv
                0x00100c18        0x8 ball.o
                0x00100c18                _ZN4Ball9getRadiusEv
 .text._ZN4Ball11getVelocityEv
                0x00100c20       0x1c ball.o
                0x00100c20                _ZN4Ball11getVelocityEv
 .text._ZN4Ball11setPositionEff
                0x00100c3c        0xc ball.o
                0x00100c3c                _ZN4Ball11setPositionEff
 .text._ZN4Ball11setVelocityEff
                0x00100c48        0xc ball.o
                0x00100c48                _ZN4Ball11setVelocityEff
 .text._ZN4Ball7hitWallEv
                0x00100c54       0x10 ball.o
                0x00100c54                _ZN4Ball7hitWallEv
 *fill*         0x00100c64        0x4 
 .text._ZN4Ball9hitPaddleE6Paddle
                0x00100c68      0x1ac ball.o
                0x00100c68                _ZN4Ball9hitPaddleE6Paddle
 .text._ZN4Ball12applyPhysicsEf
                0x00100e14       0x24 ball.o
                0x00100e14                _ZN4Ball12applyPhysicsEf
 .text._Z8initTimev
                0x00100e38       0x18 main.o
                0x00100e38                _Z8initTimev
 .text._ZN8PongGame6updateEf
                0x00100e50      0x3bc main.o
                0x00100e50                _ZN8PongGame6updateEf
 .text.startup.main
                0x0010120c      0x34c main.o
                0x0010120c                main
 .text._ZN6PaddleC2Ev
                0x00101558       0x18 paddle.o
                0x00101558                _ZN6PaddleC2Ev
                0x00101558                _ZN6PaddleC1Ev
 .text._ZN6PaddleC2Ef
                0x00101570       0x14 paddle.o
                0x00101570                _ZN6PaddleC1Ef
                0x00101570                _ZN6PaddleC2Ef
 .text._ZN6Paddle4getYEv
                0x00101584        0x8 paddle.o
                0x00101584                _ZN6Paddle4getYEv
 .text._ZN6Paddle9getHeightEv
                0x0010158c        0xc paddle.o
                0x0010158c                _ZN6Paddle9getHeightEv
 .text._ZN6Paddle8getWidthEv
                0x00101598        0xc paddle.o
                0x00101598                _ZN6Paddle8getWidthEv
 .text._ZN6Paddle4moveEff
                0x001015a4       0x5c paddle.o
                0x001015a4                _ZN6Paddle4moveEff
 .text.C2Di_FrameEndHook
                0x00101600       0x44 /opt/devkitpro/libctru/lib/libcitro2d.a(base.o)
 *fill*         0x00101644        0x4 
 .text.C2D_Init
                0x00101648      0x36c /opt/devkitpro/libctru/lib/libcitro2d.a(base.o)
                0x00101648                C2D_Init
 .text.C2D_Fini
                0x001019b4       0x4c /opt/devkitpro/libctru/lib/libcitro2d.a(base.o)
                0x001019b4                C2D_Fini
 .text.C2D_Prepare
                0x00101a00       0xb8 /opt/devkitpro/libctru/lib/libcitro2d.a(base.o)
                0x00101a00                C2D_Prepare
 .text.C2D_Flush
                0x00101ab8       0x48 /opt/devkitpro/libctru/lib/libcitro2d.a(base.o)
                0x00101ab8                C2D_Flush
 .text.C2D_SceneSize
                0x00101b00      0x104 /opt/devkitpro/libctru/lib/libcitro2d.a(base.o)
                0x00101b00                C2D_SceneSize
 .text.C2D_CreateScreenTarget
                0x00101c04       0x58 /opt/devkitpro/libctru/lib/libcitro2d.a(base.o)
                0x00101c04                C2D_CreateScreenTarget
 .text.C2D_TargetClear
                0x00101c5c       0x64 /opt/devkitpro/libctru/lib/libcitro2d.a(base.o)
                0x00101c5c                C2D_TargetClear
 .text.C2Di_AppendQuad
                0x00101cc0       0x58 /opt/devkitpro/libctru/lib/libcitro2d.a(base.o)
                0x00101cc0                C2Di_AppendQuad
 .text.C2Di_Update
                0x00101d18      0x550 /opt/devkitpro/libctru/lib/libcitro2d.a(base.o)
                0x00101d18                C2Di_Update
 .text.C2D_DrawRectangle
                0x00102268      0x158 /opt/devkitpro/libctru/lib/libcitro2d.a(base.o)
                0x00102268                C2D_DrawRectangle
 .text.C2D_DrawEllipse
                0x001023c0      0x16c /opt/devkitpro/libctru/lib/libcitro2d.a(base.o)
                0x001023c0                C2D_DrawEllipse
 .text.AttrInfo_Init
                0x0010252c       0x28 /opt/devkitpro/libctru/lib/libcitro3d.a(attribs.o)
                0x0010252c                AttrInfo_Init
 .text.AttrInfo_AddLoader
                0x00102554       0x94 /opt/devkitpro/libctru/lib/libcitro3d.a(attribs.o)
                0x00102554                AttrInfo_AddLoader
 .text.C3D_SetAttrInfo
                0x001025e8       0x54 /opt/devkitpro/libctru/lib/libcitro3d.a(attribs.o)
                0x001025e8                C3D_SetAttrInfo
 .text.C3Di_AttrInfoBind
                0x0010263c       0x80 /opt/devkitpro/libctru/lib/libcitro3d.a(attribs.o)
                0x0010263c                C3Di_AttrInfoBind
 .text.C3Di_LightEnvUpdate
                0x001026bc        0x4 /opt/devkitpro/libctru/lib/libcitro3d.a(base.o)
                0x001026bc                C3Di_LightEnvUpdate
 .text.C3Di_LightEnvDirty
                0x001026c0        0x4 /opt/devkitpro/libctru/lib/libcitro3d.a(base.o)
                0x001026c0                C3Di_LightEnvDirty
 .text.C3Di_AptEventHook
                0x001026c4       0xb4 /opt/devkitpro/libctru/lib/libcitro3d.a(base.o)
 .text.C3Di_GasUpdate
                0x00102778        0x4 /opt/devkitpro/libctru/lib/libcitro3d.a(base.o)
                0x00102778                C3Di_GasUpdate
 .text.C3D_Init
                0x0010277c      0x1d0 /opt/devkitpro/libctru/lib/libcitro3d.a(base.o)
                0x0010277c                C3D_Init
 .text.C3D_SetViewport
                0x0010294c       0x98 /opt/devkitpro/libctru/lib/libcitro3d.a(base.o)
                0x0010294c                C3D_SetViewport
 .text.C3Di_UpdateContext
                0x001029e4      0x4e8 /opt/devkitpro/libctru/lib/libcitro3d.a(base.o)
                0x001029e4                C3Di_UpdateContext
 .text.C3Di_SplitFrame
                0x00102ecc       0xe0 /opt/devkitpro/libctru/lib/libcitro3d.a(base.o)
                0x00102ecc                C3Di_SplitFrame
 .text.C3D_Fini
                0x00102fac       0x44 /opt/devkitpro/libctru/lib/libcitro3d.a(base.o)
                0x00102fac                C3D_Fini
 .text.C3D_BindProgram
                0x00102ff0      0x194 /opt/devkitpro/libctru/lib/libcitro3d.a(base.o)
                0x00102ff0                C3D_BindProgram
 .text.BufInfo_Init
                0x00103184       0x24 /opt/devkitpro/libctru/lib/libcitro3d.a(buffers.o)
                0x00103184                BufInfo_Init
 .text.BufInfo_Add
                0x001031a8       0x80 /opt/devkitpro/libctru/lib/libcitro3d.a(buffers.o)
                0x001031a8                BufInfo_Add
 .text.C3D_SetBufInfo
                0x00103228       0x3c /opt/devkitpro/libctru/lib/libcitro3d.a(buffers.o)
                0x00103228                C3D_SetBufInfo
 .text.C3Di_BufInfoBind
                0x00103264       0x48 /opt/devkitpro/libctru/lib/libcitro3d.a(buffers.o)
                0x00103264                C3Di_BufInfoBind
 .text.C3D_DrawElements
                0x001032ac      0x21c /opt/devkitpro/libctru/lib/libcitro3d.a(drawElements.o)
                0x001032ac                C3D_DrawElements
 .text.C3D_DepthMap
                0x001034c8       0x40 /opt/devkitpro/libctru/lib/libcitro3d.a(effect.o)
                0x001034c8                C3D_DepthMap
 .text.C3D_CullFace
                0x00103508       0x1c /opt/devkitpro/libctru/lib/libcitro3d.a(effect.o)
                0x00103508                C3D_CullFace
 .text.C3D_StencilTest
                0x00103524       0x40 /opt/devkitpro/libctru/lib/libcitro3d.a(effect.o)
                0x00103524                C3D_StencilTest
 .text.C3D_StencilOp
                0x00103564       0x24 /opt/devkitpro/libctru/lib/libcitro3d.a(effect.o)
                0x00103564                C3D_StencilOp
 .text.C3D_BlendingColor
                0x00103588       0x1c /opt/devkitpro/libctru/lib/libcitro3d.a(effect.o)
                0x00103588                C3D_BlendingColor
 .text.C3D_EarlyDepthTest
                0x001035a4       0x24 /opt/devkitpro/libctru/lib/libcitro3d.a(effect.o)
                0x001035a4                C3D_EarlyDepthTest
 .text.C3D_DepthTest
                0x001035c8       0x2c /opt/devkitpro/libctru/lib/libcitro3d.a(effect.o)
                0x001035c8                C3D_DepthTest
 .text.C3D_AlphaTest
                0x001035f4       0x2c /opt/devkitpro/libctru/lib/libcitro3d.a(effect.o)
                0x001035f4                C3D_AlphaTest
 .text.C3D_AlphaBlend
                0x00103620       0x50 /opt/devkitpro/libctru/lib/libcitro3d.a(effect.o)
                0x00103620                C3D_AlphaBlend
 .text.C3D_FragOpMode
                0x00103670       0x30 /opt/devkitpro/libctru/lib/libcitro3d.a(effect.o)
                0x00103670                C3D_FragOpMode
 .text.C3D_FragOpShadow
                0x001036a0       0x44 /opt/devkitpro/libctru/lib/libcitro3d.a(effect.o)
                0x001036a0                C3D_FragOpShadow
 .text.C3Di_EffectBind
                0x001036e4      0x1ac /opt/devkitpro/libctru/lib/libcitro3d.a(effect.o)
                0x001036e4                C3Di_EffectBind
 .text.C3D_CalcColorBufSize
                0x00103890       0x1c /opt/devkitpro/libctru/lib/libcitro3d.a(framebuffer.o)
                0x00103890                C3D_CalcColorBufSize
 .text.C3D_CalcDepthBufSize
                0x001038ac       0x1c /opt/devkitpro/libctru/lib/libcitro3d.a(framebuffer.o)
                0x001038ac                C3D_CalcDepthBufSize
 .text.C3D_SetFrameBuf
                0x001038c8       0x44 /opt/devkitpro/libctru/lib/libcitro3d.a(framebuffer.o)
                0x001038c8                C3D_SetFrameBuf
 .text.C3Di_FrameBufBind
                0x0010390c      0x16c /opt/devkitpro/libctru/lib/libcitro3d.a(framebuffer.o)
                0x0010390c                C3Di_FrameBufBind
 .text.C3D_FrameBufClear
                0x00103a78       0xc8 /opt/devkitpro/libctru/lib/libcitro3d.a(framebuffer.o)
                0x00103a78                C3D_FrameBufClear
 .text.C3D_FrameBufTransfer
                0x00103b40       0x44 /opt/devkitpro/libctru/lib/libcitro3d.a(framebuffer.o)
                0x00103b40                C3D_FrameBufTransfer
 .text.C3D_ImmSendAttrib
                0x00103b84       0xa8 /opt/devkitpro/libctru/lib/libcitro3d.a(immediate.o)
                0x00103b84                C3D_ImmSendAttrib
 .text.C3D_ProcTexInit
                0x00103c2c       0x70 /opt/devkitpro/libctru/lib/libcitro3d.a(proctex.o)
                0x00103c2c                C3D_ProcTexInit
 .text.C3D_ProcTexBind
                0x00103c9c       0x54 /opt/devkitpro/libctru/lib/libcitro3d.a(proctex.o)
                0x00103c9c                C3D_ProcTexBind
 .text.C3D_ProcTexLutBind
                0x00103cf0       0x5c /opt/devkitpro/libctru/lib/libcitro3d.a(proctex.o)
                0x00103cf0                C3D_ProcTexLutBind
 .text.ProcTexLut_FromArray
                0x00103d4c       0xa4 /opt/devkitpro/libctru/lib/libcitro3d.a(proctex.o)
                0x00103d4c                ProcTexLut_FromArray
 .text.C3Di_ProcTexUpdate
                0x00103df0      0x178 /opt/devkitpro/libctru/lib/libcitro3d.a(proctex.o)
                0x00103df0                C3Di_ProcTexUpdate
 .text.C3Di_ProcTexDirty
                0x00103f68       0x68 /opt/devkitpro/libctru/lib/libcitro3d.a(proctex.o)
                0x00103f68                C3Di_ProcTexDirty
 .text.onVBlank0
                0x00103fd0       0x4c /opt/devkitpro/libctru/lib/libcitro3d.a(renderqueue.o)
 .text.onVBlank1
                0x0010401c       0x4c /opt/devkitpro/libctru/lib/libcitro3d.a(renderqueue.o)
 .text.C3Di_RenderTargetDestroy
                0x00104068       0x80 /opt/devkitpro/libctru/lib/libcitro3d.a(renderqueue.o)
 .text.onQueueFinish
                0x001040e8       0xf4 /opt/devkitpro/libctru/lib/libcitro3d.a(renderqueue.o)
 .text.C3Di_RenderQueueEnableVBlank
                0x001041dc       0x38 /opt/devkitpro/libctru/lib/libcitro3d.a(renderqueue.o)
                0x001041dc                C3Di_RenderQueueEnableVBlank
 .text.C3Di_RenderQueueDisableVBlank
                0x00104214       0x30 /opt/devkitpro/libctru/lib/libcitro3d.a(renderqueue.o)
                0x00104214                C3Di_RenderQueueDisableVBlank
 .text.C3Di_RenderQueueInit
                0x00104244       0x60 /opt/devkitpro/libctru/lib/libcitro3d.a(renderqueue.o)
                0x00104244                C3Di_RenderQueueInit
 .text.C3Di_RenderQueueExit
                0x001042a4       0xb4 /opt/devkitpro/libctru/lib/libcitro3d.a(renderqueue.o)
                0x001042a4                C3Di_RenderQueueExit
 .text.C3Di_RenderQueueWaitDone
                0x00104358       0x34 /opt/devkitpro/libctru/lib/libcitro3d.a(renderqueue.o)
                0x00104358                C3Di_RenderQueueWaitDone
 .text.C3D_FrameBegin
                0x0010438c       0xe8 /opt/devkitpro/libctru/lib/libcitro3d.a(renderqueue.o)
                0x0010438c                C3D_FrameBegin
 .text.C3D_FrameDrawOn
                0x00104474       0x48 /opt/devkitpro/libctru/lib/libcitro3d.a(renderqueue.o)
                0x00104474                C3D_FrameDrawOn
 .text.C3D_FrameSplit
                0x001044bc       0x58 /opt/devkitpro/libctru/lib/libcitro3d.a(renderqueue.o)
                0x001044bc                C3D_FrameSplit
 .text.C3D_FrameEnd
                0x00104514      0x1d0 /opt/devkitpro/libctru/lib/libcitro3d.a(renderqueue.o)
                0x00104514                C3D_FrameEnd
 .text.C3D_FrameEndHook
                0x001046e4       0x1c /opt/devkitpro/libctru/lib/libcitro3d.a(renderqueue.o)
                0x001046e4                C3D_FrameEndHook
 .text.C3D_RenderTargetCreate
                0x00104700      0x170 /opt/devkitpro/libctru/lib/libcitro3d.a(renderqueue.o)
                0x00104700                C3D_RenderTargetCreate
 .text.C3D_RenderTargetSetOutput
                0x00104870       0xa8 /opt/devkitpro/libctru/lib/libcitro3d.a(renderqueue.o)
                0x00104870                C3D_RenderTargetSetOutput
 .text.C3D_GetTexEnv
                0x00104918       0x34 /opt/devkitpro/libctru/lib/libcitro3d.a(texenv.o)
                0x00104918                C3D_GetTexEnv
 .text.C3Di_TexEnvBind
                0x0010494c       0x24 /opt/devkitpro/libctru/lib/libcitro3d.a(texenv.o)
                0x0010494c                C3Di_TexEnvBind
 .text.C3D_TexBind
                0x00104970       0x44 /opt/devkitpro/libctru/lib/libcitro3d.a(texture.o)
                0x00104970                C3D_TexBind
 .text.C3Di_SetTex
                0x001049b4      0x14c /opt/devkitpro/libctru/lib/libcitro3d.a(texture.o)
                0x001049b4                C3Di_SetTex
 .text.C3D_UpdateUniforms
                0x00104b00      0x290 /opt/devkitpro/libctru/lib/libcitro3d.a(uniforms.o)
                0x00104b00                C3D_UpdateUniforms
 .text.C3Di_DirtyUniforms
                0x00104d90       0xc0 /opt/devkitpro/libctru/lib/libcitro3d.a(uniforms.o)
                0x00104d90                C3Di_DirtyUniforms
 .text.C3Di_LoadShaderUniforms
                0x00104e50       0xd8 /opt/devkitpro/libctru/lib/libcitro3d.a(uniforms.o)
                0x00104e50                C3Di_LoadShaderUniforms
 .text.C3Di_ClearShaderUniforms
                0x00104f28       0x28 /opt/devkitpro/libctru/lib/libcitro3d.a(uniforms.o)
                0x00104f28                C3Di_ClearShaderUniforms
 .text.Mtx_Ortho
                0x00104f50       0xcc /opt/devkitpro/libctru/lib/libcitro3d.a(mtx_ortho.o)
                0x00104f50                Mtx_Ortho
 .text.Mtx_OrthoTilt
                0x0010501c       0xcc /opt/devkitpro/libctru/lib/libcitro3d.a(mtx_orthotilt.o)
                0x0010501c                Mtx_OrthoTilt
 .text._ZL21addrMapNodeComparatorPK11rbtree_nodeS1_
                0x001050e8       0x24 /opt/devkitpro/libctru/lib/libctru.a(linear.o)
 .text._ZL21addrMapNodeDestructorP11rbtree_node
                0x0010510c        0x4 /opt/devkitpro/libctru/lib/libctru.a(linear.o)
 .text.linearMemAlign
                0x00105110      0x12c /opt/devkitpro/libctru/lib/libctru.a(linear.o)
                0x00105110                linearMemAlign
 .text.linearAlloc
                0x0010523c        0x8 /opt/devkitpro/libctru/lib/libctru.a(linear.o)
                0x0010523c                linearAlloc
 .text.linearFree
                0x00105244       0x5c /opt/devkitpro/libctru/lib/libctru.a(linear.o)
                0x00105244                linearFree
 .text._ZN7MemPool13CoalesceRightEP8MemBlock
                0x001052a0       0x88 /opt/devkitpro/libctru/lib/libctru.a(mem_pool.o)
                0x001052a0                _ZN7MemPool13CoalesceRightEP8MemBlock
 .text._ZN7MemPool8AllocateER8MemChunkmi
                0x00105328      0x178 /opt/devkitpro/libctru/lib/libctru.a(mem_pool.o)
                0x00105328                _ZN7MemPool8AllocateER8MemChunkmi
 .text._ZN7MemPool10DeallocateERK8MemChunk
                0x001054a0      0x118 /opt/devkitpro/libctru/lib/libctru.a(mem_pool.o)
                0x001054a0                _ZN7MemPool10DeallocateERK8MemChunk
 .text._ZN7MemPool12GetFreeSpaceEv
                0x001055b8       0x30 /opt/devkitpro/libctru/lib/libctru.a(mem_pool.o)
                0x001055b8                _ZN7MemPool12GetFreeSpaceEv
 .text._ZL21addrMapNodeComparatorPK11rbtree_nodeS1_
                0x001055e8       0x24 /opt/devkitpro/libctru/lib/libctru.a(vram.o)
 .text._ZL21addrMapNodeDestructorP11rbtree_node
                0x0010560c        0x4 /opt/devkitpro/libctru/lib/libctru.a(vram.o)
 .text.vramMemAlignAt
                0x00105610      0x248 /opt/devkitpro/libctru/lib/libctru.a(vram.o)
                0x00105610                vramMemAlignAt
 .text.vramAlloc
                0x00105858        0xc /opt/devkitpro/libctru/lib/libctru.a(vram.o)
                0x00105858                vramAlloc
 .text.vramAllocAt
                0x00105864        0xc /opt/devkitpro/libctru/lib/libctru.a(vram.o)
                0x00105864                vramAllocAt
 .text.vramFree
                0x00105870       0x94 /opt/devkitpro/libctru/lib/libctru.a(vram.o)
                0x00105870                vramFree
 .text.consoleDrawChar
                0x00105904      0x1c8 /opt/devkitpro/libctru/lib/libctru.a(console.o)
                0x00105904                consoleDrawChar
 .text.consolePrintChar
                0x00105acc      0x170 /opt/devkitpro/libctru/lib/libctru.a(console.o)
                0x00105acc                consolePrintChar
 .text.con_write
                0x00105c3c      0xcc8 /opt/devkitpro/libctru/lib/libctru.a(console.o)
                0x00105c3c                con_write
 .text.newRow   0x00106904       0xfc /opt/devkitpro/libctru/lib/libctru.a(console.o)
 .text.consoleInit
                0x00106a00      0x180 /opt/devkitpro/libctru/lib/libctru.a(console.o)
                0x00106a00                consoleInit
 .text.gfxPresentFramebuffer
                0x00106b80       0xcc /opt/devkitpro/libctru/lib/libctru.a(gfx.o)
 .text.gfxIsWide
                0x00106c4c       0x1c /opt/devkitpro/libctru/lib/libctru.a(gfx.o)
                0x00106c4c                gfxIsWide
 .text.gfxSetScreenFormat
                0x00106c68       0xf8 /opt/devkitpro/libctru/lib/libctru.a(gfx.o)
                0x00106c68                gfxSetScreenFormat
 .text.gfxSetDoubleBuffering
                0x00106d60       0x10 /opt/devkitpro/libctru/lib/libctru.a(gfx.o)
                0x00106d60                gfxSetDoubleBuffering
 .text.gfxInit  0x00106d70       0xd8 /opt/devkitpro/libctru/lib/libctru.a(gfx.o)
                0x00106d70                gfxInit
 .text.gfxInitDefault
                0x00106e48       0x10 /opt/devkitpro/libctru/lib/libctru.a(gfx.o)
                0x00106e48                gfxInitDefault
 .text.gfxExit  0x00106e58       0xb8 /opt/devkitpro/libctru/lib/libctru.a(gfx.o)
                0x00106e58                gfxExit
 .text.gfxGetFramebuffer
                0x00106f10       0xa0 /opt/devkitpro/libctru/lib/libctru.a(gfx.o)
                0x00106f10                gfxGetFramebuffer
 .text.gfxFlushBuffers
                0x00106fb0      0x100 /opt/devkitpro/libctru/lib/libctru.a(gfx.o)
                0x00106fb0                gfxFlushBuffers
 .text.gfxScreenSwapBuffers
                0x001070b0       0x28 /opt/devkitpro/libctru/lib/libctru.a(gfx.o)
                0x001070b0                gfxScreenSwapBuffers
 .text.gfxSwapBuffersGpu
                0x001070d8       0x50 /opt/devkitpro/libctru/lib/libctru.a(gfx.o)
                0x001070d8                gfxSwapBuffersGpu
 .text.osConvertVirtToPhys
                0x00107128       0x74 /opt/devkitpro/libctru/lib/libctru.a(os.o)
                0x00107128                osConvertVirtToPhys
 .text.__ctru_speedup_config
                0x0010719c       0x34 /opt/devkitpro/libctru/lib/libctru.a(os.o)
                0x0010719c                __ctru_speedup_config
 .text.GPUCMD_Add
                0x001071d0      0x13c /opt/devkitpro/libctru/lib/libctru.a(gpu.o)
                0x001071d0                GPUCMD_Add
 .text.GPUCMD_Split
                0x0010730c       0xb0 /opt/devkitpro/libctru/lib/libctru.a(gpu.o)
                0x0010730c                GPUCMD_Split
 .text.f32tof16
                0x001073bc       0x34 /opt/devkitpro/libctru/lib/libctru.a(gpu.o)
                0x001073bc                f32tof16
 .text.f32tof24
                0x001073f0       0x34 /opt/devkitpro/libctru/lib/libctru.a(gpu.o)
                0x001073f0                f32tof24
 .text.f32tof31
                0x00107424       0x38 /opt/devkitpro/libctru/lib/libctru.a(gpu.o)
                0x00107424                f32tof31
 .text.GX_BindQueue
                0x0010745c       0x10 /opt/devkitpro/libctru/lib/libctru.a(gx.o)
                0x0010745c                GX_BindQueue
 .text.GX_ProcessCommandList
                0x0010746c       0x7c /opt/devkitpro/libctru/lib/libctru.a(gx.o)
                0x0010746c                GX_ProcessCommandList
 .text.GX_MemoryFill
                0x001074e8       0x74 /opt/devkitpro/libctru/lib/libctru.a(gx.o)
                0x001074e8                GX_MemoryFill
 .text.GX_DisplayTransfer
                0x0010755c       0x74 /opt/devkitpro/libctru/lib/libctru.a(gx.o)
                0x0010755c                GX_DisplayTransfer
 .text.gxCmdQueueDoCommands.part.0
                0x001075d0       0x64 /opt/devkitpro/libctru/lib/libctru.a(gxqueue.o)
 .text.gxCmdQueueInterrupt
                0x00107634       0xe4 /opt/devkitpro/libctru/lib/libctru.a(gxqueue.o)
                0x00107634                gxCmdQueueInterrupt
 .text.gxCmdQueueClear
                0x00107718       0x68 /opt/devkitpro/libctru/lib/libctru.a(gxqueue.o)
                0x00107718                gxCmdQueueClear
 .text.gxCmdQueueAdd
                0x00107780      0x108 /opt/devkitpro/libctru/lib/libctru.a(gxqueue.o)
                0x00107780                gxCmdQueueAdd
 .text.gxCmdQueueRun
                0x00107888       0x80 /opt/devkitpro/libctru/lib/libctru.a(gxqueue.o)
                0x00107888                gxCmdQueueRun
 .text.gxCmdQueueStop
                0x00107908       0x64 /opt/devkitpro/libctru/lib/libctru.a(gxqueue.o)
                0x00107908                gxCmdQueueStop
 .text.gxCmdQueueWait
                0x0010796c       0xac /opt/devkitpro/libctru/lib/libctru.a(gxqueue.o)
                0x0010796c                gxCmdQueueWait
 .text.shaderInstanceInit
                0x00107a18      0x1e0 /opt/devkitpro/libctru/lib/libctru.a(shaderProgram.o)
                0x00107a18                shaderInstanceInit
 .text.shaderInstanceGetUniformLocation
                0x00107bf8       0x18 /opt/devkitpro/libctru/lib/libctru.a(shaderProgram.o)
                0x00107bf8                shaderInstanceGetUniformLocation
 .text.shaderProgramInit
                0x00107c10       0x1c /opt/devkitpro/libctru/lib/libctru.a(shaderProgram.o)
                0x00107c10                shaderProgramInit
 .text.shaderProgramFree
                0x00107c2c       0x74 /opt/devkitpro/libctru/lib/libctru.a(shaderProgram.o)
                0x00107c2c                shaderProgramFree
 .text.shaderProgramSetVsh
                0x00107ca0       0x94 /opt/devkitpro/libctru/lib/libctru.a(shaderProgram.o)
                0x00107ca0                shaderProgramSetVsh
 .text.shaderProgramConfigure
                0x00107d34      0x8d0 /opt/devkitpro/libctru/lib/libctru.a(shaderProgram.o)
                0x00107d34                shaderProgramConfigure
 .text.DVLE_GenerateOutmap.part.0
                0x00108604      0x1dc /opt/devkitpro/libctru/lib/libctru.a(shbin.o)
 .text.DVLB_ParseFile
                0x001087e0      0x1ac /opt/devkitpro/libctru/lib/libctru.a(shbin.o)
                0x001087e0                DVLB_ParseFile
 .text.DVLB_Free
                0x0010898c       0x50 /opt/devkitpro/libctru/lib/libctru.a(shbin.o)
                0x0010898c                DVLB_Free
 .text.DVLE_GetUniformRegister
                0x001089dc       0x74 /opt/devkitpro/libctru/lib/libctru.a(shbin.o)
                0x001089dc                DVLE_GetUniformRegister
 .text.aptConvertScreenForCapture
                0x00108a50      0x180 /opt/devkitpro/libctru/lib/libctru.a(apt.o)
 .text.aptDspSleep
                0x00108bd0        0x8 /opt/devkitpro/libctru/lib/libctru.a(apt.o)
                0x00108bd0                aptDspSleep
 .text.aptDspWakeup
                0x00108bd8        0x4 /opt/devkitpro/libctru/lib/libctru.a(apt.o)
                0x00108bd8                aptDspWakeup
 .text.aptDspCancel
                0x00108bdc        0x4 /opt/devkitpro/libctru/lib/libctru.a(apt.o)
                0x00108bdc                aptDspCancel
 .text.aptSendCommand
                0x00108be0      0x138 /opt/devkitpro/libctru/lib/libctru.a(apt.o)
                0x00108be0                aptSendCommand
 .text.aptExitProcess
                0x00108d18       0x44 /opt/devkitpro/libctru/lib/libctru.a(apt.o)
 .text.aptExit  0x00108d5c      0x394 /opt/devkitpro/libctru/lib/libctru.a(apt.o)
                0x00108d5c                aptExit
 .text.aptHandleSleep
                0x001090f0       0xd8 /opt/devkitpro/libctru/lib/libctru.a(apt.o)
                0x001090f0                aptHandleSleep
 .text.aptHook  0x001091c8       0x34 /opt/devkitpro/libctru/lib/libctru.a(apt.o)
                0x001091c8                aptHook
 .text.aptUnhook
                0x001091fc       0x30 /opt/devkitpro/libctru/lib/libctru.a(apt.o)
                0x001091fc                aptUnhook
 .text.APT_SleepIfShellClosed
                0x0010922c       0x84 /opt/devkitpro/libctru/lib/libctru.a(apt.o)
                0x0010922c                APT_SleepIfShellClosed
 .text.aptSetSleepAllowed
                0x001092b0       0x78 /opt/devkitpro/libctru/lib/libctru.a(apt.o)
                0x001092b0                aptSetSleepAllowed
 .text.APT_UnlockTransition
                0x00109328       0x84 /opt/devkitpro/libctru/lib/libctru.a(apt.o)
                0x00109328                APT_UnlockTransition
 *fill*         0x001093ac        0x4 
 .text.aptEventHandler
                0x001093b0      0x470 /opt/devkitpro/libctru/lib/libctru.a(apt.o)
 .text.APT_ReceiveParameter
                0x00109820       0xbc /opt/devkitpro/libctru/lib/libctru.a(apt.o)
                0x00109820                APT_ReceiveParameter
 .text.aptReceiveParameter.constprop.0
                0x001098dc       0xb0 /opt/devkitpro/libctru/lib/libctru.a(apt.o)
 *fill*         0x0010998c        0x4 
 .text.aptScreenTransfer
                0x00109990      0x294 /opt/devkitpro/libctru/lib/libctru.a(apt.o)
 .text.aptWaitForWakeUp.isra.0
                0x00109c24      0x2d0 /opt/devkitpro/libctru/lib/libctru.a(apt.o)
 .text.aptJumpToHomeMenu
                0x00109ef4       0xf4 /opt/devkitpro/libctru/lib/libctru.a(apt.o)
                0x00109ef4                aptJumpToHomeMenu
 .text.aptMainLoop
                0x00109fe8       0x58 /opt/devkitpro/libctru/lib/libctru.a(apt.o)
                0x00109fe8                aptMainLoop
 .text.aptInit  0x0010a040      0x240 /opt/devkitpro/libctru/lib/libctru.a(apt.o)
                0x0010a040                aptInit
 .text.APT_CheckNew3DS
                0x0010a280       0x90 /opt/devkitpro/libctru/lib/libctru.a(apt.o)
                0x0010a280                APT_CheckNew3DS
 .text.gspHardwareInit
                0x0010a310      0xc70 /opt/devkitpro/libctru/lib/libctru.a(gspgpu.o)
 .text.gspInit  0x0010af80      0x288 /opt/devkitpro/libctru/lib/libctru.a(gspgpu.o)
                0x0010af80                gspInit
 .text.gspExit  0x0010b208      0x104 /opt/devkitpro/libctru/lib/libctru.a(gspgpu.o)
                0x0010b208                gspExit
 .text.gspHasGpuRight
                0x0010b30c       0x10 /opt/devkitpro/libctru/lib/libctru.a(gspgpu.o)
                0x0010b30c                gspHasGpuRight
 .text.gspPresentBuffer
                0x0010b31c       0xa4 /opt/devkitpro/libctru/lib/libctru.a(gspgpu.o)
                0x0010b31c                gspPresentBuffer
 .text.gspSetEventCallback
                0x0010b3c0       0x30 /opt/devkitpro/libctru/lib/libctru.a(gspgpu.o)
                0x0010b3c0                gspSetEventCallback
 .text.gspWaitForEvent
                0x0010b3f0       0x50 /opt/devkitpro/libctru/lib/libctru.a(gspgpu.o)
                0x0010b3f0                gspWaitForEvent
 .text.gspWaitForAnyEvent
                0x0010b440       0x4c /opt/devkitpro/libctru/lib/libctru.a(gspgpu.o)
                0x0010b440                gspWaitForAnyEvent
 .text.gspEventThreadMain
                0x0010b48c      0x154 /opt/devkitpro/libctru/lib/libctru.a(gspgpu.o)
 .text.gspSubmitGxCommand
                0x0010b5e0      0x12c /opt/devkitpro/libctru/lib/libctru.a(gspgpu.o)
                0x0010b5e0                gspSubmitGxCommand
 .text.GSPGPU_FlushDataCache
                0x0010b70c       0x50 /opt/devkitpro/libctru/lib/libctru.a(gspgpu.o)
                0x0010b70c                GSPGPU_FlushDataCache
 .text.GSPGPU_SetLcdForceBlack
                0x0010b75c       0x34 /opt/devkitpro/libctru/lib/libctru.a(gspgpu.o)
                0x0010b75c                GSPGPU_SetLcdForceBlack
 .text.GSPGPU_AcquireRight
                0x0010b790       0x84 /opt/devkitpro/libctru/lib/libctru.a(gspgpu.o)
                0x0010b790                GSPGPU_AcquireRight
 .text.GSPGPU_ReleaseRight
                0x0010b814       0x64 /opt/devkitpro/libctru/lib/libctru.a(gspgpu.o)
                0x0010b814                GSPGPU_ReleaseRight
 .text.GSPGPU_ImportDisplayCaptureInfo
                0x0010b878       0x7c /opt/devkitpro/libctru/lib/libctru.a(gspgpu.o)
                0x0010b878                GSPGPU_ImportDisplayCaptureInfo
 .text.GSPGPU_SaveVramSysArea
                0x0010b8f4       0x2c /opt/devkitpro/libctru/lib/libctru.a(gspgpu.o)
                0x0010b8f4                GSPGPU_SaveVramSysArea
 .text.GSPGPU_RestoreVramSysArea
                0x0010b920       0x2c /opt/devkitpro/libctru/lib/libctru.a(gspgpu.o)
                0x0010b920                GSPGPU_RestoreVramSysArea
 .text.hidShouldUseIrrst
                0x0010b94c       0x24 /opt/devkitpro/libctru/lib/libctru.a(hid.o)
                0x0010b94c                hidShouldUseIrrst
 .text.hidInit  0x0010b970      0x1cc /opt/devkitpro/libctru/lib/libctru.a(hid.o)
                0x0010b970                hidInit
 .text.hidExit  0x0010bb3c       0xe8 /opt/devkitpro/libctru/lib/libctru.a(hid.o)
                0x0010bb3c                hidExit
 .text.hidScanInput
                0x0010bc24      0x2a0 /opt/devkitpro/libctru/lib/libctru.a(hid.o)
                0x0010bc24                hidScanInput
 .text.hidKeysHeld
                0x0010bec4       0x10 /opt/devkitpro/libctru/lib/libctru.a(hid.o)
                0x0010bec4                hidKeysHeld
 .text.hidKeysDown
                0x0010bed4       0x10 /opt/devkitpro/libctru/lib/libctru.a(hid.o)
                0x0010bed4                hidKeysDown
 .text.irrstInit
                0x0010bee4      0x1a4 /opt/devkitpro/libctru/lib/libctru.a(irrst.o)
                0x0010bee4                irrstInit
 .text.irrstExit
                0x0010c088       0xdc /opt/devkitpro/libctru/lib/libctru.a(irrst.o)
                0x0010c088                irrstExit
 .text.irrstScanInput
                0x0010c164       0xb4 /opt/devkitpro/libctru/lib/libctru.a(irrst.o)
                0x0010c164                irrstScanInput
 .text.irrstKeysHeld
                0x0010c218       0x24 /opt/devkitpro/libctru/lib/libctru.a(irrst.o)
                0x0010c218                irrstKeysHeld
 .text.ptmSysmInit
                0x0010c23c       0x78 /opt/devkitpro/libctru/lib/libctru.a(ptmsysm.o)
                0x0010c23c                ptmSysmInit
 .text.ptmSysmExit
                0x0010c2b4       0x3c /opt/devkitpro/libctru/lib/libctru.a(ptmsysm.o)
                0x0010c2b4                ptmSysmExit
 .text.PTMSYSM_ConfigureNew3DSCPU
                0x0010c2f0       0x34 /opt/devkitpro/libctru/lib/libctru.a(ptmsysm.o)
                0x0010c2f0                PTMSYSM_ConfigureNew3DSCPU
 .text.rbtree_find
                0x0010c324       0x74 /opt/devkitpro/libctru/lib/libctru.a(rbtree_find.o)
                0x0010c324                rbtree_find
 .text.rbtree_init
                0x0010c398       0x10 /opt/devkitpro/libctru/lib/libctru.a(rbtree_init.o)
                0x0010c398                rbtree_init
 .text.do_insert
                0x0010c3a8      0x198 /opt/devkitpro/libctru/lib/libctru.a(rbtree_insert.o)
 .text.rbtree_insert
                0x0010c540        0x8 /opt/devkitpro/libctru/lib/libctru.a(rbtree_insert.o)
                0x0010c540                rbtree_insert
 .text.rbtree_remove
                0x0010c548      0x310 /opt/devkitpro/libctru/lib/libctru.a(rbtree_remove.o)
                0x0010c548                rbtree_remove
 .text.rbtree_rotate
                0x0010c858       0x90 /opt/devkitpro/libctru/lib/libctru.a(rbtree_rotate.o)
                0x0010c858                rbtree_rotate
 .text.__system_allocateHeaps
                0x0010c8e8      0x1e8 /opt/devkitpro/libctru/lib/libctru.a(allocateHeaps.o)
                0x0010c8e8                __system_allocateHeaps
 .text.__libctru_init
                0x0010cad0       0x38 /opt/devkitpro/libctru/lib/libctru.a(ctru_init.o)
                0x0010cad0                __libctru_init
 .text.__system_initArgv
                0x0010cb08      0x16c /opt/devkitpro/libctru/lib/libctru.a(initArgv.o)
                0x0010cb08                __system_initArgv
 .text.__syscall_getreent
                0x0010cc74       0x30 /opt/devkitpro/libctru/lib/libctru.a(syscalls.o)
                0x0010cc74                __syscall_getreent
 .text.__syscall_lock_acquire
                0x0010cca4        0x4 /opt/devkitpro/libctru/lib/libctru.a(syscalls.o)
                0x0010cca4                __syscall_lock_acquire
 .text.__syscall_lock_release
                0x0010cca8        0x4 /opt/devkitpro/libctru/lib/libctru.a(syscalls.o)
                0x0010cca8                __syscall_lock_release
 .text.__syscall_lock_acquire_recursive
                0x0010ccac        0x4 /opt/devkitpro/libctru/lib/libctru.a(syscalls.o)
                0x0010ccac                __syscall_lock_acquire_recursive
 .text.__syscall_lock_release_recursive
                0x0010ccb0        0x4 /opt/devkitpro/libctru/lib/libctru.a(syscalls.o)
                0x0010ccb0                __syscall_lock_release_recursive
 .text.__syscall_exit
                0x0010ccb4        0x4 /opt/devkitpro/libctru/lib/libctru.a(syscalls.o)
                0x0010ccb4                __syscall_exit
 .text.initThreadVars
                0x0010ccb8       0x54 /opt/devkitpro/libctru/lib/libctru.a(syscalls.o)
                0x0010ccb8                initThreadVars
 .text.__system_initSyscalls
                0x0010cd0c       0x80 /opt/devkitpro/libctru/lib/libctru.a(syscalls.o)
                0x0010cd0c                __system_initSyscalls
 .text.svcControlMemory
                0x0010cd8c       0x20 /opt/devkitpro/libctru/lib/libctru.a(svc.o)
                0x0010cd8c                svcControlMemory
 .text.svcQueryMemory
                0x0010cdac       0x30 /opt/devkitpro/libctru/lib/libctru.a(svc.o)
                0x0010cdac                svcQueryMemory
 .text.svcExitProcess
                0x0010cddc        0x8 /opt/devkitpro/libctru/lib/libctru.a(svc.o)
                0x0010cddc                svcExitProcess
 .text.svcCreateThread
                0x0010cde4       0x20 /opt/devkitpro/libctru/lib/libctru.a(svc.o)
                0x0010cde4                svcCreateThread
 .text.svcExitThread
                0x0010ce04        0x8 /opt/devkitpro/libctru/lib/libctru.a(svc.o)
                0x0010ce04                svcExitThread
 .text.svcSleepThread
                0x0010ce0c        0x8 /opt/devkitpro/libctru/lib/libctru.a(svc.o)
                0x0010ce0c                svcSleepThread
 .text.svcReleaseMutex
                0x0010ce14        0x8 /opt/devkitpro/libctru/lib/libctru.a(svc.o)
                0x0010ce14                svcReleaseMutex
 .text.svcCreateEvent
                0x0010ce1c       0x14 /opt/devkitpro/libctru/lib/libctru.a(svc.o)
                0x0010ce1c                svcCreateEvent
 .text.svcSignalEvent
                0x0010ce30        0x8 /opt/devkitpro/libctru/lib/libctru.a(svc.o)
                0x0010ce30                svcSignalEvent
 .text.svcClearEvent
                0x0010ce38        0x8 /opt/devkitpro/libctru/lib/libctru.a(svc.o)
                0x0010ce38                svcClearEvent
 .text.svcMapMemoryBlock
                0x0010ce40        0x8 /opt/devkitpro/libctru/lib/libctru.a(svc.o)
                0x0010ce40                svcMapMemoryBlock
 .text.svcUnmapMemoryBlock
                0x0010ce48        0x8 /opt/devkitpro/libctru/lib/libctru.a(svc.o)
                0x0010ce48                svcUnmapMemoryBlock
 .text.svcCreateAddressArbiter
                0x0010ce50       0x14 /opt/devkitpro/libctru/lib/libctru.a(svc.o)
                0x0010ce50                svcCreateAddressArbiter
 .text.svcArbitrateAddressNoTimeout
                0x0010ce64        0x8 /opt/devkitpro/libctru/lib/libctru.a(svc.o)
                0x0010ce64                svcArbitrateAddressNoTimeout
 .text.svcCloseHandle
                0x0010ce6c        0x8 /opt/devkitpro/libctru/lib/libctru.a(svc.o)
                0x0010ce6c                svcCloseHandle
 .text.svcWaitSynchronization
                0x0010ce74        0x8 /opt/devkitpro/libctru/lib/libctru.a(svc.o)
                0x0010ce74                svcWaitSynchronization
 .text.svcWaitSynchronizationN
                0x0010ce7c       0x28 /opt/devkitpro/libctru/lib/libctru.a(svc.o)
                0x0010ce7c                svcWaitSynchronizationN
 .text.svcDuplicateHandle
                0x0010cea4       0x14 /opt/devkitpro/libctru/lib/libctru.a(svc.o)
                0x0010cea4                svcDuplicateHandle
 .text.svcGetSystemTick
                0x0010ceb8        0x8 /opt/devkitpro/libctru/lib/libctru.a(svc.o)
                0x0010ceb8                svcGetSystemTick
 .text.svcConnectToPort
                0x0010cec0       0x14 /opt/devkitpro/libctru/lib/libctru.a(svc.o)
                0x0010cec0                svcConnectToPort
 .text.svcSendSyncRequest
                0x0010ced4        0x8 /opt/devkitpro/libctru/lib/libctru.a(svc.o)
                0x0010ced4                svcSendSyncRequest
 .text.svcGetResourceLimit
                0x0010cedc       0x14 /opt/devkitpro/libctru/lib/libctru.a(svc.o)
                0x0010cedc                svcGetResourceLimit
 .text.svcGetResourceLimitLimitValues
                0x0010cef0        0x8 /opt/devkitpro/libctru/lib/libctru.a(svc.o)
                0x0010cef0                svcGetResourceLimitLimitValues
 .text.svcGetResourceLimitCurrentValues
                0x0010cef8        0x8 /opt/devkitpro/libctru/lib/libctru.a(svc.o)
                0x0010cef8                svcGetResourceLimitCurrentValues
 .text.svcBreak
                0x0010cf00        0x8 /opt/devkitpro/libctru/lib/libctru.a(svc.o)
                0x0010cf00                svcBreak
 .text.initSystem
                0x0010cf08       0x50 /opt/devkitpro/libctru/lib/libctru.a(stack_adjust.o)
                0x0010cf08                initSystem
 .text.__ctru_exit
                0x0010cf58       0x14 /opt/devkitpro/libctru/lib/libctru.a(stack_adjust.o)
                0x0010cf58                __ctru_exit
 .text.envGetHandle
                0x0010cf6c       0x8c /opt/devkitpro/libctru/lib/libctru.a(env.o)
                0x0010cf6c                envGetHandle
 .text.envDestroyHandles
                0x0010cff8       0x50 /opt/devkitpro/libctru/lib/libctru.a(env.o)
                0x0010cff8                envDestroyHandles
 .text.srvInit  0x0010d048      0x164 /opt/devkitpro/libctru/lib/libctru.a(srv.o)
                0x0010d048                srvInit
 .text.srvExit  0x0010d1ac       0x64 /opt/devkitpro/libctru/lib/libctru.a(srv.o)
                0x0010d1ac                srvExit
 .text.srvEnableNotification
                0x0010d210       0x60 /opt/devkitpro/libctru/lib/libctru.a(srv.o)
                0x0010d210                srvEnableNotification
 .text.srvGetServiceHandleDirect
                0x0010d270       0xa0 /opt/devkitpro/libctru/lib/libctru.a(srv.o)
                0x0010d270                srvGetServiceHandleDirect
 .text.srvGetServiceHandle
                0x0010d310       0x48 /opt/devkitpro/libctru/lib/libctru.a(srv.o)
                0x0010d310                srvGetServiceHandle
 .text.srvSubscribe
                0x0010d358       0x34 /opt/devkitpro/libctru/lib/libctru.a(srv.o)
                0x0010d358                srvSubscribe
 .text.srvReceiveNotification
                0x0010d38c       0x60 /opt/devkitpro/libctru/lib/libctru.a(srv.o)
                0x0010d38c                srvReceiveNotification
 .text.srvPublishToSubscriber
                0x0010d3ec       0x38 /opt/devkitpro/libctru/lib/libctru.a(srv.o)
                0x0010d3ec                srvPublishToSubscriber
 .text.__sync_init
                0x0010d424        0xc /opt/devkitpro/libctru/lib/libctru.a(synchronization.o)
                0x0010d424                __sync_init
 .text.__sync_fini
                0x0010d430       0x18 /opt/devkitpro/libctru/lib/libctru.a(synchronization.o)
                0x0010d430                __sync_fini
 .text.syncArbitrateAddress
                0x0010d448       0x28 /opt/devkitpro/libctru/lib/libctru.a(synchronization.o)
                0x0010d448                syncArbitrateAddress
 .text.LightLock_Lock
                0x0010d470       0xac /opt/devkitpro/libctru/lib/libctru.a(synchronization.o)
                0x0010d470                LightLock_Lock
 .text.LightLock_Unlock
                0x0010d51c       0x40 /opt/devkitpro/libctru/lib/libctru.a(synchronization.o)
                0x0010d51c                LightLock_Unlock
 .text.RecursiveLock_Lock
                0x0010d55c       0x54 /opt/devkitpro/libctru/lib/libctru.a(synchronization.o)
                0x0010d55c                RecursiveLock_Lock
 .text.RecursiveLock_Unlock
                0x0010d5b0       0x54 /opt/devkitpro/libctru/lib/libctru.a(synchronization.o)
                0x0010d5b0                RecursiveLock_Unlock
 .text.LightEvent_Init
                0x0010d604       0x44 /opt/devkitpro/libctru/lib/libctru.a(synchronization.o)
                0x0010d604                LightEvent_Init
 .text.LightEvent_Clear
                0x0010d648       0xb8 /opt/devkitpro/libctru/lib/libctru.a(synchronization.o)
                0x0010d648                LightEvent_Clear
 .text.LightEvent_Signal
                0x0010d700       0xdc /opt/devkitpro/libctru/lib/libctru.a(synchronization.o)
                0x0010d700                LightEvent_Signal
 .text.LightEvent_TryWait
                0x0010d7dc       0x50 /opt/devkitpro/libctru/lib/libctru.a(synchronization.o)
                0x0010d7dc                LightEvent_TryWait
 .text.LightEvent_Wait
                0x0010d82c       0xac /opt/devkitpro/libctru/lib/libctru.a(synchronization.o)
                0x0010d82c                LightEvent_Wait
 .text.threadCreate
                0x0010d8d8      0x1fc /opt/devkitpro/libctru/lib/libctru.a(thread.o)
                0x0010d8d8                threadCreate
 .text.threadFree
                0x0010dad4       0x38 /opt/devkitpro/libctru/lib/libctru.a(thread.o)
                0x0010dad4                threadFree
 .text.threadJoin
                0x0010db0c       0x24 /opt/devkitpro/libctru/lib/libctru.a(thread.o)
                0x0010db0c                threadJoin
 .text.threadGetCurrent
                0x0010db30       0x30 /opt/devkitpro/libctru/lib/libctru.a(thread.o)
                0x0010db30                threadGetCurrent
 .text.threadExit
                0x0010db60       0x40 /opt/devkitpro/libctru/lib/libctru.a(thread.o)
                0x0010db60                threadExit
 .text._thread_begin
                0x0010dba0       0x20 /opt/devkitpro/libctru/lib/libctru.a(thread.o)
 .text.mappableFindAddressWithin
                0x0010dbc0       0x90 /opt/devkitpro/libctru/lib/libctru.a(mappable.o)
 .text.mappableInit
                0x0010dc50       0x28 /opt/devkitpro/libctru/lib/libctru.a(mappable.o)
                0x0010dc50                mappableInit
 .text.mappableAlloc
                0x0010dc78       0x7c /opt/devkitpro/libctru/lib/libctru.a(mappable.o)
                0x0010dc78                mappableAlloc
 .text.mappableFree
                0x0010dcf4        0x4 /opt/devkitpro/libctru/lib/libctru.a(mappable.o)
                0x0010dcf4                mappableFree
 .text.srvPmGetSessionHandle
                0x0010dcf8        0xc /opt/devkitpro/libctru/lib/libctru.a(srvpm.o)
                0x0010dcf8                srvPmGetSessionHandle
 .text.rbtree_node_next
                0x0010dd04       0x60 /opt/devkitpro/libctru/lib/libctru.a(rbtree_iterator.o)
                0x0010dd04                rbtree_node_next
 .text.__appExit
                0x0010dd64       0x30 /opt/devkitpro/libctru/lib/libctru.a(appExit.o)
                0x0010dd64                __appExit
 .text.__appInit
                0x0010dd94       0x30 /opt/devkitpro/libctru/lib/libctru.a(appInit.o)
                0x0010dd94                __appInit
 .text.__libctru_exit
                0x0010ddc4       0x90 /opt/devkitpro/libctru/lib/libctru.a(ctru_exit.o)
                0x0010ddc4                __libctru_exit
 .text.error_cmp
                0x0010de54       0x24 /opt/devkitpro/libctru/lib/libctru.a(archive_dev.o)
 .text.archive_translate_error
                0x0010de78       0x50 /opt/devkitpro/libctru/lib/libctru.a(archive_dev.o)
 .text.archive_seek
                0x0010dec8       0xc0 /opt/devkitpro/libctru/lib/libctru.a(archive_dev.o)
 .text._archiveInit.part.0
                0x0010df88       0x78 /opt/devkitpro/libctru/lib/libctru.a(archive_dev.o)
 .text.archiveFindDevice.part.0
                0x0010e000      0x110 /opt/devkitpro/libctru/lib/libctru.a(archive_dev.o)
 .text.archive_utf16path
                0x0010e110      0x298 /opt/devkitpro/libctru/lib/libctru.a(archive_dev.o)
 .text._archiveUnmountDeviceStruct.part.0
                0x0010e3a8       0x98 /opt/devkitpro/libctru/lib/libctru.a(archive_dev.o)
 .text._archiveMountDevice
                0x0010e440      0x178 /opt/devkitpro/libctru/lib/libctru.a(archive_dev.o)
 .text.archive_diropen
                0x0010e5b8       0xf8 /opt/devkitpro/libctru/lib/libctru.a(archive_dev.o)
 .text.archive_fstat
                0x0010e6b0       0xac /opt/devkitpro/libctru/lib/libctru.a(archive_dev.o)
 .text.archive_fsync
                0x0010e75c       0x74 /opt/devkitpro/libctru/lib/libctru.a(archive_dev.o)
 .text.archive_close
                0x0010e7d0       0x74 /opt/devkitpro/libctru/lib/libctru.a(archive_dev.o)
 .text.archive_dirclose
                0x0010e844       0x78 /opt/devkitpro/libctru/lib/libctru.a(archive_dev.o)
 .text.sdmc_statvfs
                0x0010e8bc       0xec /opt/devkitpro/libctru/lib/libctru.a(archive_dev.o)
 .text.archive_chdir
                0x0010e9a8       0xf8 /opt/devkitpro/libctru/lib/libctru.a(archive_dev.o)
 .text.archive_ftruncate
                0x0010eaa0       0x8c /opt/devkitpro/libctru/lib/libctru.a(archive_dev.o)
 .text.archive_read
                0x0010eb2c       0xbc /opt/devkitpro/libctru/lib/libctru.a(archive_dev.o)
 .text.archive_unlink
                0x0010ebe8       0xa8 /opt/devkitpro/libctru/lib/libctru.a(archive_dev.o)
 .text.archive_rmdir
                0x0010ec90       0xc0 /opt/devkitpro/libctru/lib/libctru.a(archive_dev.o)
 .text.archive_mkdir
                0x0010ed50       0xd8 /opt/devkitpro/libctru/lib/libctru.a(archive_dev.o)
 .text.archive_stat
                0x0010ee28      0x1a0 /opt/devkitpro/libctru/lib/libctru.a(archive_dev.o)
 .text.archive_dirnext
                0x0010efc8      0x164 /opt/devkitpro/libctru/lib/libctru.a(archive_dev.o)
 .text.archive_write
                0x0010f12c      0x13c /opt/devkitpro/libctru/lib/libctru.a(archive_dev.o)
 .text.archive_open
                0x0010f268      0x254 /opt/devkitpro/libctru/lib/libctru.a(archive_dev.o)
 .text.archive_rename
                0x0010f4bc      0x270 /opt/devkitpro/libctru/lib/libctru.a(archive_dev.o)
 .text.archiveMountSdmc
                0x0010f72c      0x1c8 /opt/devkitpro/libctru/lib/libctru.a(archive_dev.o)
                0x0010f72c                archiveMountSdmc
 .text.archiveUnmountAll
                0x0010f8f4       0x54 /opt/devkitpro/libctru/lib/libctru.a(archive_dev.o)
                0x0010f8f4                archiveUnmountAll
 .text.fsInit   0x0010f948      0x104 /opt/devkitpro/libctru/lib/libctru.a(fs.o)
                0x0010f948                fsInit
 .text.fsExit   0x0010fa4c       0x3c /opt/devkitpro/libctru/lib/libctru.a(fs.o)
                0x0010fa4c                fsExit
 .text.fsExemptFromSession
                0x0010fa88       0x68 /opt/devkitpro/libctru/lib/libctru.a(fs.o)
                0x0010fa88                fsExemptFromSession
 .text.fsUnexemptFromSession
                0x0010faf0       0x50 /opt/devkitpro/libctru/lib/libctru.a(fs.o)
                0x0010faf0                fsUnexemptFromSession
 .text.FSUSER_OpenFile
                0x0010fb40       0xcc /opt/devkitpro/libctru/lib/libctru.a(fs.o)
                0x0010fb40                FSUSER_OpenFile
 .text.FSUSER_DeleteFile
                0x0010fc0c       0xb8 /opt/devkitpro/libctru/lib/libctru.a(fs.o)
                0x0010fc0c                FSUSER_DeleteFile
 .text.FSUSER_RenameFile
                0x0010fcc4       0xf4 /opt/devkitpro/libctru/lib/libctru.a(fs.o)
                0x0010fcc4                FSUSER_RenameFile
 .text.FSUSER_DeleteDirectory
                0x0010fdb8       0xb8 /opt/devkitpro/libctru/lib/libctru.a(fs.o)
                0x0010fdb8                FSUSER_DeleteDirectory
 .text.FSUSER_CreateFile
                0x0010fe70       0xd0 /opt/devkitpro/libctru/lib/libctru.a(fs.o)
                0x0010fe70                FSUSER_CreateFile
 .text.FSUSER_CreateDirectory
                0x0010ff40       0xc0 /opt/devkitpro/libctru/lib/libctru.a(fs.o)
                0x0010ff40                FSUSER_CreateDirectory
 .text.FSUSER_RenameDirectory
                0x00110000       0xf4 /opt/devkitpro/libctru/lib/libctru.a(fs.o)
                0x00110000                FSUSER_RenameDirectory
 .text.FSUSER_OpenDirectory
                0x001100f4       0xb4 /opt/devkitpro/libctru/lib/libctru.a(fs.o)
                0x001100f4                FSUSER_OpenDirectory
 .text.FSUSER_OpenArchive
                0x001101a8       0x90 /opt/devkitpro/libctru/lib/libctru.a(fs.o)
                0x001101a8                FSUSER_OpenArchive
 .text.FSUSER_CloseArchive
                0x00110238       0x8c /opt/devkitpro/libctru/lib/libctru.a(fs.o)
                0x00110238                FSUSER_CloseArchive
 .text.FSUSER_GetSdmcArchiveResource
                0x001102c4       0x74 /opt/devkitpro/libctru/lib/libctru.a(fs.o)
                0x001102c4                FSUSER_GetSdmcArchiveResource
 .text.FSUSER_IsSdmcWritable
                0x00110338       0x64 /opt/devkitpro/libctru/lib/libctru.a(fs.o)
                0x00110338                FSUSER_IsSdmcWritable
 .text.FSFILE_Read
                0x0011039c       0x64 /opt/devkitpro/libctru/lib/libctru.a(fs.o)
                0x0011039c                FSFILE_Read
 .text.FSFILE_Write
                0x00110400       0x6c /opt/devkitpro/libctru/lib/libctru.a(fs.o)
                0x00110400                FSFILE_Write
 .text.FSFILE_GetSize
                0x0011046c       0x44 /opt/devkitpro/libctru/lib/libctru.a(fs.o)
                0x0011046c                FSFILE_GetSize
 .text.FSFILE_SetSize
                0x001104b0       0x28 /opt/devkitpro/libctru/lib/libctru.a(fs.o)
                0x001104b0                FSFILE_SetSize
 .text.FSFILE_Close
                0x001104d8       0x3c /opt/devkitpro/libctru/lib/libctru.a(fs.o)
                0x001104d8                FSFILE_Close
 .text.FSFILE_Flush
                0x00110514       0x24 /opt/devkitpro/libctru/lib/libctru.a(fs.o)
                0x00110514                FSFILE_Flush
 .text.FSDIR_Read
                0x00110538       0x60 /opt/devkitpro/libctru/lib/libctru.a(fs.o)
                0x00110538                FSDIR_Read
 .text.FSDIR_Close
                0x00110598       0x3c /opt/devkitpro/libctru/lib/libctru.a(fs.o)
                0x00110598                FSDIR_Close
 .text.decode_utf8
                0x001105d4      0x140 /opt/devkitpro/libctru/lib/libctru.a(decode_utf8.o)
                0x001105d4                decode_utf8
 .text.utf16_to_utf8
                0x00110714       0xe8 /opt/devkitpro/libctru/lib/libctru.a(utf16_to_utf8.o)
                0x00110714                utf16_to_utf8
 .text.utf8_to_utf16
                0x001107fc       0xc0 /opt/devkitpro/libctru/lib/libctru.a(utf8_to_utf16.o)
                0x001107fc                utf8_to_utf16
 .text.__aeabi_read_tp
                0x001108bc        0xc /opt/devkitpro/libctru/lib/libctru.a(readtp.o)
                0x001108bc                __aeabi_read_tp
 .text.decode_utf16
                0x001108c8       0x54 /opt/devkitpro/libctru/lib/libctru.a(decode_utf16.o)
                0x001108c8                decode_utf16
 .text.encode_utf16
                0x0011091c       0x54 /opt/devkitpro/libctru/lib/libctru.a(encode_utf16.o)
                0x0011091c                encode_utf16
 .text.encode_utf8
                0x00110970       0xe0 /opt/devkitpro/libctru/lib/libctru.a(encode_utf8.o)
                0x00110970                encode_utf8
 .text.__udivmoddi4
                0x00110a50      0x130 /opt/devkitpro/devkitARM/lib/gcc/arm-none-eabi/15.2.0/armv6k/fpu/libgcc.a(_udivmoddi4.o)
                0x00110a50                __udivmoddi4
 .text.strncat  0x00110b80       0xe4 /opt/devkitpro/devkitARM/lib/gcc/arm-none-eabi/15.2.0/../../../../arm-none-eabi/lib/armv6k/fpu/libg.a(libc_a-strncat.o)
                0x00110b80                strncat
 .text.rand     0x00110c64       0x44 /opt/devkitpro/devkitARM/lib/gcc/arm-none-eabi/15.2.0/../../../../arm-none-eabi/lib/armv6k/fpu/libg.a(libc_a-rand.o)
                0x00110c64                rand
 .text.memcpy   0x00110ca8      0x128 /opt/devkitpro/devkitARM/lib/gcc/arm-none-eabi/15.2.0/../../../../arm-none-eabi/lib/armv6k/fpu/libg.a(libc_a-memcpy-stub.o)
                0x00110ca8                memcpy
 .text.strlen   0x00110dd0       0x8c /opt/devkitpro/devkitARM/lib/gcc/arm-none-eabi/15.2.0/../../../../arm-none-eabi/lib/armv6k/fpu/libg.a(libc_a-strlen.o)
                0x00110dd0                strlen
 .text.bsearch  0x00110e5c       0x78 /opt/devkitpro/devkitARM/lib/gcc/arm-none-eabi/15.2.0/../../../../arm-none-eabi/lib/armv6k/fpu/libg.a(libc_a-bsearch.o)
                0x00110e5c                bsearch
 .text.memalign
                0x00110ed4       0x28 /opt/devkitpro/devkitARM/lib/gcc/arm-none-eabi/15.2.0/../../../../arm-none-eabi/lib/armv6k/fpu/libg.a(libc_a-malign.o)
                0x00110ed4                memalign
 .text.printf   0x00110efc       0x34 /opt/devkitpro/devkitARM/lib/gcc/arm-none-eabi/15.2.0/../../../../arm-none-eabi/lib/armv6k/fpu/libg.a(libc_a-printf.o)
                0x00110efc                printf
 .text._strtoul_l.isra.0
                0x00110f30      0x1ec /opt/devkitpro/devkitARM/lib/gcc/arm-none-eabi/15.2.0/../../../../arm-none-eabi/lib/armv6k/fpu/libg.a(libc_a-strtoul.o)
 .text.strtoul  0x0011111c       0x3c /opt/devkitpro/devkitARM/lib/gcc/arm-none-eabi/15.2.0/../../../../arm-none-eabi/lib/armv6k/fpu/libg.a(libc_a-strtoul.o)
                0x0011111c                strtoul
 .text.calloc   0x00111158       0x28 /opt/devkitpro/devkitARM/lib/gcc/arm-none-eabi/15.2.0/../../../../arm-none-eabi/lib/armv6k/fpu/libg.a(libc_a-calloc.o)
                0x00111158                calloc
 .text._memalign_r
                0x00111180      0x16c /opt/devkitpro/devkitARM/lib/gcc/arm-none-eabi/15.2.0/../../../../arm-none-eabi/lib/armv6k/fpu/libg.a(libc_a-malignr.o)
                0x00111180                _memalign_r
 .text.__errno  0x001112ec        0xc /opt/devkitpro/devkitARM/lib/gcc/arm-none-eabi/15.2.0/../../../../arm-none-eabi/lib/armv6k/fpu/libg.a(libc_a-errno.o)
                0x001112ec                __errno
 .text.memset   0x001112f8       0xe4 /opt/devkitpro/devkitARM/lib/gcc/arm-none-eabi/15.2.0/../../../../arm-none-eabi/lib/armv6k/fpu/libg.a(libc_a-memset.o)
                0x001112f8                memset
 .text._calloc_r
                0x001113dc       0xd8 /opt/devkitpro/devkitARM/lib/gcc/arm-none-eabi/15.2.0/../../../../arm-none-eabi/lib/armv6k/fpu/libg.a(libc_a-callocr.o)
                0x001113dc                _calloc_r
 .text.__sflush_r
                0x001114b4      0x22c /opt/devkitpro/devkitARM/lib/gcc/arm-none-eabi/15.2.0/../../../../arm-none-eabi/lib/armv6k/fpu/libg.a(libc_a-fflush.o)
                0x001114b4                __sflush_r
 .text._fflush_r
                0x001116e0       0xc4 /opt/devkitpro/devkitARM/lib/gcc/arm-none-eabi/15.2.0/../../../../arm-none-eabi/lib/armv6k/fpu/libg.a(libc_a-fflush.o)
                0x001116e0                _fflush_r
 .text._malloc_r
                0x001117a4      0x82c /opt/devkitpro/devkitARM/lib/gcc/arm-none-eabi/15.2.0/../../../../arm-none-eabi/lib/armv6k/fpu/libg.a(libc_a-mallocr.o)
                0x001117a4                _malloc_r
 .text._malloc_trim_r
                0x00111fd0      0x114 /opt/devkitpro/devkitARM/lib/gcc/arm-none-eabi/15.2.0/../../../../arm-none-eabi/lib/armv6k/fpu/libg.a(libc_a-freer.o)
                0x00111fd0                _malloc_trim_r
 .text._free_r  0x001120e4      0x314 /opt/devkitpro/devkitARM/lib/gcc/arm-none-eabi/15.2.0/../../../../arm-none-eabi/lib/armv6k/fpu/libg.a(libc_a-freer.o)
                0x001120e4                _free_r
 .text.setvbuf  0x001123f8      0x294 /opt/devkitpro/devkitARM/lib/gcc/arm-none-eabi/15.2.0/../../../../arm-none-eabi/lib/armv6k/fpu/libg.a(libc_a-setvbuf.o)
                0x001123f8                setvbuf
 .text.stdio_exit_handler
                0x0011268c       0x1c /opt/devkitpro/devkitARM/lib/gcc/arm-none-eabi/15.2.0/../../../../arm-none-eabi/lib/armv6k/fpu/libg.a(libc_a-findfp.o)
 .text.cleanup_stdio
                0x001126a8       0x5c /opt/devkitpro/devkitARM/lib/gcc/arm-none-eabi/15.2.0/../../../../arm-none-eabi/lib/armv6k/fpu/libg.a(libc_a-findfp.o)
 .text.global_stdio_init.part.0
                0x00112704      0x154 /opt/devkitpro/devkitARM/lib/gcc/arm-none-eabi/15.2.0/../../../../arm-none-eabi/lib/armv6k/fpu/libg.a(libc_a-findfp.o)
 .text.__sinit  0x00112858       0x5c /opt/devkitpro/devkitARM/lib/gcc/arm-none-eabi/15.2.0/../../../../arm-none-eabi/lib/armv6k/fpu/libg.a(libc_a-findfp.o)
                0x00112858                __sinit
 .text.__sfp_lock_acquire
                0x001128b4        0xc /opt/devkitpro/devkitARM/lib/gcc/arm-none-eabi/15.2.0/../../../../arm-none-eabi/lib/armv6k/fpu/libg.a(libc_a-findfp.o)
                0x001128b4                __sfp_lock_acquire
 .text.__sfp_lock_release
                0x001128c0        0xc /opt/devkitpro/devkitARM/lib/gcc/arm-none-eabi/15.2.0/../../../../arm-none-eabi/lib/armv6k/fpu/libg.a(libc_a-findfp.o)
                0x001128c0                __sfp_lock_release
 .text.__libc_init_array
                0x001128cc       0x84 /opt/devkitpro/devkitARM/lib/gcc/arm-none-eabi/15.2.0/../../../../arm-none-eabi/lib/armv6k/fpu/libg.a(libc_a-init.o)
                0x001128cc                __libc_init_array
 .text.strncpy  0x00112950       0xd4 /opt/devkitpro/devkitARM/lib/gcc/arm-none-eabi/15.2.0/../../../../arm-none-eabi/lib/armv6k/fpu/libg.a(libc_a-strncpy.o)
                0x00112950                strncpy
 .text.malloc   0x00112a24       0x40 /opt/devkitpro/devkitARM/lib/gcc/arm-none-eabi/15.2.0/../../../../arm-none-eabi/lib/armv6k/fpu/libg.a(libc_a-malloc.o)
                0x00112a24                malloc
 .text.free     0x00112a64       0x20 /opt/devkitpro/devkitARM/lib/gcc/arm-none-eabi/15.2.0/../../../../arm-none-eabi/lib/armv6k/fpu/libg.a(libc_a-malloc.o)
                0x00112a64                free
 .text.__sread  0x00112a84       0x44 /opt/devkitpro/devkitARM/lib/gcc/arm-none-eabi/15.2.0/../../../../arm-none-eabi/lib/armv6k/fpu/libg.a(libc_a-stdio.o)
                0x00112a84                __sread
 .text.__swrite
                0x00112ac8       0x68 /opt/devkitpro/devkitARM/lib/gcc/arm-none-eabi/15.2.0/../../../../arm-none-eabi/lib/armv6k/fpu/libg.a(libc_a-stdio.o)
                0x00112ac8                __swrite
 .text.__sseek  0x00112b30       0x40 /opt/devkitpro/devkitARM/lib/gcc/arm-none-eabi/15.2.0/../../../../arm-none-eabi/lib/armv6k/fpu/libg.a(libc_a-stdio.o)
                0x00112b30                __sseek
 .text.__sclose
                0x00112b70        0x8 /opt/devkitpro/devkitARM/lib/gcc/arm-none-eabi/15.2.0/../../../../arm-none-eabi/lib/armv6k/fpu/libg.a(libc_a-stdio.o)
                0x00112b70                __sclose
 .text.__malloc_lock
                0x00112b78        0xc /opt/devkitpro/devkitARM/lib/gcc/arm-none-eabi/15.2.0/../../../../arm-none-eabi/lib/armv6k/fpu/libg.a(libc_a-mlock.o)
                0x00112b78                __malloc_lock
 .text.__malloc_unlock
                0x00112b84        0xc /opt/devkitpro/devkitARM/lib/gcc/arm-none-eabi/15.2.0/../../../../arm-none-eabi/lib/armv6k/fpu/libg.a(libc_a-mlock.o)
                0x00112b84                __malloc_unlock
 .text._fclose_r
                0x00112b90      0x148 /opt/devkitpro/devkitARM/lib/gcc/arm-none-eabi/15.2.0/../../../../arm-none-eabi/lib/armv6k/fpu/libg.a(libc_a-fclose.o)
                0x00112b90                _fclose_r
 .text.__call_exitprocs
                0x00112cd8        0x4 /opt/devkitpro/devkitARM/lib/gcc/arm-none-eabi/15.2.0/../../../../arm-none-eabi/lib/armv6k/fpu/libg.a(libc_a-exit.o)
                0x00112cd8                __call_exitprocs
 .text.exit     0x00112cdc       0x30 /opt/devkitpro/devkitARM/lib/gcc/arm-none-eabi/15.2.0/../../../../arm-none-eabi/lib/armv6k/fpu/libg.a(libc_a-exit.o)
                0x00112cdc                exit
 .text.__libc_fini_array
                0x00112d0c       0x3c /opt/devkitpro/devkitARM/lib/gcc/arm-none-eabi/15.2.0/../../../../arm-none-eabi/lib/armv6k/fpu/libg.a(libc_a-fini.o)
                0x00112d0c                __libc_fini_array
 .text.strnlen  0x00112d48       0x3c /opt/devkitpro/devkitARM/lib/gcc/arm-none-eabi/15.2.0/../../../../arm-none-eabi/lib/armv6k/fpu/libg.a(libc_a-strnlen.o)
                0x00112d48                strnlen
 .text.strncmp  0x00112d84       0xd8 /opt/devkitpro/devkitARM/lib/gcc/arm-none-eabi/15.2.0/../../../../arm-none-eabi/lib/armv6k/fpu/libg.a(libc_a-strncmp.o)
                0x00112d84                strncmp
 .text._fwalk_sglue
                0x00112e5c       0x70 /opt/devkitpro/devkitARM/lib/gcc/arm-none-eabi/15.2.0/../../../../arm-none-eabi/lib/armv6k/fpu/libg.a(libc_a-fwalk.o)
                0x00112e5c                _fwalk_sglue
 .text.get_arg  0x00112ecc      0x5e0 /opt/devkitpro/devkitARM/lib/gcc/arm-none-eabi/15.2.0/../../../../arm-none-eabi/lib/armv6k/fpu/libg.a(libc_a-vfprintf.o)
 *fill*         0x001134ac        0x4 
 .text._vfprintf_r
                0x001134b0     0x3554 /opt/devkitpro/devkitARM/lib/gcc/arm-none-eabi/15.2.0/../../../../arm-none-eabi/lib/armv6k/fpu/libg.a(libc_a-vfprintf.o)
                0x001134b0                _vfprintf_r
 .text.__sbprintf
                0x00116a04       0xb4 /opt/devkitpro/devkitARM/lib/gcc/arm-none-eabi/15.2.0/../../../../arm-none-eabi/lib/armv6k/fpu/libg.a(libc_a-vfprintf.o)
 .text._wcrtomb_r
                0x00116ab8       0xa0 /opt/devkitpro/devkitARM/lib/gcc/arm-none-eabi/15.2.0/../../../../arm-none-eabi/lib/armv6k/fpu/libg.a(libc_a-wcrtomb.o)
                0x00116ab8                _wcrtomb_r
 .text.__smakebuf_r
                0x00116b58      0x164 /opt/devkitpro/devkitARM/lib/gcc/arm-none-eabi/15.2.0/../../../../arm-none-eabi/lib/armv6k/fpu/libg.a(libc_a-makebuf.o)
                0x00116b58                __smakebuf_r
 .text.__swhatbuf_r
                0x00116cbc       0x90 /opt/devkitpro/devkitARM/lib/gcc/arm-none-eabi/15.2.0/../../../../arm-none-eabi/lib/armv6k/fpu/libg.a(libc_a-makebuf.o)
                0x00116cbc                __swhatbuf_r
 .text.__locale_mb_cur_max
                0x00116d4c       0x24 /opt/devkitpro/devkitARM/lib/gcc/arm-none-eabi/15.2.0/../../../../arm-none-eabi/lib/armv6k/fpu/libg.a(libc_a-locale.o)
                0x00116d4c                __locale_mb_cur_max
 .text.__sprint_r
                0x00116d70       0x30 /opt/devkitpro/devkitARM/lib/gcc/arm-none-eabi/15.2.0/../../../../arm-none-eabi/lib/armv6k/fpu/libg.a(libc_a-sprint_r.o)
                0x00116d70                __sprint_r
 .text.quorem   0x00116da0      0x1c0 /opt/devkitpro/devkitARM/lib/gcc/arm-none-eabi/15.2.0/../../../../arm-none-eabi/lib/armv6k/fpu/libg.a(libc_a-dtoa.o)
 .text._dtoa_r  0x00116f60     0x1420 /opt/devkitpro/devkitARM/lib/gcc/arm-none-eabi/15.2.0/../../../../arm-none-eabi/lib/armv6k/fpu/libg.a(libc_a-dtoa.o)
                0x00116f60                _dtoa_r
 .text.memchr   0x00118380       0xe8 /opt/devkitpro/devkitARM/lib/gcc/arm-none-eabi/15.2.0/../../../../arm-none-eabi/lib/armv6k/fpu/libg.a(libc_a-memchr-stub.o)
                0x00118380                memchr
 .text._wcsrtombs_r
                0x00118468       0x28 /opt/devkitpro/devkitARM/lib/gcc/arm-none-eabi/15.2.0/../../../../arm-none-eabi/lib/armv6k/fpu/libg.a(libc_a-wcsrtombs.o)
                0x00118468                _wcsrtombs_r
 .text.__swsetup_r
                0x00118490      0x140 /opt/devkitpro/devkitARM/lib/gcc/arm-none-eabi/15.2.0/../../../../arm-none-eabi/lib/armv6k/fpu/libg.a(libc_a-wsetup.o)
                0x00118490                __swsetup_r
 .text._localeconv_r
                0x001185d0       0x24 /opt/devkitpro/devkitARM/lib/gcc/arm-none-eabi/15.2.0/../../../../arm-none-eabi/lib/armv6k/fpu/libg.a(libc_a-localeconv.o)
                0x001185d0                _localeconv_r
 .text.__utf8_wctomb
                0x001185f4       0xf8 /opt/devkitpro/devkitARM/lib/gcc/arm-none-eabi/15.2.0/../../../../arm-none-eabi/lib/armv6k/fpu/libg.a(libc_a-wctomb_r.o)
                0x001185f4                __utf8_wctomb
 .text._wcsnrtombs_l
                0x001186ec      0x15c /opt/devkitpro/devkitARM/lib/gcc/arm-none-eabi/15.2.0/../../../../arm-none-eabi/lib/armv6k/fpu/libg.a(libc_a-wcsnrtombs.o)
                0x001186ec                _wcsnrtombs_l
 .text._wcsnrtombs_r
                0x00118848       0x64 /opt/devkitpro/devkitARM/lib/gcc/arm-none-eabi/15.2.0/../../../../arm-none-eabi/lib/armv6k/fpu/libg.a(libc_a-wcsnrtombs.o)
                0x00118848                _wcsnrtombs_r
 *fill*         0x001188ac        0x4 
 .text.frexp    0x001188b0       0x88 /opt/devkitpro/devkitARM/lib/gcc/arm-none-eabi/15.2.0/../../../../arm-none-eabi/lib/armv6k/fpu/libg.a(libm_a-s_frexp.o)
                0x001188b0                frexp
 .text.__assert_func
                0x00118938       0x5c /opt/devkitpro/devkitARM/lib/gcc/arm-none-eabi/15.2.0/../../../../arm-none-eabi/lib/armv6k/fpu/libg.a(libc_a-assert.o)
                0x00118938                __assert_func
 .text._Balloc  0x00118994       0x88 /opt/devkitpro/devkitARM/lib/gcc/arm-none-eabi/15.2.0/../../../../arm-none-eabi/lib/armv6k/fpu/libg.a(libc_a-mprec.o)
                0x00118994                _Balloc
 .text._Bfree   0x00118a1c       0x1c /opt/devkitpro/devkitARM/lib/gcc/arm-none-eabi/15.2.0/../../../../arm-none-eabi/lib/armv6k/fpu/libg.a(libc_a-mprec.o)
                0x00118a1c                _Bfree
 .text.__multadd
                0x00118a38       0xf4 /opt/devkitpro/devkitARM/lib/gcc/arm-none-eabi/15.2.0/../../../../arm-none-eabi/lib/armv6k/fpu/libg.a(libc_a-mprec.o)
                0x00118a38                __multadd
 .text.__hi0bits
                0x00118b2c       0x80 /opt/devkitpro/devkitARM/lib/gcc/arm-none-eabi/15.2.0/../../../../arm-none-eabi/lib/armv6k/fpu/libg.a(libc_a-mprec.o)
                0x00118b2c                __hi0bits
 .text.__lo0bits
                0x00118bac       0xf0 /opt/devkitpro/devkitARM/lib/gcc/arm-none-eabi/15.2.0/../../../../arm-none-eabi/lib/armv6k/fpu/libg.a(libc_a-mprec.o)
                0x00118bac                __lo0bits
 .text.__i2b    0x00118c9c       0xa4 /opt/devkitpro/devkitARM/lib/gcc/arm-none-eabi/15.2.0/../../../../arm-none-eabi/lib/armv6k/fpu/libg.a(libc_a-mprec.o)
                0x00118c9c                __i2b
 .text.__multiply
                0x00118d40      0x230 /opt/devkitpro/devkitARM/lib/gcc/arm-none-eabi/15.2.0/../../../../arm-none-eabi/lib/armv6k/fpu/libg.a(libc_a-mprec.o)
                0x00118d40                __multiply
 .text.__pow5mult
                0x00118f70      0x130 /opt/devkitpro/devkitARM/lib/gcc/arm-none-eabi/15.2.0/../../../../arm-none-eabi/lib/armv6k/fpu/libg.a(libc_a-mprec.o)
                0x00118f70                __pow5mult
 .text.__lshift
                0x001190a0      0x138 /opt/devkitpro/devkitARM/lib/gcc/arm-none-eabi/15.2.0/../../../../arm-none-eabi/lib/armv6k/fpu/libg.a(libc_a-mprec.o)
                0x001190a0                __lshift
 .text.__mcmp   0x001191d8       0x58 /opt/devkitpro/devkitARM/lib/gcc/arm-none-eabi/15.2.0/../../../../arm-none-eabi/lib/armv6k/fpu/libg.a(libc_a-mprec.o)
                0x001191d8                __mcmp
 .text.__mdiff  0x00119230      0x218 /opt/devkitpro/devkitARM/lib/gcc/arm-none-eabi/15.2.0/../../../../arm-none-eabi/lib/armv6k/fpu/libg.a(libc_a-mprec.o)
                0x00119230                __mdiff
 .text.__d2b    0x00119448      0x120 /opt/devkitpro/devkitARM/lib/gcc/arm-none-eabi/15.2.0/../../../../arm-none-eabi/lib/armv6k/fpu/libg.a(libc_a-mprec.o)
                0x00119448                __d2b
 .text.__utf8_mbtowc
                0x00119568      0x340 /opt/devkitpro/devkitARM/lib/gcc/arm-none-eabi/15.2.0/../../../../arm-none-eabi/lib/armv6k/fpu/libg.a(libc_a-mbtowc_r.o)
                0x00119568                __utf8_mbtowc
 .text.fiprintf
                0x001198a8       0x3c /opt/devkitpro/devkitARM/lib/gcc/arm-none-eabi/15.2.0/../../../../arm-none-eabi/lib/armv6k/fpu/libg.a(libc_a-fiprintf.o)
                0x001198a8                fiprintf
 .text.__sfvwrite_r
                0x001198e4      0x4a4 /opt/devkitpro/devkitARM/lib/gcc/arm-none-eabi/15.2.0/../../../../arm-none-eabi/lib/armv6k/fpu/libg.a(libc_a-fvwrite.o)
                0x001198e4                __sfvwrite_r
 .text.strchr   0x00119d88      0x140 /opt/devkitpro/devkitARM/lib/gcc/arm-none-eabi/15.2.0/../../../../arm-none-eabi/lib/armv6k/fpu/libg.a(libc_a-strchr.o)
                0x00119d88                strchr
 .text.abort    0x00119ec8       0x14 /opt/devkitpro/devkitARM/lib/gcc/arm-none-eabi/15.2.0/../../../../arm-none-eabi/lib/armv6k/fpu/libg.a(libc_a-abort.o)
                0x00119ec8                abort
 .text.memmove  0x00119edc      0x1a8 /opt/devkitpro/devkitARM/lib/gcc/arm-none-eabi/15.2.0/../../../../arm-none-eabi/lib/armv6k/fpu/libg.a(libc_a-memmove.o)
                0x00119edc                memmove
 .text._realloc_r
                0x0011a084      0x4f0 /opt/devkitpro/devkitARM/lib/gcc/arm-none-eabi/15.2.0/../../../../arm-none-eabi/lib/armv6k/fpu/libg.a(libc_a-reallocr.o)
                0x0011a084                _realloc_r
 .text.get_arg  0x0011a574      0x5e0 /opt/devkitpro/devkitARM/lib/gcc/arm-none-eabi/15.2.0/../../../../arm-none-eabi/lib/armv6k/fpu/libg.a(libc_a-vfiprintf.o)
 .text._vfiprintf_r
                0x0011ab54     0x22f8 /opt/devkitpro/devkitARM/lib/gcc/arm-none-eabi/15.2.0/../../../../arm-none-eabi/lib/armv6k/fpu/libg.a(libc_a-vfiprintf.o)
                0x0011ab54                _vfiprintf_r
 .text.__sbprintf
                0x0011ce4c       0xb4 /opt/devkitpro/devkitARM/lib/gcc/arm-none-eabi/15.2.0/../../../../arm-none-eabi/lib/armv6k/fpu/libg.a(libc_a-vfiprintf.o)
 .text._raise_r
                0x0011cf00       0x9c /opt/devkitpro/devkitARM/lib/gcc/arm-none-eabi/15.2.0/../../../../arm-none-eabi/lib/armv6k/fpu/libg.a(libc_a-signal.o)
                0x0011cf00                _raise_r
 .text.raise    0x0011cf9c       0x20 /opt/devkitpro/devkitARM/lib/gcc/arm-none-eabi/15.2.0/../../../../arm-none-eabi/lib/armv6k/fpu/libg.a(libc_a-signal.o)
                0x0011cf9c                raise
 .text._exit    0x0011cfbc       0x20 /opt/devkitpro/devkitARM/lib/gcc/arm-none-eabi/15.2.0/../../../../arm-none-eabi/lib/armv6k/fpu/libsysbase.a(libsysbase_libsysbase_a-_exit.o)
                0x0011cfbc                _exit
 .text.chdir    0x0011cfdc      0x140 /opt/devkitpro/devkitARM/lib/gcc/arm-none-eabi/15.2.0/../../../../arm-none-eabi/lib/armv6k/fpu/libsysbase.a(libsysbase_libsysbase_a-chdir.o)
                0x0011cfdc                chdir
 .text._concatenate_path
                0x0011d11c      0x1c8 /opt/devkitpro/devkitARM/lib/gcc/arm-none-eabi/15.2.0/../../../../arm-none-eabi/lib/armv6k/fpu/libsysbase.a(libsysbase_libsysbase_a-concatenate.o)
                0x0011d11c                _concatenate_path
 .text._fstat_r
                0x0011d2e4       0x9c /opt/devkitpro/devkitARM/lib/gcc/arm-none-eabi/15.2.0/../../../../arm-none-eabi/lib/armv6k/fpu/libsysbase.a(libsysbase_libsysbase_a-fstat.o)
                0x0011d2e4                _fstat_r
 .text._getpid_r
                0x0011d380       0x14 /opt/devkitpro/devkitARM/lib/gcc/arm-none-eabi/15.2.0/../../../../arm-none-eabi/lib/armv6k/fpu/libsysbase.a(libsysbase_libsysbase_a-getpid.o)
                0x0011d380                _getpid_r
 .text.__getreent
                0x0011d394       0x2c /opt/devkitpro/devkitARM/lib/gcc/arm-none-eabi/15.2.0/../../../../arm-none-eabi/lib/armv6k/fpu/libsysbase.a(libsysbase_libsysbase_a-getreent.o)
                0x0011d394                __getreent
 .text.__get_handle
                0x0011d3c0       0x58 /opt/devkitpro/devkitARM/lib/gcc/arm-none-eabi/15.2.0/../../../../arm-none-eabi/lib/armv6k/fpu/libsysbase.a(libsysbase_libsysbase_a-handle_manager.o)
                0x0011d3c0                __get_handle
 .text._close_r
                0x0011d418      0x110 /opt/devkitpro/devkitARM/lib/gcc/arm-none-eabi/15.2.0/../../../../arm-none-eabi/lib/armv6k/fpu/libsysbase.a(libsysbase_libsysbase_a-handle_manager.o)
                0x0011d418                _close_r
 .text.null_write
                0x0011d528        0x8 /opt/devkitpro/devkitARM/lib/gcc/arm-none-eabi/15.2.0/../../../../arm-none-eabi/lib/armv6k/fpu/libsysbase.a(libsysbase_libsysbase_a-iosupport.o)
 .text.setDefaultDevice
                0x0011d530       0x18 /opt/devkitpro/devkitARM/lib/gcc/arm-none-eabi/15.2.0/../../../../arm-none-eabi/lib/armv6k/fpu/libsysbase.a(libsysbase_libsysbase_a-iosupport.o)
                0x0011d530                setDefaultDevice
 .text.FindDevice
                0x0011d548       0x98 /opt/devkitpro/devkitARM/lib/gcc/arm-none-eabi/15.2.0/../../../../arm-none-eabi/lib/armv6k/fpu/libsysbase.a(libsysbase_libsysbase_a-iosupport.o)
                0x0011d548                FindDevice
 .text.RemoveDevice
                0x0011d5e0       0x24 /opt/devkitpro/devkitARM/lib/gcc/arm-none-eabi/15.2.0/../../../../arm-none-eabi/lib/armv6k/fpu/libsysbase.a(libsysbase_libsysbase_a-iosupport.o)
                0x0011d5e0                RemoveDevice
 .text.AddDevice
                0x0011d604       0x88 /opt/devkitpro/devkitARM/lib/gcc/arm-none-eabi/15.2.0/../../../../arm-none-eabi/lib/armv6k/fpu/libsysbase.a(libsysbase_libsysbase_a-iosupport.o)
                0x0011d604                AddDevice
 .text.GetDeviceOpTab
                0x0011d68c       0x20 /opt/devkitpro/devkitARM/lib/gcc/arm-none-eabi/15.2.0/../../../../arm-none-eabi/lib/armv6k/fpu/libsysbase.a(libsysbase_libsysbase_a-iosupport.o)
                0x0011d68c                GetDeviceOpTab
 .text._isatty_r
                0x0011d6ac        0x8 /opt/devkitpro/devkitARM/lib/gcc/arm-none-eabi/15.2.0/../../../../arm-none-eabi/lib/armv6k/fpu/libsysbase.a(libsysbase_libsysbase_a-isatty.o)
                0x0011d6ac                _isatty_r
 .text._kill_r  0x0011d6b4       0x14 /opt/devkitpro/devkitARM/lib/gcc/arm-none-eabi/15.2.0/../../../../arm-none-eabi/lib/armv6k/fpu/libsysbase.a(libsysbase_libsysbase_a-kill.o)
                0x0011d6b4                _kill_r
 .text._lseek_r
                0x0011d6c8       0x94 /opt/devkitpro/devkitARM/lib/gcc/arm-none-eabi/15.2.0/../../../../arm-none-eabi/lib/armv6k/fpu/libsysbase.a(libsysbase_libsysbase_a-lseek.o)
                0x0011d6c8                _lseek_r
 .text._read_r  0x0011d75c       0x94 /opt/devkitpro/devkitARM/lib/gcc/arm-none-eabi/15.2.0/../../../../arm-none-eabi/lib/armv6k/fpu/libsysbase.a(libsysbase_libsysbase_a-read.o)
                0x0011d75c                _read_r
 .text._sbrk_r  0x0011d7f0       0x78 /opt/devkitpro/devkitARM/lib/gcc/arm-none-eabi/15.2.0/../../../../arm-none-eabi/lib/armv6k/fpu/libsysbase.a(libsysbase_libsysbase_a-sbrk.o)
                0x0011d7f0                _sbrk_r
 .text.__libc_lock_acquire
                0x0011d868       0x1c /opt/devkitpro/devkitARM/lib/gcc/arm-none-eabi/15.2.0/../../../../arm-none-eabi/lib/armv6k/fpu/libsysbase.a(libsysbase_libsysbase_a-syscall_support.o)
                0x0011d868                __libc_lock_acquire
 .text.__libc_lock_release
                0x0011d884       0x1c /opt/devkitpro/devkitARM/lib/gcc/arm-none-eabi/15.2.0/../../../../arm-none-eabi/lib/armv6k/fpu/libsysbase.a(libsysbase_libsysbase_a-syscall_support.o)
                0x0011d884                __libc_lock_release
 .text.__libc_lock_acquire_recursive
                0x0011d8a0       0x1c /opt/devkitpro/devkitARM/lib/gcc/arm-none-eabi/15.2.0/../../../../arm-none-eabi/lib/armv6k/fpu/libsysbase.a(libsysbase_libsysbase_a-syscall_support.o)
                0x0011d8a0                __libc_lock_acquire_recursive
 .text.__libc_lock_release_recursive
                0x0011d8bc       0x1c /opt/devkitpro/devkitARM/lib/gcc/arm-none-eabi/15.2.0/../../../../arm-none-eabi/lib/armv6k/fpu/libsysbase.a(libsysbase_libsysbase_a-syscall_support.o)
                0x0011d8bc                __libc_lock_release_recursive
 .text._write_r
                0x0011d8d8       0x94 /opt/devkitpro/devkitARM/lib/gcc/arm-none-eabi/15.2.0/../../../../arm-none-eabi/lib/armv6k/fpu/libsysbase.a(libsysbase_libsysbase_a-write.o)
                0x0011d8d8                _write_r
 .text.strrchr  0x0011d96c       0x48 /opt/devkitpro/devkitARM/lib/gcc/arm-none-eabi/15.2.0/../../../../arm-none-eabi/lib/armv6k/fpu/libg.a(libc_a-strrchr.o)
                0x0011d96c                strrchr
 *(.glue_7)
 .glue_7        0x0011d9b4        0x0 linker stubs
 *(.glue_7t)
 .glue_7t       0x0011d9b4        0x0 linker stubs
 *(.stub)
 *(.gnu.warning)
 *(.gnu.linkonce.t*)
                0x0011d9b4                        . = ALIGN (0x4)
 *(.fini)
 .fini          0x0011d9b4        0xc /opt/devkitpro/devkitARM/lib/gcc/arm-none-eabi/15.2.0/armv6k/fpu/crti.o
                0x0011d9b4                _fini
 .fini          0x0011d9c0        0xc /opt/devkitpro/devkitARM/lib/gcc/arm-none-eabi/15.2.0/armv6k/fpu/crtn.o
                0x0011d9cc                        . = ALIGN (0x4)

.vfp11_veneer   0x0011d9cc        0x0
 .vfp11_veneer  0x0011d9cc        0x0 linker stubs

.v4_bx          0x0011d9cc        0x0
 .v4_bx         0x0011d9cc        0x0 linker stubs

.iplt           0x0011d9cc        0x0
 .iplt          0x0011d9cc        0x0 /opt/devkitpro/devkitARM/lib/gcc/arm-none-eabi/15.2.0/../../../../arm-none-eabi/lib/armv6k/fpu/3dsx_crt0.o
                0x0011e000                        . = ALIGN (0x1000)

.rodata         0x0011e000     0x16f0
 *(.rodata)
 .rodata        0x0011e000        0xc /opt/devkitpro/libctru/lib/libctru.a(archive_dev.o)
 *(.roda)
 *(.rodata.*)
 .rodata.str1.4
                0x0011e00c      0x26d main.o
                                 0x28 (size before relaxing)
 .rodata.C2D_Init.str1.4
                0x0011e279        0x0 /opt/devkitpro/libctru/lib/libcitro2d.a(base.o)
                                 0x10 (size before relaxing)
 *fill*         0x0011e279        0x3 
 .rodata.render2d_shbin
                0x0011e27c      0x190 /opt/devkitpro/libctru/lib/libcitro2d.a(render2d.shbin.o)
                0x0011e27c                render2d_shbin
                0x0011e408                render2d_shbin_size
                0x0011e408                render2d_shbin_end
 .rodata.depthFmtSizes
                0x0011e40c        0x4 /opt/devkitpro/libctru/lib/libcitro3d.a(framebuffer.o)
 .rodata.colorFmtSizes
                0x0011e410        0x5 /opt/devkitpro/libctru/lib/libcitro3d.a(framebuffer.o)
 *fill*         0x0011e415        0x3 
 .rodata.CSWTCH.11
                0x0011e418       0x10 /opt/devkitpro/libctru/lib/libcitro3d.a(proctex.o)
 .rodata.consolePrintChar
                0x0011e428        0x6 /opt/devkitpro/libctru/lib/libctru.a(console.o)
 .rodata.con_write
                0x0011e42e      0x23c /opt/devkitpro/libctru/lib/libctru.a(console.o)
 .rodata.str1.4
                0x0011e66a        0x0 /opt/devkitpro/libctru/lib/libctru.a(console.o)
                                 0x10 (size before relaxing)
 *fill*         0x0011e66a        0x2 
 .rodata.dotab_stdout
                0x0011e66c       0x80 /opt/devkitpro/libctru/lib/libctru.a(console.o)
 .rodata.grayScale
                0x0011e6ec       0x18 /opt/devkitpro/libctru/lib/libctru.a(console.o)
 .rodata.colorCube
                0x0011e704        0x6 /opt/devkitpro/libctru/lib/libctru.a(console.o)
 *fill*         0x0011e70a        0x2 
 .rodata.colorTable
                0x0011e70c       0x30 /opt/devkitpro/libctru/lib/libctru.a(console.o)
 .rodata.DVLE_GenerateOutmap.part.0
                0x0011e73c        0x9 /opt/devkitpro/libctru/lib/libctru.a(shbin.o)
 .rodata.aptEventHandler
                0x0011e745        0xb /opt/devkitpro/libctru/lib/libctru.a(apt.o)
 .rodata.aptWaitForWakeUp.isra.0
                0x0011e750       0x11 /opt/devkitpro/libctru/lib/libctru.a(apt.o)
 *fill*         0x0011e761        0x3 
 .rodata.morton_y.2
                0x0011e764        0x8 /opt/devkitpro/libctru/lib/libctru.a(apt.o)
 .rodata.morton_x.3
                0x0011e76c        0x8 /opt/devkitpro/libctru/lib/libctru.a(apt.o)
 .rodata.s_sleepWakeEvents.4
                0x0011e774        0x8 /opt/devkitpro/libctru/lib/libctru.a(apt.o)
 .rodata.str1.4
                0x0011e77c        0x0 /opt/devkitpro/libctru/lib/libctru.a(apt.o)
                                 0x16 (size before relaxing)
 .rodata.serviceNameTable.5
                0x0011e77c        0xc /opt/devkitpro/libctru/lib/libctru.a(apt.o)
 .rodata.gspInit.str1.4
                0x0011e788        0x0 /opt/devkitpro/libctru/lib/libctru.a(gspgpu.o)
                                  0x9 (size before relaxing)
 .rodata.hidInit.str1.4
                0x0011e788        0x0 /opt/devkitpro/libctru/lib/libctru.a(hid.o)
                                 0x15 (size before relaxing)
 .rodata.irrstInit.str1.4
                0x0011e788        0x0 /opt/devkitpro/libctru/lib/libctru.a(irrst.o)
                                  0x7 (size before relaxing)
 .rodata.ptmSysmInit.str1.4
                0x0011e788        0x0 /opt/devkitpro/libctru/lib/libctru.a(ptmsysm.o)
                                  0x9 (size before relaxing)
 .rodata.__system_initArgv.str1.4
                0x0011e788        0x0 /opt/devkitpro/libctru/lib/libctru.a(initArgv.o)
                                  0xa (size before relaxing)
 .rodata.default_font_bin
                0x0011e788      0x800 /opt/devkitpro/libctru/lib/libctru.a(default_font.bin.o)
                0x0011e788                default_font_bin
                0x0011ef88                default_font_bin_end
 .rodata.srvInit.str1.4
                0x0011ef88        0x0 /opt/devkitpro/libctru/lib/libctru.a(srv.o)
                                  0x5 (size before relaxing)
 .rodata.archive_utf16path.str1.4
                0x0011ef88        0x0 /opt/devkitpro/libctru/lib/libctru.a(archive_dev.o)
                                  0x2 (size before relaxing)
 .rodata._archiveUnmountDeviceStruct.part.0.str1.4
                0x0011ef88        0x0 /opt/devkitpro/libctru/lib/libctru.a(archive_dev.o)
                                  0x2 (size before relaxing)
 .rodata._archiveMountDevice.str1.4
                0x0011ef88        0x0 /opt/devkitpro/libctru/lib/libctru.a(archive_dev.o)
                                  0xc (size before relaxing)
 .rodata.archiveMountSdmc.str1.4
                0x0011ef88        0x0 /opt/devkitpro/libctru/lib/libctru.a(archive_dev.o)
                                  0x5 (size before relaxing)
 .rodata.error_table
                0x0011ef88       0x30 /opt/devkitpro/libctru/lib/libctru.a(archive_dev.o)
 .rodata.str1.4
                0x0011efb8        0x0 /opt/devkitpro/libctru/lib/libctru.a(archive_dev.o)
                                  0x8 (size before relaxing)
 .rodata.archive_devoptab
                0x0011efb8       0x80 /opt/devkitpro/libctru/lib/libctru.a(archive_dev.o)
 .rodata.fsInit.str1.4
                0x0011f038        0x0 /opt/devkitpro/libctru/lib/libctru.a(fs.o)
                                  0x8 (size before relaxing)
 .rodata._ctype_
                0x0011f038      0x101 /opt/devkitpro/devkitARM/lib/gcc/arm-none-eabi/15.2.0/../../../../arm-none-eabi/lib/armv6k/fpu/libg.a(libc_a-ctype_.o)
                0x0011f038                _ctype_
 *fill*         0x0011f139        0x1 
 .rodata.get_arg
                0x0011f13a       0x34 /opt/devkitpro/devkitARM/lib/gcc/arm-none-eabi/15.2.0/../../../../arm-none-eabi/lib/armv6k/fpu/libg.a(libc_a-vfprintf.o)
 .rodata._vfprintf_r.str1.1
                0x0011f16e       0x3b /opt/devkitpro/devkitARM/lib/gcc/arm-none-eabi/15.2.0/../../../../arm-none-eabi/lib/armv6k/fpu/libg.a(libc_a-vfprintf.o)
 *fill*         0x0011f1a9        0x1 
 .rodata._vfprintf_r
                0x0011f1aa       0xb6 /opt/devkitpro/devkitARM/lib/gcc/arm-none-eabi/15.2.0/../../../../arm-none-eabi/lib/armv6k/fpu/libg.a(libc_a-vfprintf.o)
 .rodata.zeroes.0
                0x0011f260       0x10 /opt/devkitpro/devkitARM/lib/gcc/arm-none-eabi/15.2.0/../../../../arm-none-eabi/lib/armv6k/fpu/libg.a(libc_a-vfprintf.o)
 .rodata.blanks.1
                0x0011f270       0x10 /opt/devkitpro/devkitARM/lib/gcc/arm-none-eabi/15.2.0/../../../../arm-none-eabi/lib/armv6k/fpu/libg.a(libc_a-vfprintf.o)
 .rodata.__action_table
                0x0011f280       0x6c /opt/devkitpro/devkitARM/lib/gcc/arm-none-eabi/15.2.0/../../../../arm-none-eabi/lib/armv6k/fpu/libg.a(libc_a-svfiprintf.o)
                0x0011f280                __action_table
 .rodata.__state_table
                0x0011f2ec       0x6c /opt/devkitpro/devkitARM/lib/gcc/arm-none-eabi/15.2.0/../../../../arm-none-eabi/lib/armv6k/fpu/libg.a(libc_a-svfiprintf.o)
                0x0011f2ec                __state_table
 .rodata.__chclass
                0x0011f358      0x100 /opt/devkitpro/devkitARM/lib/gcc/arm-none-eabi/15.2.0/../../../../arm-none-eabi/lib/armv6k/fpu/libg.a(libc_a-svfiprintf.o)
                0x0011f358                __chclass
 .rodata.str1.4
                0x0011f458        0x0 /opt/devkitpro/devkitARM/lib/gcc/arm-none-eabi/15.2.0/../../../../arm-none-eabi/lib/armv6k/fpu/libg.a(libc_a-locale.o)
                                 0x4c (size before relaxing)
 .rodata._dtoa_r.str1.4
                0x0011f458        0x0 /opt/devkitpro/devkitARM/lib/gcc/arm-none-eabi/15.2.0/../../../../arm-none-eabi/lib/armv6k/fpu/libg.a(libc_a-dtoa.o)
                                 0x9c (size before relaxing)
 .rodata._dtoa_r
                0x0011f458        0x8 /opt/devkitpro/devkitARM/lib/gcc/arm-none-eabi/15.2.0/../../../../arm-none-eabi/lib/armv6k/fpu/libg.a(libc_a-dtoa.o)
 .rodata.__assert_func.str1.4
                0x0011f460        0x0 /opt/devkitpro/devkitARM/lib/gcc/arm-none-eabi/15.2.0/../../../../arm-none-eabi/lib/armv6k/fpu/libg.a(libc_a-assert.o)
                                 0x43 (size before relaxing)
 .rodata.__multadd.str1.4
                0x0011f460        0x0 /opt/devkitpro/devkitARM/lib/gcc/arm-none-eabi/15.2.0/../../../../arm-none-eabi/lib/armv6k/fpu/libg.a(libc_a-mprec.o)
                                 0x89 (size before relaxing)
 .rodata.p05.0  0x0011f460        0xc /opt/devkitpro/devkitARM/lib/gcc/arm-none-eabi/15.2.0/../../../../arm-none-eabi/lib/armv6k/fpu/libg.a(libc_a-mprec.o)
 *fill*         0x0011f46c        0x4 
 .rodata.__mprec_bigtens
                0x0011f470       0x28 /opt/devkitpro/devkitARM/lib/gcc/arm-none-eabi/15.2.0/../../../../arm-none-eabi/lib/armv6k/fpu/libg.a(libc_a-mprec.o)
                0x0011f470                __mprec_bigtens
 .rodata.__mprec_tens